started_utc=2026-07-22T19:27:28.088613805Z
command= /home/qinhaiyan/glm52-goal-runs/24-tp_allreduce_reachability/kernel-harness/serving_native/run.sh tp4_allreduce_prefill --execution-mode eager --stream default --warmup 3 --repeat 10 --output /tmp/tp_allreduce_reachability_20260722T192433Z/semantics/tp4_allreduce_prefill.eager.default.json
timeout_seconds=1800

*****************************************
Setting OMP_NUM_THREADS environment variable for each process to be 1 in default, to avoid your system being overloaded, please further tune the variable for optimal performance in your application as needed. 
*****************************************
/home/qinhaiyan/glm52-goal-runs/24-tp_allreduce_reachability/kernel-harness/.venv/lib/python3.12/site-packages/torch/distributed/c10d_logger.py:83: UserWarning: barrier(): using the device under current context. You can specify `device_id` in `init_process_group` to mute this warning.
  return func(*args, **kwargs)
[rank0]:[W722 19:27:43.878050778 ProcessGroupNCCL.cpp:5188] Guessing device ID based on global rank. This can cause a hang if rank to GPU mapping is heterogeneous. You can specify device_id in init_process_group()
{
  "all_reduce_trace": {
    "enabled": false,
    "evidence_valid": null,
    "failure_counts_by_rank": null,
    "measurement_instrumented": false,
    "paths_by_rank": null,
    "replay_limitation": "Python observes eager dispatch or CUDA graph capture only; CUDA graph replay does not re-enter this hook. Correlate stable kernel names in an Nsight Systems trace to prove replay execution."
  },
  "allreduce": {
    "candidate_capture_context_by_rank": null,
    "candidate_contract_by_rank": null,
    "exact_oracle": "hash[row,col]=(37*(row%127)+17*(col%127)+13*(row%127)*(col%127))%127; base_variant=((hash+shift)%127)-63 for shifts [0,31]; source=base+2*rank-(world_size-1); expected=world_size*base",
    "message_bytes": 100663296,
    "reference_contract_by_rank": [
      {
        "exact_values": true,
        "local_poststate": "reduced",
        "output": {
          "device": "cuda:0",
          "dtype": "torch.bfloat16",
          "shape": [
            8192,
            6144
          ],
          "stride": [
            6144,
            1
          ]
        },
        "output_aliases_local": true,
        "source_immutable": true
      },
      {
        "exact_values": true,
        "local_poststate": "reduced",
        "output": {
          "device": "cuda:1",
          "dtype": "torch.bfloat16",
          "shape": [
            8192,
            6144
          ],
          "stride": [
            6144,
            1
          ]
        },
        "output_aliases_local": true,
        "source_immutable": true
      },
      {
        "exact_values": true,
        "local_poststate": "reduced",
        "output": {
          "device": "cuda:2",
          "dtype": "torch.bfloat16",
          "shape": [
            8192,
            6144
          ],
          "stride": [
            6144,
            1
          ]
        },
        "output_aliases_local": true,
        "source_immutable": true
      },
      {
        "exact_values": true,
        "local_poststate": "reduced",
        "output": {
          "device": "cuda:3",
          "dtype": "torch.bfloat16",
          "shape": [
            8192,
            6144
          ],
          "stride": [
            6144,
            1
          ]
        },
        "output_aliases_local": true,
        "source_immutable": true
      }
    ],
    "reference_dispatch_by_rank": [
      {
        "communicators": {
          "custom": {
            "algorithm": "TWO_SHOT_PULL",
            "class": "sglang.srt.distributed.device_communicators.custom_all_reduce_v2.CustomAllReduceV2",
            "fields": {
              "config": "ModeConfig(one_shot_push_threshold=2097152, one_shot_pull_threshold=2097152)",
              "disabled": "False",
              "max_size": "16777216",
              "override_algo": "None",
              "rank": "0",
              "tms_cudagraph": "False",
              "world_size": "4"
            },
            "python_id": 134993507387248,
            "should_custom_ar": {
              "value": false
            }
          },
          "pymscclpp": {
            "should_mscclpp_allreduce": {
              "value": false
            }
          },
          "pynccl": {
            "class": "sglang.srt.distributed.device_communicators.pynccl.PyNcclCommunicator",
            "fields": {
              "disabled": "True",
              "rank": "0",
              "world_size": "4"
            },
            "python_id": 134993507395504,
            "symmetric_pool_enabled": {
              "value": false
            }
          },
          "quick": {
            "should_quick_allreduce": {
              "value": false
            }
          },
          "torch_symmetric_memory": {
            "should_torch_symm_mem_allreduce": {
              "value": false
            }
          }
        },
        "dtype": "torch.bfloat16",
        "execution_mode": "eager",
        "group_name": "tp:0",
        "group_ranks": [
          0,
          1,
          2,
          3
        ],
        "local_size": 0,
        "message_bytes": 100663296,
        "phase": "eager",
        "predicted_reference_algorithm": "SUM",
        "predicted_reference_backend": "torch_distributed_inplace",
        "rank": 0,
        "shape": [
          8192,
          6144
        ],
        "stream": {
          "cuda_stream": 0,
          "requested": "default"
        },
        "stride": [
          6144,
          1
        ],
        "world_size": 4
      },
      {
        "communicators": {
          "custom": {
            "algorithm": "TWO_SHOT_PULL",
            "class": "sglang.srt.distributed.device_communicators.custom_all_reduce_v2.CustomAllReduceV2",
            "fields": {
              "config": "ModeConfig(one_shot_push_threshold=2097152, one_shot_pull_threshold=2097152)",
              "disabled": "False",
              "max_size": "16777216",
              "override_algo": "None",
              "rank": "1",
              "tms_cudagraph": "False",
              "world_size": "4"
            },
            "python_id": 137542437261424,
            "should_custom_ar": {
              "value": false
            }
          },
          "pymscclpp": {
            "should_mscclpp_allreduce": {
              "value": false
            }
          },
          "pynccl": {
            "class": "sglang.srt.distributed.device_communicators.pynccl.PyNcclCommunicator",
            "fields": {
              "disabled": "True",
              "rank": "1",
              "world_size": "4"
            },
            "python_id": 137542497413712,
            "symmetric_pool_enabled": {
              "value": false
            }
          },
          "quick": {
            "should_quick_allreduce": {
              "value": false
            }
          },
          "torch_symmetric_memory": {
            "should_torch_symm_mem_allreduce": {
              "value": false
            }
          }
        },
        "dtype": "torch.bfloat16",
        "execution_mode": "eager",
        "group_name": "tp:0",
        "group_ranks": [
          0,
          1,
          2,
          3
        ],
        "local_size": 0,
        "message_bytes": 100663296,
        "phase": "eager",
        "predicted_reference_algorithm": "SUM",
        "predicted_reference_backend": "torch_distributed_inplace",
        "rank": 1,
        "shape": [
          8192,
          6144
        ],
        "stream": {
          "cuda_stream": 0,
          "requested": "default"
        },
        "stride": [
          6144,
          1
        ],
        "world_size": 4
      },
      {
        "communicators": {
          "custom": {
            "algorithm": "TWO_SHOT_PULL",
            "class": "sglang.srt.distributed.device_communicators.custom_all_reduce_v2.CustomAllReduceV2",
            "fields": {
              "config": "ModeConfig(one_shot_push_threshold=2097152, one_shot_pull_threshold=2097152)",
              "disabled": "False",
              "max_size": "16777216",
              "override_algo": "None",
              "rank": "2",
              "tms_cudagraph": "False",
              "world_size": "4"
            },
            "python_id": 124150322425456,
            "should_custom_ar": {
              "value": false
            }
          },
          "pymscclpp": {
            "should_mscclpp_allreduce": {
              "value": false
            }
          },
          "pynccl": {
            "class": "sglang.srt.distributed.device_communicators.pynccl.PyNcclCommunicator",
            "fields": {
              "disabled": "True",
              "rank": "2",
              "world_size": "4"
            },
            "python_id": 124150261036288,
            "symmetric_pool_enabled": {
              "value": false
            }
          },
          "quick": {
            "should_quick_allreduce": {
              "value": false
            }
          },
          "torch_symmetric_memory": {
            "should_torch_symm_mem_allreduce": {
              "value": false
            }
          }
        },
        "dtype": "torch.bfloat16",
        "execution_mode": "eager",
        "group_name": "tp:0",
        "group_ranks": [
          0,
          1,
          2,
          3
        ],
        "local_size": 0,
        "message_bytes": 100663296,
        "phase": "eager",
        "predicted_reference_algorithm": "SUM",
        "predicted_reference_backend": "torch_distributed_inplace",
        "rank": 2,
        "shape": [
          8192,
          6144
        ],
        "stream": {
          "cuda_stream": 0,
          "requested": "default"
        },
        "stride": [
          6144,
          1
        ],
        "world_size": 4
      },
      {
        "communicators": {
          "custom": {
            "algorithm": "TWO_SHOT_PULL",
            "class": "sglang.srt.distributed.device_communicators.custom_all_reduce_v2.CustomAllReduceV2",
            "fields": {
              "config": "ModeConfig(one_shot_push_threshold=2097152, one_shot_pull_threshold=2097152)",
              "disabled": "False",
              "max_size": "16777216",
              "override_algo": "None",
              "rank": "3",
              "tms_cudagraph": "False",
              "world_size": "4"
            },
            "python_id": 140378568249504,
            "should_custom_ar": {
              "value": false
            }
          },
          "pymscclpp": {
            "should_mscclpp_allreduce": {
              "value": false
            }
          },
          "pynccl": {
            "class": "sglang.srt.distributed.device_communicators.pynccl.PyNcclCommunicator",
            "fields": {
              "disabled": "True",
              "rank": "3",
              "world_size": "4"
            },
            "python_id": 140378523910992,
            "symmetric_pool_enabled": {
              "value": false
            }
          },
          "quick": {
            "should_quick_allreduce": {
              "value": false
            }
          },
          "torch_symmetric_memory": {
            "should_torch_symm_mem_allreduce": {
              "value": false
            }
          }
        },
        "dtype": "torch.bfloat16",
        "execution_mode": "eager",
        "group_name": "tp:0",
        "group_ranks": [
          0,
          1,
          2,
          3
        ],
        "local_size": 0,
        "message_bytes": 100663296,
        "phase": "eager",
        "predicted_reference_algorithm": "SUM",
        "predicted_reference_backend": "torch_distributed_inplace",
        "rank": 3,
        "shape": [
          8192,
          6144
        ],
        "stream": {
          "cuda_stream": 0,
          "requested": "default"
        },
        "stride": [
          6144,
          1
        ],
        "world_size": 4
      }
    ]
  },
  "candidate": null,
  "correctness": {
    "alternating_input_variants": 2,
    "candidate_state_guarded": false,
    "exact_full_checks": "before and after timing",
    "exact_full_tensor_consumer": "every warmup and measured sample",
    "exact_position_probe": "every warmup and measured sample",
    "passed": true,
    "validation_errors_aggregated_over_tp_cpu_group": true
  },
  "disposition": "tp4_reference_characterization_only",
  "environment": {
    "device": {
      "capability": [
        10,
        0
      ],
      "name": "NVIDIA B200",
      "rank": 0,
      "total_memory": 191490555904
    },
    "device_by_rank": [
      {
        "capability": [
          10,
          0
        ],
        "name": "NVIDIA B200",
        "rank": 0,
        "total_memory": 191490555904
      },
      {
        "capability": [
          10,
          0
        ],
        "name": "NVIDIA B200",
        "rank": 1,
        "total_memory": 191490555904
      },
      {
        "capability": [
          10,
          0
        ],
        "name": "NVIDIA B200",
        "rank": 2,
        "total_memory": 191490555904
      },
      {
        "capability": [
          10,
          0
        ],
        "name": "NVIDIA B200",
        "rank": 3,
        "total_memory": 191490555904
      }
    ],
    "env": {
      "CUDA_VISIBLE_DEVICES": "0,1,2,3",
      "NCCL_ALGO": null,
      "NCCL_PROTO": null,
      "SGLANG_ALL_REDUCE_TRACE": null,
      "SGLANG_GLM52_OPT": "0",
      "SGLANG_OPT_USE_CUSTOM_ALL_REDUCE_V2": null,
      "SGLANG_ROOT": "/home/qinhaiyan/glm52-goal-runs/24-tp_allreduce_reachability/sglang"
    },
    "kernel_harness_git": {
      "branch": "goal/glm52-prod-24-tp_allreduce_reachability",
      "dirty": false,
      "root": "/home/qinhaiyan/glm52-goal-runs/24-tp_allreduce_reachability/kernel-harness",
      "sha": "bea4a8cd294a84f2d305cd023eb3fed281de4b1e",
      "status": []
    },
    "packages": {
      "flashinfer": {
        "path": "/mnt/OS-oKqEXySb/home/qinhaiyan/miniconda3/envs/sglang/lib/python3.12/site-packages/flashinfer/__init__.py",
        "version": "0.6.12"
      },
      "sgl_kernel": {
        "path": "/mnt/OS-oKqEXySb/home/qinhaiyan/miniconda3/envs/sglang/lib/python3.12/site-packages/sgl_kernel/__init__.py",
        "version": "0.4.4"
      },
      "sglang": {
        "path": "/home/qinhaiyan/glm52-goal-runs/24-tp_allreduce_reachability/sglang/python/sglang/__init__.py",
        "version": "0.5.15"
      },
      "torch": {
        "cuda": "13.0",
        "nccl": [
          2,
          28,
          9
        ],
        "path": "/mnt/OS-oKqEXySb/home/qinhaiyan/miniconda3/envs/sglang/lib/python3.12/site-packages/torch/__init__.py",
        "version": "2.11.0+cu130"
      },
      "triton": {
        "path": "/mnt/OS-oKqEXySb/home/qinhaiyan/miniconda3/envs/sglang/lib/python3.12/site-packages/triton/__init__.py",
        "version": "3.6.0"
      }
    },
    "python": "/home/qinhaiyan/glm52-goal-runs/24-tp_allreduce_reachability/kernel-harness/.venv/bin/python",
    "python_version": "3.12.13 | packaged by Anaconda, Inc. | (main, Jul  9 2026, 14:38:16) [GCC 14.3.0]",
    "sglang_git": {
      "branch": "goal/glm52-prod-24-tp_allreduce_reachability",
      "dirty": false,
      "root": "/home/qinhaiyan/glm52-goal-runs/24-tp_allreduce_reachability/sglang",
      "sha": "a91928c6f713d69722176a8d13781367e9b78dc4",
      "status": []
    }
  },
  "execution": {
    "cuda_stream": 0,
    "default_to_execution_waits_outside_timing": 3,
    "mode": "eager",
    "nvtx_measurement_range": "serving_native/tp4_allreduce_prefill/eager/default/reference",
    "nvtx_rank_synchronization": "rank 0 push after a TP CPU-group barrier; all ranks wait at a second barrier before measurement and before rank 0 pop",
    "stream": "default"
  },
  "gate": {
    "candidate_present": false,
    "metric": "paired ready-region rank-max p50 speedup",
    "minimum_speedup": 1.03,
    "passed": null,
    "performance_eligible": true,
    "stock_fallback_active": true
  },
  "production_acceptance": "This direct TP4 callable is not proof of the GLM serving caller/ABI and cannot be relabeled as TP8 evidence.",
  "raw_samples": {
    "alignment_policy": {
      "accepted_pair_attempts": 10,
      "admission_fields": [
        "scheduled_start_arrival_ns_by_rank",
        "scheduled_start_target_ns_by_rank",
        "start_record_bracket_ns_by_rank",
        "start_record_envelope_span_ns"
      ],
      "initial_input_variant": 0,
      "latency_fields_excluded": true,
      "max_pair_attempts": 10,
      "next_input_variant": 0,
      "rejected_pair_attempts": 4,
      "requested_logical_pairs": 10,
      "start_record_envelope_limit_ns": 500000,
      "total_pair_attempts": 14
    },
    "candidate": null,
    "measured_order": [
      [
        "reference"
      ],
      [
        "reference"
      ],
      [
        "reference"
      ],
      [
        "reference"
      ],
      [
        "reference"
      ],
      [
        "reference"
      ],
      [
        "reference"
      ],
      [
        "reference"
      ],
      [
        "reference"
      ],
      [
        "reference"
      ]
    ],
    "measurement_attempts": [
      {
        "accepted": true,
        "attempt_id": 0,
        "logical_pair_index": 0,
        "order": [
          "reference"
        ],
        "rejection_reasons": [],
        "retry_ordinal": 0,
        "samples": {
          "reference": {
            "collective_only": {
              "local_ms": 0.6473280191421509,
              "rank_max_ms": 0.6517120003700256,
              "rank_ms": [
                0.6473280191421509,
                0.5270079970359802,
                0.6461439728736877,
                0.6517120003700256
              ]
            },
            "pair_attempt_id": 0,
            "pair_retry_ordinal": 0,
            "position": 0,
            "readiness_probe_exact": true,
            "ready_region": {
              "local_ms": 0.6872320175170898,
              "rank_max_ms": 0.6914880275726318,
              "rank_ms": [
                0.6872320175170898,
                0.566976010799408,
                0.6871039867401123,
                0.6914880275726318
              ]
            },
            "sample_index": 0,
            "scheduled_start_arrival_ns_by_rank": [
              744567311051236,
              744567310921259,
              744567311410378,
              744567310755223
            ],
            "scheduled_start_target_ns_by_rank": [
              744567316410378,
              744567316410378,
              744567316410378,
              744567316410378
            ],
            "start_record_bracket_ns_by_rank": [
              [
                744567316411237,
                744567316454709
              ],
              [
                744567316432775,
                744567316478092
              ],
              [
                744567316411398,
                744567316457759
              ],
              [
                744567316410950,
                744567316444587
              ]
            ],
            "start_record_envelope_span_ns": 67142,
            "variant": 0
          }
        },
        "variant": 0
      },
      {
        "accepted": true,
        "attempt_id": 1,
        "logical_pair_index": 1,
        "order": [
          "reference"
        ],
        "rejection_reasons": [],
        "retry_ordinal": 0,
        "samples": {
          "reference": {
            "collective_only": {
              "local_ms": 0.6399679780006409,
              "rank_max_ms": 0.9220160245895386,
              "rank_ms": [
                0.6399679780006409,
                0.5097280144691467,
                0.6209279894828796,
                0.9220160245895386
              ]
            },
            "pair_attempt_id": 1,
            "pair_retry_ordinal": 0,
            "position": 0,
            "readiness_probe_exact": true,
            "ready_region": {
              "local_ms": 0.6799359917640686,
              "rank_max_ms": 0.9619200229644775,
              "rank_ms": [
                0.6799359917640686,
                0.5496960282325745,
                0.659775972366333,
                0.9619200229644775
              ]
            },
            "sample_index": 1,
            "scheduled_start_arrival_ns_by_rank": [
              744567321898743,
              744567322146300,
              744567322057882,
              744567321538337
            ],
            "scheduled_start_target_ns_by_rank": [
              744567327146300,
              744567327146300,
              744567327146300,
              744567327146300
            ],
            "start_record_bracket_ns_by_rank": [
              [
                744567327463277,
                744567327513418
              ],
              [
                744567327494960,
                744567327545264
              ],
              [
                744567327489259,
                744567327538739
              ],
              [
                744567327147380,
                744567327228948
              ]
            ],
            "start_record_envelope_span_ns": 397884,
            "variant": 1
          }
        },
        "variant": 1
      },
      {
        "accepted": true,
        "attempt_id": 2,
        "logical_pair_index": 2,
        "order": [
          "reference"
        ],
        "rejection_reasons": [],
        "retry_ordinal": 0,
        "samples": {
          "reference": {
            "collective_only": {
              "local_ms": 0.6244159936904907,
              "rank_max_ms": 0.6244159936904907,
              "rank_ms": [
                0.6244159936904907,
                0.5178239941596985,
                0.6224960088729858,
                0.6229119896888733
              ]
            },
            "pair_attempt_id": 2,
            "pair_retry_ordinal": 0,
            "position": 0,
            "readiness_probe_exact": true,
            "ready_region": {
              "local_ms": 0.6643840074539185,
              "rank_max_ms": 0.6643840074539185,
              "rank_ms": [
                0.6643840074539185,
                0.5577920079231262,
                0.6614720225334167,
                0.6638399958610535
              ]
            },
            "sample_index": 2,
            "scheduled_start_arrival_ns_by_rank": [
              744567334761357,
              744567334980642,
              744567335099763,
              744567334965425
            ],
            "scheduled_start_target_ns_by_rank": [
              744567340099763,
              744567340099763,
              744567340099763,
              744567340099763
            ],
            "start_record_bracket_ns_by_rank": [
              [
                744567340100790,
                744567340147211
              ],
              [
                744567340100890,
                744567340146153
              ],
              [
                744567340100811,
                744567340142561
              ],
              [
                744567340100843,
                744567340142592
              ]
            ],
            "start_record_envelope_span_ns": 46421,
            "variant": 0
          }
        },
        "variant": 0
      },
      {
        "accepted": true,
        "attempt_id": 3,
        "logical_pair_index": 3,
        "order": [
          "reference"
        ],
        "rejection_reasons": [],
        "retry_ordinal": 0,
        "samples": {
          "reference": {
            "collective_only": {
              "local_ms": 0.618943989276886,
              "rank_max_ms": 0.6213120222091675,
              "rank_ms": [
                0.618943989276886,
                0.5176640152931213,
                0.6213120222091675,
                0.6159359812736511
              ]
            },
            "pair_attempt_id": 3,
            "pair_retry_ordinal": 0,
            "position": 0,
            "readiness_probe_exact": true,
            "ready_region": {
              "local_ms": 0.6588159799575806,
              "rank_max_ms": 0.6602240204811096,
              "rank_ms": [
                0.6588159799575806,
                0.5567039847373962,
                0.6602240204811096,
                0.6558399796485901
              ]
            },
            "sample_index": 3,
            "scheduled_start_arrival_ns_by_rank": [
              744567346523075,
              744567347240887,
              744567346833270,
              744567346665890
            ],
            "scheduled_start_target_ns_by_rank": [
              744567352240887,
              744567352240887,
              744567352240887,
              744567352240887
            ],
            "start_record_bracket_ns_by_rank": [
              [
                744567352242198,
                744567352292778
              ],
              [
                744567352242262,
                744567352291355
              ],
              [
                744567352241879,
                744567352292164
              ],
              [
                744567352241934,
                744567352290959
              ]
            ],
            "start_record_envelope_span_ns": 50899,
            "variant": 1
          }
        },
        "variant": 1
      },
      {
        "accepted": true,
        "attempt_id": 4,
        "logical_pair_index": 4,
        "order": [
          "reference"
        ],
        "rejection_reasons": [],
        "retry_ordinal": 0,
        "samples": {
          "reference": {
            "collective_only": {
              "local_ms": 0.6898559927940369,
              "rank_max_ms": 0.7155200242996216,
              "rank_ms": [
                0.6898559927940369,
                0.6153920292854309,
                0.7155200242996216,
                0.7137280106544495
              ]
            },
            "pair_attempt_id": 4,
            "pair_retry_ordinal": 0,
            "position": 0,
            "readiness_probe_exact": true,
            "ready_region": {
              "local_ms": 0.7678080201148987,
              "rank_max_ms": 0.7678080201148987,
              "rank_ms": [
                0.7678080201148987,
                0.6563839912414551,
                0.7564799785614014,
                0.7545599937438965
              ]
            },
            "sample_index": 4,
            "scheduled_start_arrival_ns_by_rank": [
              744567359756418,
              744567359848217,
              744567359459289,
              744567359315804
            ],
            "scheduled_start_target_ns_by_rank": [
              744567364848217,
              744567364848217,
              744567364848217,
              744567364848217
            ],
            "start_record_bracket_ns_by_rank": [
              [
                744567364852606,
                744567364934275
              ],
              [
                744567364849097,
                744567364904465
              ],
              [
                744567364849084,
                744567364899786
              ],
              [
                744567364849578,
                744567364901102
              ]
            ],
            "start_record_envelope_span_ns": 85191,
            "variant": 0
          }
        },
        "variant": 0
      },
      {
        "accepted": true,
        "attempt_id": 5,
        "logical_pair_index": 5,
        "order": [
          "reference"
        ],
        "rejection_reasons": [],
        "retry_ordinal": 0,
        "samples": {
          "reference": {
            "collective_only": {
              "local_ms": 0.6013439893722534,
              "rank_max_ms": 0.6108160018920898,
              "rank_ms": [
                0.6013439893722534,
                0.5063999891281128,
                0.6108160018920898,
                0.6061440110206604
              ]
            },
            "pair_attempt_id": 5,
            "pair_retry_ordinal": 0,
            "position": 0,
            "readiness_probe_exact": true,
            "ready_region": {
              "local_ms": 0.6413120031356812,
              "rank_max_ms": 0.650879979133606,
              "rank_ms": [
                0.6413120031356812,
                0.547327995300293,
                0.650879979133606,
                0.6460800170898438
              ]
            },
            "sample_index": 5,
            "scheduled_start_arrival_ns_by_rank": [
              744567372466791,
              744567372557659,
              744567372410571,
              744567372203885
            ],
            "scheduled_start_target_ns_by_rank": [
              744567377557659,
              744567377557659,
              744567377557659,
              744567377557659
            ],
            "start_record_bracket_ns_by_rank": [
              [
                744567377558940,
                744567377614051
              ],
              [
                744567377558734,
                744567377604669
              ],
              [
                744567377558482,
                744567377603769
              ],
              [
                744567377558620,
                744567377603310
              ]
            ],
            "start_record_envelope_span_ns": 55569,
            "variant": 1
          }
        },
        "variant": 1
      },
      {
        "accepted": false,
        "attempt_id": 6,
        "logical_pair_index": 6,
        "order": [
          "reference"
        ],
        "rejection_reasons": [
          {
            "limit_ns": 500000,
            "side": "reference",
            "start_record_envelope_span_ns": 663246
          }
        ],
        "retry_ordinal": 0,
        "samples": {
          "reference": {
            "collective_only": {
              "local_ms": 0.47916799783706665,
              "rank_max_ms": 1.0261759757995605,
              "rank_ms": [
                0.47916799783706665,
                0.9932799935340881,
                1.0261759757995605,
                0.7672640085220337
              ]
            },
            "pair_attempt_id": 6,
            "pair_retry_ordinal": 0,
            "position": 0,
            "readiness_probe_exact": true,
            "ready_region": {
              "local_ms": 0.5189759731292725,
              "rank_max_ms": 1.0667200088500977,
              "rank_ms": [
                0.5189759731292725,
                1.0340800285339355,
                1.0667200088500977,
                0.8072959780693054
              ]
            },
            "sample_index": 6,
            "scheduled_start_arrival_ns_by_rank": [
              744567384484532,
              744567384533278,
              744567384584669,
              744567384147268
            ],
            "scheduled_start_target_ns_by_rank": [
              744567389584669,
              744567389584669,
              744567389584669,
              744567389584669
            ],
            "start_record_bracket_ns_by_rank": [
              [
                744567390320018,
                744567390369116
              ],
              [
                744567389705870,
                744567389755038
              ],
              [
                744567389769628,
                744567389819148
              ],
              [
                744567390033299,
                744567390082433
              ]
            ],
            "start_record_envelope_span_ns": 663246,
            "variant": 0
          }
        },
        "variant": 0
      },
      {
        "accepted": true,
        "attempt_id": 7,
        "logical_pair_index": 6,
        "order": [
          "reference"
        ],
        "rejection_reasons": [],
        "retry_ordinal": 1,
        "samples": {
          "reference": {
            "collective_only": {
              "local_ms": 0.5158399939537048,
              "rank_max_ms": 0.8794559836387634,
              "rank_ms": [
                0.5158399939537048,
                0.7786239981651306,
                0.7799680233001709,
                0.8794559836387634
              ]
            },
            "pair_attempt_id": 7,
            "pair_retry_ordinal": 1,
            "position": 0,
            "readiness_probe_exact": true,
            "ready_region": {
              "local_ms": 0.5557439923286438,
              "rank_max_ms": 0.9180480241775513,
              "rank_ms": [
                0.5557439923286438,
                0.8185920119285583,
                0.8190400004386902,
                0.9180480241775513
              ]
            },
            "sample_index": 6,
            "scheduled_start_arrival_ns_by_rank": [
              744567396629746,
              744567396320528,
              744567395796773,
              744567396591899
            ],
            "scheduled_start_target_ns_by_rank": [
              744567401629746,
              744567401629746,
              744567401629746,
              744567401629746
            ],
            "start_record_bracket_ns_by_rank": [
              [
                744567401968561,
                744567402053548
              ],
              [
                744567401630760,
                744567401682905
              ],
              [
                744567401733940,
                744567401782227
              ],
              [
                744567401631551,
                744567401686444
              ]
            ],
            "start_record_envelope_span_ns": 422788,
            "variant": 1
          }
        },
        "variant": 1
      },
      {
        "accepted": false,
        "attempt_id": 8,
        "logical_pair_index": 7,
        "order": [
          "reference"
        ],
        "rejection_reasons": [
          {
            "limit_ns": 500000,
            "side": "reference",
            "start_record_envelope_span_ns": 855682
          }
        ],
        "retry_ordinal": 0,
        "samples": {
          "reference": {
            "collective_only": {
              "local_ms": 0.4840959906578064,
              "rank_max_ms": 1.2890880107879639,
              "rank_ms": [
                0.4840959906578064,
                0.5873919725418091,
                0.6944640278816223,
                1.2890880107879639
              ]
            },
            "pair_attempt_id": 8,
            "pair_retry_ordinal": 0,
            "position": 0,
            "readiness_probe_exact": true,
            "ready_region": {
              "local_ms": 0.5241280198097229,
              "rank_max_ms": 1.3289920091629028,
              "rank_ms": [
                0.5241280198097229,
                0.6284160017967224,
                0.7334399819374084,
                1.3289920091629028
              ]
            },
            "sample_index": 7,
            "scheduled_start_arrival_ns_by_rank": [
              744567409299161,
              744567409859562,
              744567408977724,
              744567408972788
            ],
            "scheduled_start_target_ns_by_rank": [
              744567414859562,
              744567414859562,
              744567414859562,
              744567414859562
            ],
            "start_record_bracket_ns_by_rank": [
              [
                744567415665400,
                744567415715767
              ],
              [
                744567415458998,
                744567415507483
              ],
              [
                744567415449526,
                744567415498156
              ],
              [
                744567414860085,
                744567414905699
              ]
            ],
            "start_record_envelope_span_ns": 855682,
            "variant": 0
          }
        },
        "variant": 0
      },
      {
        "accepted": true,
        "attempt_id": 9,
        "logical_pair_index": 7,
        "order": [
          "reference"
        ],
        "rejection_reasons": [],
        "retry_ordinal": 1,
        "samples": {
          "reference": {
            "collective_only": {
              "local_ms": 0.6133440136909485,
              "rank_max_ms": 0.6140159964561462,
              "rank_ms": [
                0.6133440136909485,
                0.5174720287322998,
                0.6140159964561462,
                0.6134080290794373
              ]
            },
            "pair_attempt_id": 9,
            "pair_retry_ordinal": 1,
            "position": 0,
            "readiness_probe_exact": true,
            "ready_region": {
              "local_ms": 0.6533120274543762,
              "rank_max_ms": 0.654528021812439,
              "rank_ms": [
                0.6533120274543762,
                0.5575680136680603,
                0.654528021812439,
                0.654367983341217
              ]
            },
            "sample_index": 7,
            "scheduled_start_arrival_ns_by_rank": [
              744567421731542,
              744567422103034,
              744567421932354,
              744567421545222
            ],
            "scheduled_start_target_ns_by_rank": [
              744567427103034,
              744567427103034,
              744567427103034,
              744567427103034
            ],
            "start_record_bracket_ns_by_rank": [
              [
                744567427104618,
                744567427156627
              ],
              [
                744567427104371,
                744567427154322
              ],
              [
                744567427104007,
                744567427153324
              ],
              [
                744567427103710,
                744567427148398
              ]
            ],
            "start_record_envelope_span_ns": 52917,
            "variant": 1
          }
        },
        "variant": 1
      },
      {
        "accepted": false,
        "attempt_id": 10,
        "logical_pair_index": 8,
        "order": [
          "reference"
        ],
        "rejection_reasons": [
          {
            "limit_ns": 500000,
            "side": "reference",
            "start_record_envelope_span_ns": 617530
          }
        ],
        "retry_ordinal": 0,
        "samples": {
          "reference": {
            "collective_only": {
              "local_ms": 0.6848639845848083,
              "rank_max_ms": 1.077247977256775,
              "rank_ms": [
                0.6848639845848083,
                0.5115839838981628,
                0.5179200172424316,
                1.077247977256775
              ]
            },
            "pair_attempt_id": 10,
            "pair_retry_ordinal": 0,
            "position": 0,
            "readiness_probe_exact": true,
            "ready_region": {
              "local_ms": 0.7248960137367249,
              "rank_max_ms": 1.117184042930603,
              "rank_ms": [
                0.7248960137367249,
                0.5527359843254089,
                0.5588799715042114,
                1.117184042930603
              ]
            },
            "sample_index": 8,
            "scheduled_start_arrival_ns_by_rank": [
              744567434675310,
              744567434928255,
              744567434608180,
              744567433835471
            ],
            "scheduled_start_target_ns_by_rank": [
              744567439928255,
              744567439928255,
              744567439928255,
              744567439928255
            ],
            "start_record_bracket_ns_by_rank": [
              [
                744567440323068,
                744567440377737
              ],
              [
                744567440387687,
                744567440441352
              ],
              [
                744567440492610,
                744567440546720
              ],
              [
                744567439929190,
                744567439982790
              ]
            ],
            "start_record_envelope_span_ns": 617530,
            "variant": 0
          }
        },
        "variant": 0
      },
      {
        "accepted": true,
        "attempt_id": 11,
        "logical_pair_index": 8,
        "order": [
          "reference"
        ],
        "rejection_reasons": [],
        "retry_ordinal": 1,
        "samples": {
          "reference": {
            "collective_only": {
              "local_ms": 0.6292480230331421,
              "rank_max_ms": 0.7106559872627258,
              "rank_ms": [
                0.6292480230331421,
                0.5416319966316223,
                0.7106559872627258,
                0.6973440051078796
              ]
            },
            "pair_attempt_id": 11,
            "pair_retry_ordinal": 1,
            "position": 0,
            "readiness_probe_exact": true,
            "ready_region": {
              "local_ms": 0.669152021408081,
              "rank_max_ms": 0.7495999932289124,
              "rank_ms": [
                0.669152021408081,
                0.5805760025978088,
                0.7495999932289124,
                0.7363520264625549
              ]
            },
            "sample_index": 8,
            "scheduled_start_arrival_ns_by_rank": [
              744567448366742,
              744567448740085,
              744567448417498,
              744567447962266
            ],
            "scheduled_start_target_ns_by_rank": [
              744567453740085,
              744567453740085,
              744567453740085,
              744567453740085
            ],
            "start_record_bracket_ns_by_rank": [
              [
                744567453819486,
                744567453874369
              ],
              [
                744567453805662,
                744567453860741
              ],
              [
                744567453740932,
                744567453794482
              ],
              [
                744567453741142,
                744567453797477
              ]
            ],
            "start_record_envelope_span_ns": 133437,
            "variant": 1
          }
        },
        "variant": 1
      },
      {
        "accepted": false,
        "attempt_id": 12,
        "logical_pair_index": 9,
        "order": [
          "reference"
        ],
        "rejection_reasons": [
          {
            "limit_ns": 500000,
            "side": "reference",
            "start_record_envelope_span_ns": 915248
          }
        ],
        "retry_ordinal": 0,
        "samples": {
          "reference": {
            "collective_only": {
              "local_ms": 0.9416000247001648,
              "rank_max_ms": 1.4739199876785278,
              "rank_ms": [
                0.9416000247001648,
                0.5171520113945007,
                0.8104640245437622,
                1.4739199876785278
              ]
            },
            "pair_attempt_id": 12,
            "pair_retry_ordinal": 0,
            "position": 0,
            "readiness_probe_exact": true,
            "ready_region": {
              "local_ms": 0.9815359711647034,
              "rank_max_ms": 1.5138880014419556,
              "rank_ms": [
                0.9815359711647034,
                0.5581439733505249,
                0.8496320247650146,
                1.5138880014419556
              ]
            },
            "sample_index": 9,
            "scheduled_start_arrival_ns_by_rank": [
              744567459524261,
              744567459595749,
              744567459628925,
              744567459452898
            ],
            "scheduled_start_target_ns_by_rank": [
              744567464628925,
              744567464628925,
              744567464628925,
              744567464628925
            ],
            "start_record_bracket_ns_by_rank": [
              [
                744567465134823,
                744567465220933
              ],
              [
                744567465485873,
                744567465545282
              ],
              [
                744567465298992,
                744567465353644
              ],
              [
                744567464630034,
                744567464684484
              ]
            ],
            "start_record_envelope_span_ns": 915248,
            "variant": 0
          }
        },
        "variant": 0
      },
      {
        "accepted": true,
        "attempt_id": 13,
        "logical_pair_index": 9,
        "order": [
          "reference"
        ],
        "rejection_reasons": [],
        "retry_ordinal": 1,
        "samples": {
          "reference": {
            "collective_only": {
              "local_ms": 0.6331520080566406,
              "rank_max_ms": 0.6331520080566406,
              "rank_ms": [
                0.6331520080566406,
                0.5156480073928833,
                0.6221759915351868,
                0.611840009689331
              ]
            },
            "pair_attempt_id": 13,
            "pair_retry_ordinal": 1,
            "position": 0,
            "readiness_probe_exact": true,
            "ready_region": {
              "local_ms": 0.673088014125824,
              "rank_max_ms": 0.673088014125824,
              "rank_ms": [
                0.673088014125824,
                0.5566080212593079,
                0.6631360054016113,
                0.6518080234527588
              ]
            },
            "sample_index": 9,
            "scheduled_start_arrival_ns_by_rank": [
              744567471797561,
              744567472255421,
              744567471840362,
              744567472155139
            ],
            "scheduled_start_target_ns_by_rank": [
              744567477255421,
              744567477255421,
              744567477255421,
              744567477255421
            ],
            "start_record_bracket_ns_by_rank": [
              [
                744567477256174,
                744567477291339
              ],
              [
                744567477256390,
                744567477301972
              ],
              [
                744567477256409,
                744567477303297
              ],
              [
                744567477256374,
                744567477305537
              ]
            ],
            "start_record_envelope_span_ns": 49363,
            "variant": 1
          }
        },
        "variant": 1
      }
    ],
    "rank_order": [
      0,
      1,
      2,
      3
    ],
    "reference": [
      {
        "collective_only": {
          "local_ms": 0.6473280191421509,
          "rank_max_ms": 0.6517120003700256,
          "rank_ms": [
            0.6473280191421509,
            0.5270079970359802,
            0.6461439728736877,
            0.6517120003700256
          ]
        },
        "pair_attempt_id": 0,
        "pair_retry_ordinal": 0,
        "position": 0,
        "readiness_probe_exact": true,
        "ready_region": {
          "local_ms": 0.6872320175170898,
          "rank_max_ms": 0.6914880275726318,
          "rank_ms": [
            0.6872320175170898,
            0.566976010799408,
            0.6871039867401123,
            0.6914880275726318
          ]
        },
        "sample_index": 0,
        "scheduled_start_arrival_ns_by_rank": [
          744567311051236,
          744567310921259,
          744567311410378,
          744567310755223
        ],
        "scheduled_start_target_ns_by_rank": [
          744567316410378,
          744567316410378,
          744567316410378,
          744567316410378
        ],
        "start_record_bracket_ns_by_rank": [
          [
            744567316411237,
            744567316454709
          ],
          [
            744567316432775,
            744567316478092
          ],
          [
            744567316411398,
            744567316457759
          ],
          [
            744567316410950,
            744567316444587
          ]
        ],
        "start_record_envelope_span_ns": 67142,
        "variant": 0
      },
      {
        "collective_only": {
          "local_ms": 0.6399679780006409,
          "rank_max_ms": 0.9220160245895386,
          "rank_ms": [
            0.6399679780006409,
            0.5097280144691467,
            0.6209279894828796,
            0.9220160245895386
          ]
        },
        "pair_attempt_id": 1,
        "pair_retry_ordinal": 0,
        "position": 0,
        "readiness_probe_exact": true,
        "ready_region": {
          "local_ms": 0.6799359917640686,
          "rank_max_ms": 0.9619200229644775,
          "rank_ms": [
            0.6799359917640686,
            0.5496960282325745,
            0.659775972366333,
            0.9619200229644775
          ]
        },
        "sample_index": 1,
        "scheduled_start_arrival_ns_by_rank": [
          744567321898743,
          744567322146300,
          744567322057882,
          744567321538337
        ],
        "scheduled_start_target_ns_by_rank": [
          744567327146300,
          744567327146300,
          744567327146300,
          744567327146300
        ],
        "start_record_bracket_ns_by_rank": [
          [
            744567327463277,
            744567327513418
          ],
          [
            744567327494960,
            744567327545264
          ],
          [
            744567327489259,
            744567327538739
          ],
          [
            744567327147380,
            744567327228948
          ]
        ],
        "start_record_envelope_span_ns": 397884,
        "variant": 1
      },
      {
        "collective_only": {
          "local_ms": 0.6244159936904907,
          "rank_max_ms": 0.6244159936904907,
          "rank_ms": [
            0.6244159936904907,
            0.5178239941596985,
            0.6224960088729858,
            0.6229119896888733
          ]
        },
        "pair_attempt_id": 2,
        "pair_retry_ordinal": 0,
        "position": 0,
        "readiness_probe_exact": true,
        "ready_region": {
          "local_ms": 0.6643840074539185,
          "rank_max_ms": 0.6643840074539185,
          "rank_ms": [
            0.6643840074539185,
            0.5577920079231262,
            0.6614720225334167,
            0.6638399958610535
          ]
        },
        "sample_index": 2,
        "scheduled_start_arrival_ns_by_rank": [
          744567334761357,
          744567334980642,
          744567335099763,
          744567334965425
        ],
        "scheduled_start_target_ns_by_rank": [
          744567340099763,
          744567340099763,
          744567340099763,
          744567340099763
        ],
        "start_record_bracket_ns_by_rank": [
          [
            744567340100790,
            744567340147211
          ],
          [
            744567340100890,
            744567340146153
          ],
          [
            744567340100811,
            744567340142561
          ],
          [
            744567340100843,
            744567340142592
          ]
        ],
        "start_record_envelope_span_ns": 46421,
        "variant": 0
      },
      {
        "collective_only": {
          "local_ms": 0.618943989276886,
          "rank_max_ms": 0.6213120222091675,
          "rank_ms": [
            0.618943989276886,
            0.5176640152931213,
            0.6213120222091675,
            0.6159359812736511
          ]
        },
        "pair_attempt_id": 3,
        "pair_retry_ordinal": 0,
        "position": 0,
        "readiness_probe_exact": true,
        "ready_region": {
          "local_ms": 0.6588159799575806,
          "rank_max_ms": 0.6602240204811096,
          "rank_ms": [
            0.6588159799575806,
            0.5567039847373962,
            0.6602240204811096,
            0.6558399796485901
          ]
        },
        "sample_index": 3,
        "scheduled_start_arrival_ns_by_rank": [
          744567346523075,
          744567347240887,
          744567346833270,
          744567346665890
        ],
        "scheduled_start_target_ns_by_rank": [
          744567352240887,
          744567352240887,
          744567352240887,
          744567352240887
        ],
        "start_record_bracket_ns_by_rank": [
          [
            744567352242198,
            744567352292778
          ],
          [
            744567352242262,
            744567352291355
          ],
          [
            744567352241879,
            744567352292164
          ],
          [
            744567352241934,
            744567352290959
          ]
        ],
        "start_record_envelope_span_ns": 50899,
        "variant": 1
      },
      {
        "collective_only": {
          "local_ms": 0.6898559927940369,
          "rank_max_ms": 0.7155200242996216,
          "rank_ms": [
            0.6898559927940369,
            0.6153920292854309,
            0.7155200242996216,
            0.7137280106544495
          ]
        },
        "pair_attempt_id": 4,
        "pair_retry_ordinal": 0,
        "position": 0,
        "readiness_probe_exact": true,
        "ready_region": {
          "local_ms": 0.7678080201148987,
          "rank_max_ms": 0.7678080201148987,
          "rank_ms": [
            0.7678080201148987,
            0.6563839912414551,
            0.7564799785614014,
            0.7545599937438965
          ]
        },
        "sample_index": 4,
        "scheduled_start_arrival_ns_by_rank": [
          744567359756418,
          744567359848217,
          744567359459289,
          744567359315804
        ],
        "scheduled_start_target_ns_by_rank": [
          744567364848217,
          744567364848217,
          744567364848217,
          744567364848217
        ],
        "start_record_bracket_ns_by_rank": [
          [
            744567364852606,
            744567364934275
          ],
          [
            744567364849097,
            744567364904465
          ],
          [
            744567364849084,
            744567364899786
          ],
          [
            744567364849578,
            744567364901102
          ]
        ],
        "start_record_envelope_span_ns": 85191,
        "variant": 0
      },
      {
        "collective_only": {
          "local_ms": 0.6013439893722534,
          "rank_max_ms": 0.6108160018920898,
          "rank_ms": [
            0.6013439893722534,
            0.5063999891281128,
            0.6108160018920898,
            0.6061440110206604
          ]
        },
        "pair_attempt_id": 5,
        "pair_retry_ordinal": 0,
        "position": 0,
        "readiness_probe_exact": true,
        "ready_region": {
          "local_ms": 0.6413120031356812,
          "rank_max_ms": 0.650879979133606,
          "rank_ms": [
            0.6413120031356812,
            0.547327995300293,
            0.650879979133606,
            0.6460800170898438
          ]
        },
        "sample_index": 5,
        "scheduled_start_arrival_ns_by_rank": [
          744567372466791,
          744567372557659,
          744567372410571,
          744567372203885
        ],
        "scheduled_start_target_ns_by_rank": [
          744567377557659,
          744567377557659,
          744567377557659,
          744567377557659
        ],
        "start_record_bracket_ns_by_rank": [
          [
            744567377558940,
            744567377614051
          ],
          [
            744567377558734,
            744567377604669
          ],
          [
            744567377558482,
            744567377603769
          ],
          [
            744567377558620,
            744567377603310
          ]
        ],
        "start_record_envelope_span_ns": 55569,
        "variant": 1
      },
      {
        "collective_only": {
          "local_ms": 0.5158399939537048,
          "rank_max_ms": 0.8794559836387634,
          "rank_ms": [
            0.5158399939537048,
            0.7786239981651306,
            0.7799680233001709,
            0.8794559836387634
          ]
        },
        "pair_attempt_id": 7,
        "pair_retry_ordinal": 1,
        "position": 0,
        "readiness_probe_exact": true,
        "ready_region": {
          "local_ms": 0.5557439923286438,
          "rank_max_ms": 0.9180480241775513,
          "rank_ms": [
            0.5557439923286438,
            0.8185920119285583,
            0.8190400004386902,
            0.9180480241775513
          ]
        },
        "sample_index": 6,
        "scheduled_start_arrival_ns_by_rank": [
          744567396629746,
          744567396320528,
          744567395796773,
          744567396591899
        ],
        "scheduled_start_target_ns_by_rank": [
          744567401629746,
          744567401629746,
          744567401629746,
          744567401629746
        ],
        "start_record_bracket_ns_by_rank": [
          [
            744567401968561,
            744567402053548
          ],
          [
            744567401630760,
            744567401682905
          ],
          [
            744567401733940,
            744567401782227
          ],
          [
            744567401631551,
            744567401686444
          ]
        ],
        "start_record_envelope_span_ns": 422788,
        "variant": 1
      },
      {
        "collective_only": {
          "local_ms": 0.6133440136909485,
          "rank_max_ms": 0.6140159964561462,
          "rank_ms": [
            0.6133440136909485,
            0.5174720287322998,
            0.6140159964561462,
            0.6134080290794373
          ]
        },
        "pair_attempt_id": 9,
        "pair_retry_ordinal": 1,
        "position": 0,
        "readiness_probe_exact": true,
        "ready_region": {
          "local_ms": 0.6533120274543762,
          "rank_max_ms": 0.654528021812439,
          "rank_ms": [
            0.6533120274543762,
            0.5575680136680603,
            0.654528021812439,
            0.654367983341217
          ]
        },
        "sample_index": 7,
        "scheduled_start_arrival_ns_by_rank": [
          744567421731542,
          744567422103034,
          744567421932354,
          744567421545222
        ],
        "scheduled_start_target_ns_by_rank": [
          744567427103034,
          744567427103034,
          744567427103034,
          744567427103034
        ],
        "start_record_bracket_ns_by_rank": [
          [
            744567427104618,
            744567427156627
          ],
          [
            744567427104371,
            744567427154322
          ],
          [
            744567427104007,
            744567427153324
          ],
          [
            744567427103710,
            744567427148398
          ]
        ],
        "start_record_envelope_span_ns": 52917,
        "variant": 1
      },
      {
        "collective_only": {
          "local_ms": 0.6292480230331421,
          "rank_max_ms": 0.7106559872627258,
          "rank_ms": [
            0.6292480230331421,
            0.5416319966316223,
            0.7106559872627258,
            0.6973440051078796
          ]
        },
        "pair_attempt_id": 11,
        "pair_retry_ordinal": 1,
        "position": 0,
        "readiness_probe_exact": true,
        "ready_region": {
          "local_ms": 0.669152021408081,
          "rank_max_ms": 0.7495999932289124,
          "rank_ms": [
            0.669152021408081,
            0.5805760025978088,
            0.7495999932289124,
            0.7363520264625549
          ]
        },
        "sample_index": 8,
        "scheduled_start_arrival_ns_by_rank": [
          744567448366742,
          744567448740085,
          744567448417498,
          744567447962266
        ],
        "scheduled_start_target_ns_by_rank": [
          744567453740085,
          744567453740085,
          744567453740085,
          744567453740085
        ],
        "start_record_bracket_ns_by_rank": [
          [
            744567453819486,
            744567453874369
          ],
          [
            744567453805662,
            744567453860741
          ],
          [
            744567453740932,
            744567453794482
          ],
          [
            744567453741142,
            744567453797477
          ]
        ],
        "start_record_envelope_span_ns": 133437,
        "variant": 1
      },
      {
        "collective_only": {
          "local_ms": 0.6331520080566406,
          "rank_max_ms": 0.6331520080566406,
          "rank_ms": [
            0.6331520080566406,
            0.5156480073928833,
            0.6221759915351868,
            0.611840009689331
          ]
        },
        "pair_attempt_id": 13,
        "pair_retry_ordinal": 1,
        "position": 0,
        "readiness_probe_exact": true,
        "ready_region": {
          "local_ms": 0.673088014125824,
          "rank_max_ms": 0.673088014125824,
          "rank_ms": [
            0.673088014125824,
            0.5566080212593079,
            0.6631360054016113,
            0.6518080234527588
          ]
        },
        "sample_index": 9,
        "scheduled_start_arrival_ns_by_rank": [
          744567471797561,
          744567472255421,
          744567471840362,
          744567472155139
        ],
        "scheduled_start_target_ns_by_rank": [
          744567477255421,
          744567477255421,
          744567477255421,
          744567477255421
        ],
        "start_record_bracket_ns_by_rank": [
          [
            744567477256174,
            744567477291339
          ],
          [
            744567477256390,
            744567477301972
          ],
          [
            744567477256409,
            744567477303297
          ],
          [
            744567477256374,
            744567477305537
          ]
        ],
        "start_record_envelope_span_ns": 49363,
        "variant": 1
      }
    ],
    "warmup_order": [
      [
        "reference"
      ],
      [
        "reference"
      ],
      [
        "reference"
      ]
    ],
    "warmup_variants": [
      1,
      0,
      1
    ]
  },
  "readiness_probe": {
    "dtype": "torch.bfloat16",
    "full_tensor_consumer": "preallocated BF16 negation output",
    "full_tensor_validation": "exact on every warmup and measured sample",
    "num_elements": 60,
    "positions": [
      [
        0,
        0
      ],
      [
        0,
        1
      ],
      [
        0,
        2
      ],
      [
        0,
        3
      ],
      [
        0,
        2048
      ],
      [
        0,
        3072
      ],
      [
        0,
        6140
      ],
      [
        0,
        6141
      ],
      [
        0,
        6142
      ],
      [
        0,
        6143
      ],
      [
        1,
        0
      ],
      [
        1,
        1
      ],
      [
        1,
        2
      ],
      [
        1,
        3
      ],
      [
        1,
        2048
      ],
      [
        1,
        3072
      ],
      [
        1,
        6140
      ],
      [
        1,
        6141
      ],
      [
        1,
        6142
      ],
      [
        1,
        6143
      ],
      [
        2730,
        0
      ],
      [
        2730,
        1
      ],
      [
        2730,
        2
      ],
      [
        2730,
        3
      ],
      [
        2730,
        2048
      ],
      [
        2730,
        3072
      ],
      [
        2730,
        6140
      ],
      [
        2730,
        6141
      ],
      [
        2730,
        6142
      ],
      [
        2730,
        6143
      ],
      [
        4096,
        0
      ],
      [
        4096,
        1
      ],
      [
        4096,
        2
      ],
      [
        4096,
        3
      ],
      [
        4096,
        2048
      ],
      [
        4096,
        3072
      ],
      [
        4096,
        6140
      ],
      [
        4096,
        6141
      ],
      [
        4096,
        6142
      ],
      [
        4096,
        6143
      ],
      [
        8190,
        0
      ],
      [
        8190,
        1
      ],
      [
        8190,
        2
      ],
      [
        8190,
        3
      ],
      [
        8190,
        2048
      ],
      [
        8190,
        3072
      ],
      [
        8190,
        6140
      ],
      [
        8190,
        6141
      ],
      [
        8190,
        6142
      ],
      [
        8190,
        6143
      ],
      [
        8191,
        0
      ],
      [
        8191,
        1
      ],
      [
        8191,
        2
      ],
      [
        8191,
        3
      ],
      [
        8191,
        2048
      ],
      [
        8191,
        3072
      ],
      [
        8191,
        6140
      ],
      [
        8191,
        6141
      ],
      [
        8191,
        6142
      ],
      [
        8191,
        6143
      ]
    ],
    "validation": "exact on every warmup and measured sample"
  },
  "reference": {
    "collective_only": {
      "median_ms": 0.6424320042133331,
      "min_ms": 0.6108160018920898,
      "p95_ms": 0.8794559836387634
    },
    "gate_metric": "ready_region.rank_max_ms",
    "readiness_probe_overhead_median_ms": 0.03992000222206116,
    "ready_region": {
      "median_ms": 0.6822880208492279,
      "min_ms": 0.650879979133606,
      "p95_ms": 0.9180480241775513
    }
  },
  "reference_policy": "SGLANG_GLM52_OPT=0 production GroupCoordinator path",
  "result_path": "/tmp/tp_allreduce_reachability_20260722T192433Z/semantics/tp4_allreduce_prefill.eager.default.json",
  "schema_version": 2,
  "scope": "tp4_allreduce_diagnostic_only",
  "timing_contract": {
    "alignment_retry_admission": "scheduled arrivals, common targets, and start-record brackets only; collective and ready-region latency are excluded",
    "collective_only": "start event through event recorded immediately after run()",
    "gate_metric": "ready_region rank-max paired p50",
    "rank_start_alignment": "selected stream synchronized after restoration; TP CPU-group all-gather selects a common same-host monotonic deadline 5 ms after latest arrival; ranks busy-wait; host timestamps bracket every start-event record call; a host-only 500 us envelope predicate allows at most 10 physical attempts for the whole logical A/B pair; the exact input variant alternates on every physical pair",
    "ready_region": "start event through full-tensor same-stream negation and position-sensitive gather",
    "restoration": "variant source-to-local copy and consumer/probe poison occur before every start event"
  },
  "workload": {
    "distributed": true,
    "family": "allreduce",
    "name": "tp4_allreduce_prefill",
    "notes": "Standalone TP4/DP4 balanced 32768-token diagnostic; production caller/ABI not yet proven.",
    "params": {
      "dtype": "bfloat16",
      "hidden": 6144,
      "local_tokens": 8192
    },
    "phase": "prefill",
    "source_symbol": "sglang.srt.distributed.parallel_state.GroupCoordinator.all_reduce",
    "world_size": 4
  }
}
