started_utc=2026-07-22T19:28:08.096204415Z
command= /home/qinhaiyan/glm52-goal-runs/24-tp_allreduce_reachability/kernel-harness/serving_native/run.sh tp4_allreduce_prefill --execution-mode cuda_graph --stream nondefault --warmup 3 --repeat 10 --output /tmp/tp_allreduce_reachability_20260722T192433Z/semantics/tp4_allreduce_prefill.cuda_graph.nondefault.json
timeout_seconds=1800

*****************************************
Setting OMP_NUM_THREADS environment variable for each process to be 1 in default, to avoid your system being overloaded, please further tune the variable for optimal performance in your application as needed. 
*****************************************
/home/qinhaiyan/glm52-goal-runs/24-tp_allreduce_reachability/kernel-harness/.venv/lib/python3.12/site-packages/torch/distributed/c10d_logger.py:83: UserWarning: barrier(): using the device under current context. You can specify `device_id` in `init_process_group` to mute this warning.
  return func(*args, **kwargs)
[rank0]:[W722 19:28:20.482720115 ProcessGroupNCCL.cpp:5188] Guessing device ID based on global rank. This can cause a hang if rank to GPU mapping is heterogeneous. You can specify device_id in init_process_group()
{
  "all_reduce_trace": {
    "enabled": false,
    "evidence_valid": null,
    "failure_counts_by_rank": null,
    "measurement_instrumented": false,
    "paths_by_rank": null,
    "replay_limitation": "Python observes eager dispatch or CUDA graph capture only; CUDA graph replay does not re-enter this hook. Correlate stable kernel names in an Nsight Systems trace to prove replay execution."
  },
  "allreduce": {
    "candidate_capture_context_by_rank": null,
    "candidate_contract_by_rank": null,
    "exact_oracle": "hash[row,col]=(37*(row%127)+17*(col%127)+13*(row%127)*(col%127))%127; base_variant=((hash+shift)%127)-63 for shifts [0,31]; source=base+2*rank-(world_size-1); expected=world_size*base",
    "message_bytes": 100663296,
    "reference_contract_by_rank": [
      {
        "exact_values": true,
        "local_poststate": "reduced",
        "output": {
          "device": "cuda:0",
          "dtype": "torch.bfloat16",
          "shape": [
            8192,
            6144
          ],
          "stride": [
            6144,
            1
          ]
        },
        "output_aliases_local": true,
        "source_immutable": true
      },
      {
        "exact_values": true,
        "local_poststate": "reduced",
        "output": {
          "device": "cuda:1",
          "dtype": "torch.bfloat16",
          "shape": [
            8192,
            6144
          ],
          "stride": [
            6144,
            1
          ]
        },
        "output_aliases_local": true,
        "source_immutable": true
      },
      {
        "exact_values": true,
        "local_poststate": "reduced",
        "output": {
          "device": "cuda:2",
          "dtype": "torch.bfloat16",
          "shape": [
            8192,
            6144
          ],
          "stride": [
            6144,
            1
          ]
        },
        "output_aliases_local": true,
        "source_immutable": true
      },
      {
        "exact_values": true,
        "local_poststate": "reduced",
        "output": {
          "device": "cuda:3",
          "dtype": "torch.bfloat16",
          "shape": [
            8192,
            6144
          ],
          "stride": [
            6144,
            1
          ]
        },
        "output_aliases_local": true,
        "source_immutable": true
      }
    ],
    "reference_dispatch_by_rank": [
      {
        "communicators": {
          "custom": {
            "algorithm": "TWO_SHOT_PULL",
            "class": "sglang.srt.distributed.device_communicators.custom_all_reduce_v2.CustomAllReduceV2",
            "fields": {
              "config": "ModeConfig(one_shot_push_threshold=2097152, one_shot_pull_threshold=2097152)",
              "disabled": "False",
              "max_size": "16777216",
              "override_algo": "None",
              "rank": "0",
              "tms_cudagraph": "False",
              "world_size": "4"
            },
            "python_id": 125290441538448,
            "should_custom_ar": {
              "value": false
            }
          },
          "pymscclpp": {
            "should_mscclpp_allreduce": {
              "value": false
            }
          },
          "pynccl": {
            "class": "sglang.srt.distributed.device_communicators.pynccl.PyNcclCommunicator",
            "fields": {
              "disabled": "False",
              "rank": "0",
              "world_size": "4"
            },
            "python_id": 125290441384944,
            "symmetric_pool_enabled": {
              "value": false
            }
          },
          "quick": {
            "should_quick_allreduce": {
              "value": false
            }
          },
          "torch_symmetric_memory": {
            "should_torch_symm_mem_allreduce": {
              "value": false
            }
          }
        },
        "dtype": "torch.bfloat16",
        "execution_mode": "cuda_graph",
        "group_name": "tp:0",
        "group_ranks": [
          0,
          1,
          2,
          3
        ],
        "local_size": 0,
        "message_bytes": 100663296,
        "phase": "reference_capture",
        "predicted_reference_algorithm": "NCCL_SUM",
        "predicted_reference_backend": "pynccl_inplace",
        "rank": 0,
        "shape": [
          8192,
          6144
        ],
        "stream": {
          "cuda_stream": 110275882781472,
          "requested": "nondefault"
        },
        "stride": [
          6144,
          1
        ],
        "world_size": 4
      },
      {
        "communicators": {
          "custom": {
            "algorithm": "TWO_SHOT_PULL",
            "class": "sglang.srt.distributed.device_communicators.custom_all_reduce_v2.CustomAllReduceV2",
            "fields": {
              "config": "ModeConfig(one_shot_push_threshold=2097152, one_shot_pull_threshold=2097152)",
              "disabled": "False",
              "max_size": "16777216",
              "override_algo": "None",
              "rank": "1",
              "tms_cudagraph": "False",
              "world_size": "4"
            },
            "python_id": 132525022647968,
            "should_custom_ar": {
              "value": false
            }
          },
          "pymscclpp": {
            "should_mscclpp_allreduce": {
              "value": false
            }
          },
          "pynccl": {
            "class": "sglang.srt.distributed.device_communicators.pynccl.PyNcclCommunicator",
            "fields": {
              "disabled": "False",
              "rank": "1",
              "world_size": "4"
            },
            "python_id": 132524977312144,
            "symmetric_pool_enabled": {
              "value": false
            }
          },
          "quick": {
            "should_quick_allreduce": {
              "value": false
            }
          },
          "torch_symmetric_memory": {
            "should_torch_symm_mem_allreduce": {
              "value": false
            }
          }
        },
        "dtype": "torch.bfloat16",
        "execution_mode": "cuda_graph",
        "group_name": "tp:0",
        "group_ranks": [
          0,
          1,
          2,
          3
        ],
        "local_size": 0,
        "message_bytes": 100663296,
        "phase": "reference_capture",
        "predicted_reference_algorithm": "NCCL_SUM",
        "predicted_reference_backend": "pynccl_inplace",
        "rank": 1,
        "shape": [
          8192,
          6144
        ],
        "stream": {
          "cuda_stream": 104481783851600,
          "requested": "nondefault"
        },
        "stride": [
          6144,
          1
        ],
        "world_size": 4
      },
      {
        "communicators": {
          "custom": {
            "algorithm": "TWO_SHOT_PULL",
            "class": "sglang.srt.distributed.device_communicators.custom_all_reduce_v2.CustomAllReduceV2",
            "fields": {
              "config": "ModeConfig(one_shot_push_threshold=2097152, one_shot_pull_threshold=2097152)",
              "disabled": "False",
              "max_size": "16777216",
              "override_algo": "None",
              "rank": "2",
              "tms_cudagraph": "False",
              "world_size": "4"
            },
            "python_id": 126711867075632,
            "should_custom_ar": {
              "value": false
            }
          },
          "pymscclpp": {
            "should_mscclpp_allreduce": {
              "value": false
            }
          },
          "pynccl": {
            "class": "sglang.srt.distributed.device_communicators.pynccl.PyNcclCommunicator",
            "fields": {
              "disabled": "False",
              "rank": "2",
              "world_size": "4"
            },
            "python_id": 126724550742032,
            "symmetric_pool_enabled": {
              "value": false
            }
          },
          "quick": {
            "should_quick_allreduce": {
              "value": false
            }
          },
          "torch_symmetric_memory": {
            "should_torch_symm_mem_allreduce": {
              "value": false
            }
          }
        },
        "dtype": "torch.bfloat16",
        "execution_mode": "cuda_graph",
        "group_name": "tp:0",
        "group_ranks": [
          0,
          1,
          2,
          3
        ],
        "local_size": 0,
        "message_bytes": 100663296,
        "phase": "reference_capture",
        "predicted_reference_algorithm": "NCCL_SUM",
        "predicted_reference_backend": "pynccl_inplace",
        "rank": 2,
        "shape": [
          8192,
          6144
        ],
        "stream": {
          "cuda_stream": 107774392581008,
          "requested": "nondefault"
        },
        "stride": [
          6144,
          1
        ],
        "world_size": 4
      },
      {
        "communicators": {
          "custom": {
            "algorithm": "TWO_SHOT_PULL",
            "class": "sglang.srt.distributed.device_communicators.custom_all_reduce_v2.CustomAllReduceV2",
            "fields": {
              "config": "ModeConfig(one_shot_push_threshold=2097152, one_shot_pull_threshold=2097152)",
              "disabled": "False",
              "max_size": "16777216",
              "override_algo": "None",
              "rank": "3",
              "tms_cudagraph": "False",
              "world_size": "4"
            },
            "python_id": 139419958577440,
            "should_custom_ar": {
              "value": false
            }
          },
          "pymscclpp": {
            "should_mscclpp_allreduce": {
              "value": false
            }
          },
          "pynccl": {
            "class": "sglang.srt.distributed.device_communicators.pynccl.PyNcclCommunicator",
            "fields": {
              "disabled": "False",
              "rank": "3",
              "world_size": "4"
            },
            "python_id": 139419958744160,
            "symmetric_pool_enabled": {
              "value": false
            }
          },
          "quick": {
            "should_quick_allreduce": {
              "value": false
            }
          },
          "torch_symmetric_memory": {
            "should_torch_symm_mem_allreduce": {
              "value": false
            }
          }
        },
        "dtype": "torch.bfloat16",
        "execution_mode": "cuda_graph",
        "group_name": "tp:0",
        "group_ranks": [
          0,
          1,
          2,
          3
        ],
        "local_size": 0,
        "message_bytes": 100663296,
        "phase": "reference_capture",
        "predicted_reference_algorithm": "NCCL_SUM",
        "predicted_reference_backend": "pynccl_inplace",
        "rank": 3,
        "shape": [
          8192,
          6144
        ],
        "stream": {
          "cuda_stream": 97679895973376,
          "requested": "nondefault"
        },
        "stride": [
          6144,
          1
        ],
        "world_size": 4
      }
    ]
  },
  "candidate": null,
  "correctness": {
    "alternating_input_variants": 2,
    "candidate_state_guarded": false,
    "exact_full_checks": "before and after timing",
    "exact_full_tensor_consumer": "every warmup and measured sample",
    "exact_position_probe": "every warmup and measured sample",
    "passed": true,
    "validation_errors_aggregated_over_tp_cpu_group": true
  },
  "disposition": "tp4_reference_characterization_only",
  "environment": {
    "device": {
      "capability": [
        10,
        0
      ],
      "name": "NVIDIA B200",
      "rank": 0,
      "total_memory": 191490555904
    },
    "device_by_rank": [
      {
        "capability": [
          10,
          0
        ],
        "name": "NVIDIA B200",
        "rank": 0,
        "total_memory": 191490555904
      },
      {
        "capability": [
          10,
          0
        ],
        "name": "NVIDIA B200",
        "rank": 1,
        "total_memory": 191490555904
      },
      {
        "capability": [
          10,
          0
        ],
        "name": "NVIDIA B200",
        "rank": 2,
        "total_memory": 191490555904
      },
      {
        "capability": [
          10,
          0
        ],
        "name": "NVIDIA B200",
        "rank": 3,
        "total_memory": 191490555904
      }
    ],
    "env": {
      "CUDA_VISIBLE_DEVICES": "0,1,2,3",
      "NCCL_ALGO": null,
      "NCCL_PROTO": null,
      "SGLANG_ALL_REDUCE_TRACE": null,
      "SGLANG_GLM52_OPT": "0",
      "SGLANG_OPT_USE_CUSTOM_ALL_REDUCE_V2": null,
      "SGLANG_ROOT": "/home/qinhaiyan/glm52-goal-runs/24-tp_allreduce_reachability/sglang"
    },
    "kernel_harness_git": {
      "branch": "goal/glm52-prod-24-tp_allreduce_reachability",
      "dirty": false,
      "root": "/home/qinhaiyan/glm52-goal-runs/24-tp_allreduce_reachability/kernel-harness",
      "sha": "bea4a8cd294a84f2d305cd023eb3fed281de4b1e",
      "status": []
    },
    "packages": {
      "flashinfer": {
        "path": "/mnt/OS-oKqEXySb/home/qinhaiyan/miniconda3/envs/sglang/lib/python3.12/site-packages/flashinfer/__init__.py",
        "version": "0.6.12"
      },
      "sgl_kernel": {
        "path": "/mnt/OS-oKqEXySb/home/qinhaiyan/miniconda3/envs/sglang/lib/python3.12/site-packages/sgl_kernel/__init__.py",
        "version": "0.4.4"
      },
      "sglang": {
        "path": "/home/qinhaiyan/glm52-goal-runs/24-tp_allreduce_reachability/sglang/python/sglang/__init__.py",
        "version": "0.5.15"
      },
      "torch": {
        "cuda": "13.0",
        "nccl": [
          2,
          28,
          9
        ],
        "path": "/mnt/OS-oKqEXySb/home/qinhaiyan/miniconda3/envs/sglang/lib/python3.12/site-packages/torch/__init__.py",
        "version": "2.11.0+cu130"
      },
      "triton": {
        "path": "/mnt/OS-oKqEXySb/home/qinhaiyan/miniconda3/envs/sglang/lib/python3.12/site-packages/triton/__init__.py",
        "version": "3.6.0"
      }
    },
    "python": "/home/qinhaiyan/glm52-goal-runs/24-tp_allreduce_reachability/kernel-harness/.venv/bin/python",
    "python_version": "3.12.13 | packaged by Anaconda, Inc. | (main, Jul  9 2026, 14:38:16) [GCC 14.3.0]",
    "sglang_git": {
      "branch": "goal/glm52-prod-24-tp_allreduce_reachability",
      "dirty": false,
      "root": "/home/qinhaiyan/glm52-goal-runs/24-tp_allreduce_reachability/sglang",
      "sha": "a91928c6f713d69722176a8d13781367e9b78dc4",
      "status": []
    }
  },
  "execution": {
    "cuda_stream": 110275882781472,
    "default_to_execution_waits_outside_timing": 5,
    "mode": "cuda_graph",
    "nvtx_measurement_range": "serving_native/tp4_allreduce_prefill/cuda_graph/nondefault/reference",
    "nvtx_rank_synchronization": "rank 0 push after a TP CPU-group barrier; all ranks wait at a second barrier before measurement and before rank 0 pop",
    "stream": "nondefault"
  },
  "gate": {
    "candidate_present": false,
    "metric": "paired ready-region rank-max p50 speedup",
    "minimum_speedup": 1.03,
    "passed": null,
    "performance_eligible": true,
    "stock_fallback_active": true
  },
  "production_acceptance": "This direct TP4 callable is not proof of the GLM serving caller/ABI and cannot be relabeled as TP8 evidence.",
  "raw_samples": {
    "alignment_policy": {
      "accepted_pair_attempts": 10,
      "admission_fields": [
        "scheduled_start_arrival_ns_by_rank",
        "scheduled_start_target_ns_by_rank",
        "start_record_bracket_ns_by_rank",
        "start_record_envelope_span_ns"
      ],
      "initial_input_variant": 0,
      "latency_fields_excluded": true,
      "max_pair_attempts": 10,
      "next_input_variant": 0,
      "rejected_pair_attempts": 0,
      "requested_logical_pairs": 10,
      "start_record_envelope_limit_ns": 500000,
      "total_pair_attempts": 10
    },
    "candidate": null,
    "measured_order": [
      [
        "reference"
      ],
      [
        "reference"
      ],
      [
        "reference"
      ],
      [
        "reference"
      ],
      [
        "reference"
      ],
      [
        "reference"
      ],
      [
        "reference"
      ],
      [
        "reference"
      ],
      [
        "reference"
      ],
      [
        "reference"
      ]
    ],
    "measurement_attempts": [
      {
        "accepted": true,
        "attempt_id": 0,
        "logical_pair_index": 0,
        "order": [
          "reference"
        ],
        "rejection_reasons": [],
        "retry_ordinal": 0,
        "samples": {
          "reference": {
            "collective_only": {
              "local_ms": 0.3758719861507416,
              "rank_max_ms": 0.3758719861507416,
              "rank_ms": [
                0.3758719861507416,
                0.27478399872779846,
                0.37542399764060974,
                0.37142398953437805
              ]
            },
            "pair_attempt_id": 0,
            "pair_retry_ordinal": 0,
            "position": 0,
            "readiness_probe_exact": true,
            "ready_region": {
              "local_ms": 0.4152640104293823,
              "rank_max_ms": 0.4152640104293823,
              "rank_ms": [
                0.4152640104293823,
                0.31459200382232666,
                0.4143039882183075,
                0.4115839898586273
              ]
            },
            "sample_index": 0,
            "scheduled_start_arrival_ns_by_rank": [
              744603476888204,
              744603477322256,
              744603476590604,
              744603476333482
            ],
            "scheduled_start_target_ns_by_rank": [
              744603482322256,
              744603482322256,
              744603482322256,
              744603482322256
            ],
            "start_record_bracket_ns_by_rank": [
              [
                744603482323301,
                744603482360395
              ],
              [
                744603482323186,
                744603482358425
              ],
              [
                744603482323232,
                744603482366115
              ],
              [
                744603482323312,
                744603482364933
              ]
            ],
            "start_record_envelope_span_ns": 42929,
            "variant": 0
          }
        },
        "variant": 0
      },
      {
        "accepted": true,
        "attempt_id": 1,
        "logical_pair_index": 1,
        "order": [
          "reference"
        ],
        "rejection_reasons": [],
        "retry_ordinal": 0,
        "samples": {
          "reference": {
            "collective_only": {
              "local_ms": 0.3742400109767914,
              "rank_max_ms": 0.3744960129261017,
              "rank_ms": [
                0.3742400109767914,
                0.27504000067710876,
                0.3744960129261017,
                0.369376003742218
              ]
            },
            "pair_attempt_id": 1,
            "pair_retry_ordinal": 0,
            "position": 0,
            "readiness_probe_exact": true,
            "ready_region": {
              "local_ms": 0.41462400555610657,
              "rank_max_ms": 0.41516798734664917,
              "rank_ms": [
                0.41462400555610657,
                0.31571200489997864,
                0.41516798734664917,
                0.40940800309181213
              ]
            },
            "sample_index": 1,
            "scheduled_start_arrival_ns_by_rank": [
              744603488567154,
              744603488729661,
              744603488800556,
              744603488454627
            ],
            "scheduled_start_target_ns_by_rank": [
              744603493800556,
              744603493800556,
              744603493800556,
              744603493800556
            ],
            "start_record_bracket_ns_by_rank": [
              [
                744603493801468,
                744603493842562
              ],
              [
                744603493801451,
                744603493834942
              ],
              [
                744603493801149,
                744603493844793
              ],
              [
                744603493801305,
                744603493846152
              ]
            ],
            "start_record_envelope_span_ns": 45003,
            "variant": 1
          }
        },
        "variant": 1
      },
      {
        "accepted": true,
        "attempt_id": 2,
        "logical_pair_index": 2,
        "order": [
          "reference"
        ],
        "rejection_reasons": [],
        "retry_ordinal": 0,
        "samples": {
          "reference": {
            "collective_only": {
              "local_ms": 0.37561601400375366,
              "rank_max_ms": 0.37561601400375366,
              "rank_ms": [
                0.37561601400375366,
                0.2768320143222809,
                0.37273600697517395,
                0.3680959939956665
              ]
            },
            "pair_attempt_id": 2,
            "pair_retry_ordinal": 0,
            "position": 0,
            "readiness_probe_exact": true,
            "ready_region": {
              "local_ms": 0.4158079922199249,
              "rank_max_ms": 0.4158079922199249,
              "rank_ms": [
                0.4158079922199249,
                0.31775999069213867,
                0.4132480025291443,
                0.40886399149894714
              ]
            },
            "sample_index": 2,
            "scheduled_start_arrival_ns_by_rank": [
              744603500407327,
              744603500458906,
              744603500365462,
              744603500100855
            ],
            "scheduled_start_target_ns_by_rank": [
              744603505458906,
              744603505458906,
              744603505458906,
              744603505458906
            ],
            "start_record_bracket_ns_by_rank": [
              [
                744603505459646,
                744603505504609
              ],
              [
                744603505459796,
                744603505499488
              ],
              [
                744603505460298,
                744603505513759
              ],
              [
                744603505460142,
                744603505509180
              ]
            ],
            "start_record_envelope_span_ns": 54113,
            "variant": 0
          }
        },
        "variant": 0
      },
      {
        "accepted": true,
        "attempt_id": 3,
        "logical_pair_index": 3,
        "order": [
          "reference"
        ],
        "rejection_reasons": [],
        "retry_ordinal": 0,
        "samples": {
          "reference": {
            "collective_only": {
              "local_ms": 0.3763200044631958,
              "rank_max_ms": 0.3763200044631958,
              "rank_ms": [
                0.3763200044631958,
                0.279231995344162,
                0.37356799840927124,
                0.37113600969314575
              ]
            },
            "pair_attempt_id": 3,
            "pair_retry_ordinal": 0,
            "position": 0,
            "readiness_probe_exact": true,
            "ready_region": {
              "local_ms": 0.41443198919296265,
              "rank_max_ms": 0.41443198919296265,
              "rank_ms": [
                0.41443198919296265,
                0.3199999928474426,
                0.4142720103263855,
                0.4119360148906708
              ]
            },
            "sample_index": 3,
            "scheduled_start_arrival_ns_by_rank": [
              744603513132391,
              744603513515552,
              744603513160328,
              744603513149245
            ],
            "scheduled_start_target_ns_by_rank": [
              744603518515552,
              744603518515552,
              744603518515552,
              744603518515552
            ],
            "start_record_bracket_ns_by_rank": [
              [
                744603518516546,
                744603518567216
              ],
              [
                744603518516399,
                744603518558919
              ],
              [
                744603518516510,
                744603518571184
              ],
              [
                744603518516715,
                744603518569139
              ]
            ],
            "start_record_envelope_span_ns": 54785,
            "variant": 1
          }
        },
        "variant": 1
      },
      {
        "accepted": true,
        "attempt_id": 4,
        "logical_pair_index": 4,
        "order": [
          "reference"
        ],
        "rejection_reasons": [],
        "retry_ordinal": 0,
        "samples": {
          "reference": {
            "collective_only": {
              "local_ms": 0.3739840090274811,
              "rank_max_ms": 0.3739840090274811,
              "rank_ms": [
                0.3739840090274811,
                0.27539199590682983,
                0.3705599904060364,
                0.3725759983062744
              ]
            },
            "pair_attempt_id": 4,
            "pair_retry_ordinal": 0,
            "position": 0,
            "readiness_probe_exact": true,
            "ready_region": {
              "local_ms": 0.41446399688720703,
              "rank_max_ms": 0.41446399688720703,
              "rank_ms": [
                0.41446399688720703,
                0.3158400058746338,
                0.41100800037384033,
                0.4128960072994232
              ]
            },
            "sample_index": 4,
            "scheduled_start_arrival_ns_by_rank": [
              744603525754377,
              744603525597564,
              744603525638704,
              744603525451576
            ],
            "scheduled_start_target_ns_by_rank": [
              744603530754377,
              744603530754377,
              744603530754377,
              744603530754377
            ],
            "start_record_bracket_ns_by_rank": [
              [
                744603530755365,
                744603530807660
              ],
              [
                744603530755306,
                744603530798534
              ],
              [
                744603530755315,
                744603530809363
              ],
              [
                744603530755421,
                744603530808824
              ]
            ],
            "start_record_envelope_span_ns": 54057,
            "variant": 0
          }
        },
        "variant": 0
      },
      {
        "accepted": true,
        "attempt_id": 5,
        "logical_pair_index": 5,
        "order": [
          "reference"
        ],
        "rejection_reasons": [],
        "retry_ordinal": 0,
        "samples": {
          "reference": {
            "collective_only": {
              "local_ms": 0.3766399919986725,
              "rank_max_ms": 0.3766399919986725,
              "rank_ms": [
                0.3766399919986725,
                0.27612799406051636,
                0.3703039884567261,
                0.37164801359176636
              ]
            },
            "pair_attempt_id": 5,
            "pair_retry_ordinal": 0,
            "position": 0,
            "readiness_probe_exact": true,
            "ready_region": {
              "local_ms": 0.41673600673675537,
              "rank_max_ms": 0.41673600673675537,
              "rank_ms": [
                0.41673600673675537,
                0.31679999828338623,
                0.41075199842453003,
                0.4103359878063202
              ]
            },
            "sample_index": 5,
            "scheduled_start_arrival_ns_by_rank": [
              744603536713889,
              744603536752520,
              744603536753678,
              744603536690394
            ],
            "scheduled_start_target_ns_by_rank": [
              744603541753678,
              744603541753678,
              744603541753678,
              744603541753678
            ],
            "start_record_bracket_ns_by_rank": [
              [
                744603541754447,
                744603541804992
              ],
              [
                744603541754574,
                744603541798827
              ],
              [
                744603541754644,
                744603541809700
              ],
              [
                744603541754664,
                744603541807254
              ]
            ],
            "start_record_envelope_span_ns": 55253,
            "variant": 1
          }
        },
        "variant": 1
      },
      {
        "accepted": true,
        "attempt_id": 6,
        "logical_pair_index": 6,
        "order": [
          "reference"
        ],
        "rejection_reasons": [],
        "retry_ordinal": 0,
        "samples": {
          "reference": {
            "collective_only": {
              "local_ms": 0.37305599451065063,
              "rank_max_ms": 0.38121598958969116,
              "rank_ms": [
                0.37305599451065063,
                0.27535998821258545,
                0.38121598958969116,
                0.3671039938926697
              ]
            },
            "pair_attempt_id": 6,
            "pair_retry_ordinal": 0,
            "position": 0,
            "readiness_probe_exact": true,
            "ready_region": {
              "local_ms": 0.41331198811531067,
              "rank_max_ms": 0.42211198806762695,
              "rank_ms": [
                0.41331198811531067,
                0.31590399146080017,
                0.42211198806762695,
                0.4070720076560974
              ]
            },
            "sample_index": 6,
            "scheduled_start_arrival_ns_by_rank": [
              744603548098626,
              744603548328389,
              744603548342163,
              744603548298075
            ],
            "scheduled_start_target_ns_by_rank": [
              744603553342163,
              744603553342163,
              744603553342163,
              744603553342163
            ],
            "start_record_bracket_ns_by_rank": [
              [
                744603553343065,
                744603553387068
              ],
              [
                744603553342897,
                744603553379954
              ],
              [
                744603553342972,
                744603553384539
              ],
              [
                744603553343414,
                744603553387801
              ]
            ],
            "start_record_envelope_span_ns": 44904,
            "variant": 0
          }
        },
        "variant": 0
      },
      {
        "accepted": true,
        "attempt_id": 7,
        "logical_pair_index": 7,
        "order": [
          "reference"
        ],
        "rejection_reasons": [],
        "retry_ordinal": 0,
        "samples": {
          "reference": {
            "collective_only": {
              "local_ms": 0.37430399656295776,
              "rank_max_ms": 0.37430399656295776,
              "rank_ms": [
                0.37430399656295776,
                0.27344000339508057,
                0.37110400199890137,
                0.3681600093841553
              ]
            },
            "pair_attempt_id": 7,
            "pair_retry_ordinal": 0,
            "position": 0,
            "readiness_probe_exact": true,
            "ready_region": {
              "local_ms": 0.4145280122756958,
              "rank_max_ms": 0.4145280122756958,
              "rank_ms": [
                0.4145280122756958,
                0.31379199028015137,
                0.4115839898586273,
                0.40832000970840454
              ]
            },
            "sample_index": 7,
            "scheduled_start_arrival_ns_by_rank": [
              744603557578972,
              744603557736218,
              744603557459932,
              744603557714198
            ],
            "scheduled_start_target_ns_by_rank": [
              744603562736218,
              744603562736218,
              744603562736218,
              744603562736218
            ],
            "start_record_bracket_ns_by_rank": [
              [
                744603562737119,
                744603562780167
              ],
              [
                744603562737143,
                744603562776987
              ],
              [
                744603562737371,
                744603562784366
              ],
              [
                744603562737337,
                744603562784890
              ]
            ],
            "start_record_envelope_span_ns": 47771,
            "variant": 1
          }
        },
        "variant": 1
      },
      {
        "accepted": true,
        "attempt_id": 8,
        "logical_pair_index": 8,
        "order": [
          "reference"
        ],
        "rejection_reasons": [],
        "retry_ordinal": 0,
        "samples": {
          "reference": {
            "collective_only": {
              "local_ms": 0.38364800810813904,
              "rank_max_ms": 0.38364800810813904,
              "rank_ms": [
                0.38364800810813904,
                0.2779200077056885,
                0.3789440095424652,
                0.2990399897098541
              ]
            },
            "pair_attempt_id": 8,
            "pair_retry_ordinal": 0,
            "position": 0,
            "readiness_probe_exact": true,
            "ready_region": {
              "local_ms": 0.42368000745773315,
              "rank_max_ms": 0.42368000745773315,
              "rank_ms": [
                0.42368000745773315,
                0.31859201192855835,
                0.41763201355934143,
                0.3389120101928711
              ]
            },
            "sample_index": 8,
            "scheduled_start_arrival_ns_by_rank": [
              744603568312560,
              744603568386635,
              744603568488169,
              744603568700600
            ],
            "scheduled_start_target_ns_by_rank": [
              744603573700600,
              744603573700600,
              744603573700600,
              744603573700600
            ],
            "start_record_bracket_ns_by_rank": [
              [
                744603573701316,
                744603573741341
              ],
              [
                744603573701295,
                744603573734667
              ],
              [
                744603573701444,
                744603573742214
              ],
              [
                744603573785275,
                744603573825989
              ]
            ],
            "start_record_envelope_span_ns": 124694,
            "variant": 0
          }
        },
        "variant": 0
      },
      {
        "accepted": true,
        "attempt_id": 9,
        "logical_pair_index": 9,
        "order": [
          "reference"
        ],
        "rejection_reasons": [],
        "retry_ordinal": 0,
        "samples": {
          "reference": {
            "collective_only": {
              "local_ms": 0.3681280016899109,
              "rank_max_ms": 0.3724159896373749,
              "rank_ms": [
                0.3681280016899109,
                0.2733440101146698,
                0.3719039857387543,
                0.3724159896373749
              ]
            },
            "pair_attempt_id": 9,
            "pair_retry_ordinal": 0,
            "position": 0,
            "readiness_probe_exact": true,
            "ready_region": {
              "local_ms": 0.4085119962692261,
              "rank_max_ms": 0.41280001401901245,
              "rank_ms": [
                0.4085119962692261,
                0.3141759932041168,
                0.41280001401901245,
                0.41257598996162415
              ]
            },
            "sample_index": 9,
            "scheduled_start_arrival_ns_by_rank": [
              744603581089862,
              744603580690064,
              744603581255070,
              744603581087745
            ],
            "scheduled_start_target_ns_by_rank": [
              744603586255070,
              744603586255070,
              744603586255070,
              744603586255070
            ],
            "start_record_bracket_ns_by_rank": [
              [
                744603586256233,
                744603586304403
              ],
              [
                744603586255772,
                744603586289330
              ],
              [
                744603586255989,
                744603586299563
              ],
              [
                744603586255944,
                744603586296692
              ]
            ],
            "start_record_envelope_span_ns": 48631,
            "variant": 1
          }
        },
        "variant": 1
      }
    ],
    "rank_order": [
      0,
      1,
      2,
      3
    ],
    "reference": [
      {
        "collective_only": {
          "local_ms": 0.3758719861507416,
          "rank_max_ms": 0.3758719861507416,
          "rank_ms": [
            0.3758719861507416,
            0.27478399872779846,
            0.37542399764060974,
            0.37142398953437805
          ]
        },
        "pair_attempt_id": 0,
        "pair_retry_ordinal": 0,
        "position": 0,
        "readiness_probe_exact": true,
        "ready_region": {
          "local_ms": 0.4152640104293823,
          "rank_max_ms": 0.4152640104293823,
          "rank_ms": [
            0.4152640104293823,
            0.31459200382232666,
            0.4143039882183075,
            0.4115839898586273
          ]
        },
        "sample_index": 0,
        "scheduled_start_arrival_ns_by_rank": [
          744603476888204,
          744603477322256,
          744603476590604,
          744603476333482
        ],
        "scheduled_start_target_ns_by_rank": [
          744603482322256,
          744603482322256,
          744603482322256,
          744603482322256
        ],
        "start_record_bracket_ns_by_rank": [
          [
            744603482323301,
            744603482360395
          ],
          [
            744603482323186,
            744603482358425
          ],
          [
            744603482323232,
            744603482366115
          ],
          [
            744603482323312,
            744603482364933
          ]
        ],
        "start_record_envelope_span_ns": 42929,
        "variant": 0
      },
      {
        "collective_only": {
          "local_ms": 0.3742400109767914,
          "rank_max_ms": 0.3744960129261017,
          "rank_ms": [
            0.3742400109767914,
            0.27504000067710876,
            0.3744960129261017,
            0.369376003742218
          ]
        },
        "pair_attempt_id": 1,
        "pair_retry_ordinal": 0,
        "position": 0,
        "readiness_probe_exact": true,
        "ready_region": {
          "local_ms": 0.41462400555610657,
          "rank_max_ms": 0.41516798734664917,
          "rank_ms": [
            0.41462400555610657,
            0.31571200489997864,
            0.41516798734664917,
            0.40940800309181213
          ]
        },
        "sample_index": 1,
        "scheduled_start_arrival_ns_by_rank": [
          744603488567154,
          744603488729661,
          744603488800556,
          744603488454627
        ],
        "scheduled_start_target_ns_by_rank": [
          744603493800556,
          744603493800556,
          744603493800556,
          744603493800556
        ],
        "start_record_bracket_ns_by_rank": [
          [
            744603493801468,
            744603493842562
          ],
          [
            744603493801451,
            744603493834942
          ],
          [
            744603493801149,
            744603493844793
          ],
          [
            744603493801305,
            744603493846152
          ]
        ],
        "start_record_envelope_span_ns": 45003,
        "variant": 1
      },
      {
        "collective_only": {
          "local_ms": 0.37561601400375366,
          "rank_max_ms": 0.37561601400375366,
          "rank_ms": [
            0.37561601400375366,
            0.2768320143222809,
            0.37273600697517395,
            0.3680959939956665
          ]
        },
        "pair_attempt_id": 2,
        "pair_retry_ordinal": 0,
        "position": 0,
        "readiness_probe_exact": true,
        "ready_region": {
          "local_ms": 0.4158079922199249,
          "rank_max_ms": 0.4158079922199249,
          "rank_ms": [
            0.4158079922199249,
            0.31775999069213867,
            0.4132480025291443,
            0.40886399149894714
          ]
        },
        "sample_index": 2,
        "scheduled_start_arrival_ns_by_rank": [
          744603500407327,
          744603500458906,
          744603500365462,
          744603500100855
        ],
        "scheduled_start_target_ns_by_rank": [
          744603505458906,
          744603505458906,
          744603505458906,
          744603505458906
        ],
        "start_record_bracket_ns_by_rank": [
          [
            744603505459646,
            744603505504609
          ],
          [
            744603505459796,
            744603505499488
          ],
          [
            744603505460298,
            744603505513759
          ],
          [
            744603505460142,
            744603505509180
          ]
        ],
        "start_record_envelope_span_ns": 54113,
        "variant": 0
      },
      {
        "collective_only": {
          "local_ms": 0.3763200044631958,
          "rank_max_ms": 0.3763200044631958,
          "rank_ms": [
            0.3763200044631958,
            0.279231995344162,
            0.37356799840927124,
            0.37113600969314575
          ]
        },
        "pair_attempt_id": 3,
        "pair_retry_ordinal": 0,
        "position": 0,
        "readiness_probe_exact": true,
        "ready_region": {
          "local_ms": 0.41443198919296265,
          "rank_max_ms": 0.41443198919296265,
          "rank_ms": [
            0.41443198919296265,
            0.3199999928474426,
            0.4142720103263855,
            0.4119360148906708
          ]
        },
        "sample_index": 3,
        "scheduled_start_arrival_ns_by_rank": [
          744603513132391,
          744603513515552,
          744603513160328,
          744603513149245
        ],
        "scheduled_start_target_ns_by_rank": [
          744603518515552,
          744603518515552,
          744603518515552,
          744603518515552
        ],
        "start_record_bracket_ns_by_rank": [
          [
            744603518516546,
            744603518567216
          ],
          [
            744603518516399,
            744603518558919
          ],
          [
            744603518516510,
            744603518571184
          ],
          [
            744603518516715,
            744603518569139
          ]
        ],
        "start_record_envelope_span_ns": 54785,
        "variant": 1
      },
      {
        "collective_only": {
          "local_ms": 0.3739840090274811,
          "rank_max_ms": 0.3739840090274811,
          "rank_ms": [
            0.3739840090274811,
            0.27539199590682983,
            0.3705599904060364,
            0.3725759983062744
          ]
        },
        "pair_attempt_id": 4,
        "pair_retry_ordinal": 0,
        "position": 0,
        "readiness_probe_exact": true,
        "ready_region": {
          "local_ms": 0.41446399688720703,
          "rank_max_ms": 0.41446399688720703,
          "rank_ms": [
            0.41446399688720703,
            0.3158400058746338,
            0.41100800037384033,
            0.4128960072994232
          ]
        },
        "sample_index": 4,
        "scheduled_start_arrival_ns_by_rank": [
          744603525754377,
          744603525597564,
          744603525638704,
          744603525451576
        ],
        "scheduled_start_target_ns_by_rank": [
          744603530754377,
          744603530754377,
          744603530754377,
          744603530754377
        ],
        "start_record_bracket_ns_by_rank": [
          [
            744603530755365,
            744603530807660
          ],
          [
            744603530755306,
            744603530798534
          ],
          [
            744603530755315,
            744603530809363
          ],
          [
            744603530755421,
            744603530808824
          ]
        ],
        "start_record_envelope_span_ns": 54057,
        "variant": 0
      },
      {
        "collective_only": {
          "local_ms": 0.3766399919986725,
          "rank_max_ms": 0.3766399919986725,
          "rank_ms": [
            0.3766399919986725,
            0.27612799406051636,
            0.3703039884567261,
            0.37164801359176636
          ]
        },
        "pair_attempt_id": 5,
        "pair_retry_ordinal": 0,
        "position": 0,
        "readiness_probe_exact": true,
        "ready_region": {
          "local_ms": 0.41673600673675537,
          "rank_max_ms": 0.41673600673675537,
          "rank_ms": [
            0.41673600673675537,
            0.31679999828338623,
            0.41075199842453003,
            0.4103359878063202
          ]
        },
        "sample_index": 5,
        "scheduled_start_arrival_ns_by_rank": [
          744603536713889,
          744603536752520,
          744603536753678,
          744603536690394
        ],
        "scheduled_start_target_ns_by_rank": [
          744603541753678,
          744603541753678,
          744603541753678,
          744603541753678
        ],
        "start_record_bracket_ns_by_rank": [
          [
            744603541754447,
            744603541804992
          ],
          [
            744603541754574,
            744603541798827
          ],
          [
            744603541754644,
            744603541809700
          ],
          [
            744603541754664,
            744603541807254
          ]
        ],
        "start_record_envelope_span_ns": 55253,
        "variant": 1
      },
      {
        "collective_only": {
          "local_ms": 0.37305599451065063,
          "rank_max_ms": 0.38121598958969116,
          "rank_ms": [
            0.37305599451065063,
            0.27535998821258545,
            0.38121598958969116,
            0.3671039938926697
          ]
        },
        "pair_attempt_id": 6,
        "pair_retry_ordinal": 0,
        "position": 0,
        "readiness_probe_exact": true,
        "ready_region": {
          "local_ms": 0.41331198811531067,
          "rank_max_ms": 0.42211198806762695,
          "rank_ms": [
            0.41331198811531067,
            0.31590399146080017,
            0.42211198806762695,
            0.4070720076560974
          ]
        },
        "sample_index": 6,
        "scheduled_start_arrival_ns_by_rank": [
          744603548098626,
          744603548328389,
          744603548342163,
          744603548298075
        ],
        "scheduled_start_target_ns_by_rank": [
          744603553342163,
          744603553342163,
          744603553342163,
          744603553342163
        ],
        "start_record_bracket_ns_by_rank": [
          [
            744603553343065,
            744603553387068
          ],
          [
            744603553342897,
            744603553379954
          ],
          [
            744603553342972,
            744603553384539
          ],
          [
            744603553343414,
            744603553387801
          ]
        ],
        "start_record_envelope_span_ns": 44904,
        "variant": 0
      },
      {
        "collective_only": {
          "local_ms": 0.37430399656295776,
          "rank_max_ms": 0.37430399656295776,
          "rank_ms": [
            0.37430399656295776,
            0.27344000339508057,
            0.37110400199890137,
            0.3681600093841553
          ]
        },
        "pair_attempt_id": 7,
        "pair_retry_ordinal": 0,
        "position": 0,
        "readiness_probe_exact": true,
        "ready_region": {
          "local_ms": 0.4145280122756958,
          "rank_max_ms": 0.4145280122756958,
          "rank_ms": [
            0.4145280122756958,
            0.31379199028015137,
            0.4115839898586273,
            0.40832000970840454
          ]
        },
        "sample_index": 7,
        "scheduled_start_arrival_ns_by_rank": [
          744603557578972,
          744603557736218,
          744603557459932,
          744603557714198
        ],
        "scheduled_start_target_ns_by_rank": [
          744603562736218,
          744603562736218,
          744603562736218,
          744603562736218
        ],
        "start_record_bracket_ns_by_rank": [
          [
            744603562737119,
            744603562780167
          ],
          [
            744603562737143,
            744603562776987
          ],
          [
            744603562737371,
            744603562784366
          ],
          [
            744603562737337,
            744603562784890
          ]
        ],
        "start_record_envelope_span_ns": 47771,
        "variant": 1
      },
      {
        "collective_only": {
          "local_ms": 0.38364800810813904,
          "rank_max_ms": 0.38364800810813904,
          "rank_ms": [
            0.38364800810813904,
            0.2779200077056885,
            0.3789440095424652,
            0.2990399897098541
          ]
        },
        "pair_attempt_id": 8,
        "pair_retry_ordinal": 0,
        "position": 0,
        "readiness_probe_exact": true,
        "ready_region": {
          "local_ms": 0.42368000745773315,
          "rank_max_ms": 0.42368000745773315,
          "rank_ms": [
            0.42368000745773315,
            0.31859201192855835,
            0.41763201355934143,
            0.3389120101928711
          ]
        },
        "sample_index": 8,
        "scheduled_start_arrival_ns_by_rank": [
          744603568312560,
          744603568386635,
          744603568488169,
          744603568700600
        ],
        "scheduled_start_target_ns_by_rank": [
          744603573700600,
          744603573700600,
          744603573700600,
          744603573700600
        ],
        "start_record_bracket_ns_by_rank": [
          [
            744603573701316,
            744603573741341
          ],
          [
            744603573701295,
            744603573734667
          ],
          [
            744603573701444,
            744603573742214
          ],
          [
            744603573785275,
            744603573825989
          ]
        ],
        "start_record_envelope_span_ns": 124694,
        "variant": 0
      },
      {
        "collective_only": {
          "local_ms": 0.3681280016899109,
          "rank_max_ms": 0.3724159896373749,
          "rank_ms": [
            0.3681280016899109,
            0.2733440101146698,
            0.3719039857387543,
            0.3724159896373749
          ]
        },
        "pair_attempt_id": 9,
        "pair_retry_ordinal": 0,
        "position": 0,
        "readiness_probe_exact": true,
        "ready_region": {
          "local_ms": 0.4085119962692261,
          "rank_max_ms": 0.41280001401901245,
          "rank_ms": [
            0.4085119962692261,
            0.3141759932041168,
            0.41280001401901245,
            0.41257598996162415
          ]
        },
        "sample_index": 9,
        "scheduled_start_arrival_ns_by_rank": [
          744603581089862,
          744603580690064,
          744603581255070,
          744603581087745
        ],
        "scheduled_start_target_ns_by_rank": [
          744603586255070,
          744603586255070,
          744603586255070,
          744603586255070
        ],
        "start_record_bracket_ns_by_rank": [
          [
            744603586256233,
            744603586304403
          ],
          [
            744603586255772,
            744603586289330
          ],
          [
            744603586255989,
            744603586299563
          ],
          [
            744603586255944,
            744603586296692
          ]
        ],
        "start_record_envelope_span_ns": 48631,
        "variant": 1
      }
    ],
    "warmup_order": [
      [
        "reference"
      ],
      [
        "reference"
      ],
      [
        "reference"
      ]
    ],
    "warmup_variants": [
      1,
      0,
      1
    ]
  },
  "readiness_probe": {
    "dtype": "torch.bfloat16",
    "full_tensor_consumer": "preallocated BF16 negation output",
    "full_tensor_validation": "exact on every warmup and measured sample",
    "num_elements": 60,
    "positions": [
      [
        0,
        0
      ],
      [
        0,
        1
      ],
      [
        0,
        2
      ],
      [
        0,
        3
      ],
      [
        0,
        2048
      ],
      [
        0,
        3072
      ],
      [
        0,
        6140
      ],
      [
        0,
        6141
      ],
      [
        0,
        6142
      ],
      [
        0,
        6143
      ],
      [
        1,
        0
      ],
      [
        1,
        1
      ],
      [
        1,
        2
      ],
      [
        1,
        3
      ],
      [
        1,
        2048
      ],
      [
        1,
        3072
      ],
      [
        1,
        6140
      ],
      [
        1,
        6141
      ],
      [
        1,
        6142
      ],
      [
        1,
        6143
      ],
      [
        2730,
        0
      ],
      [
        2730,
        1
      ],
      [
        2730,
        2
      ],
      [
        2730,
        3
      ],
      [
        2730,
        2048
      ],
      [
        2730,
        3072
      ],
      [
        2730,
        6140
      ],
      [
        2730,
        6141
      ],
      [
        2730,
        6142
      ],
      [
        2730,
        6143
      ],
      [
        4096,
        0
      ],
      [
        4096,
        1
      ],
      [
        4096,
        2
      ],
      [
        4096,
        3
      ],
      [
        4096,
        2048
      ],
      [
        4096,
        3072
      ],
      [
        4096,
        6140
      ],
      [
        4096,
        6141
      ],
      [
        4096,
        6142
      ],
      [
        4096,
        6143
      ],
      [
        8190,
        0
      ],
      [
        8190,
        1
      ],
      [
        8190,
        2
      ],
      [
        8190,
        3
      ],
      [
        8190,
        2048
      ],
      [
        8190,
        3072
      ],
      [
        8190,
        6140
      ],
      [
        8190,
        6141
      ],
      [
        8190,
        6142
      ],
      [
        8190,
        6143
      ],
      [
        8191,
        0
      ],
      [
        8191,
        1
      ],
      [
        8191,
        2
      ],
      [
        8191,
        3
      ],
      [
        8191,
        2048
      ],
      [
        8191,
        3072
      ],
      [
        8191,
        6140
      ],
      [
        8191,
        6141
      ],
      [
        8191,
        6142
      ],
      [
        8191,
        6143
      ]
    ],
    "validation": "exact on every warmup and measured sample"
  },
  "reference": {
    "collective_only": {
      "median_ms": 0.3757440000772476,
      "min_ms": 0.3724159896373749,
      "p95_ms": 0.38121598958969116
    },
    "gate_metric": "ready_region.rank_max_ms",
    "readiness_probe_overhead_median_ms": 0.04020799696445465,
    "ready_region": {
      "median_ms": 0.41521599888801575,
      "min_ms": 0.41280001401901245,
      "p95_ms": 0.42211198806762695
    }
  },
  "reference_policy": "SGLANG_GLM52_OPT=0 production GroupCoordinator path",
  "result_path": "/tmp/tp_allreduce_reachability_20260722T192433Z/semantics/tp4_allreduce_prefill.cuda_graph.nondefault.json",
  "schema_version": 2,
  "scope": "tp4_allreduce_diagnostic_only",
  "timing_contract": {
    "alignment_retry_admission": "scheduled arrivals, common targets, and start-record brackets only; collective and ready-region latency are excluded",
    "collective_only": "start event through event recorded immediately after run()",
    "gate_metric": "ready_region rank-max paired p50",
    "rank_start_alignment": "selected stream synchronized after restoration; TP CPU-group all-gather selects a common same-host monotonic deadline 5 ms after latest arrival; ranks busy-wait; host timestamps bracket every start-event record call; a host-only 500 us envelope predicate allows at most 10 physical attempts for the whole logical A/B pair; the exact input variant alternates on every physical pair",
    "ready_region": "start event through full-tensor same-stream negation and position-sensitive gather",
    "restoration": "variant source-to-local copy and consumer/probe poison occur before every start event"
  },
  "workload": {
    "distributed": true,
    "family": "allreduce",
    "name": "tp4_allreduce_prefill",
    "notes": "Standalone TP4/DP4 balanced 32768-token diagnostic; production caller/ABI not yet proven.",
    "params": {
      "dtype": "bfloat16",
      "hidden": 6144,
      "local_tokens": 8192
    },
    "phase": "prefill",
    "source_symbol": "sglang.srt.distributed.parallel_state.GroupCoordinator.all_reduce",
    "world_size": 4
  }
}
