started_utc=2026-07-22T19:25:42.534775508Z
command= /home/qinhaiyan/glm52-goal-runs/24-tp_allreduce_reachability/kernel-harness/serving_native/run.sh tp4_allreduce_decode_m16 --execution-mode eager --stream default --warmup 3 --repeat 10 --output /tmp/tp_allreduce_reachability_20260722T192433Z/semantics/tp4_allreduce_decode_m16.eager.default.json
timeout_seconds=1800

*****************************************
Setting OMP_NUM_THREADS environment variable for each process to be 1 in default, to avoid your system being overloaded, please further tune the variable for optimal performance in your application as needed. 
*****************************************
/home/qinhaiyan/glm52-goal-runs/24-tp_allreduce_reachability/kernel-harness/.venv/lib/python3.12/site-packages/torch/distributed/c10d_logger.py:83: UserWarning: barrier(): using the device under current context. You can specify `device_id` in `init_process_group` to mute this warning.
  return func(*args, **kwargs)
[rank0]:[W722 19:25:55.906627048 ProcessGroupNCCL.cpp:5188] Guessing device ID based on global rank. This can cause a hang if rank to GPU mapping is heterogeneous. You can specify device_id in init_process_group()
{
  "all_reduce_trace": {
    "enabled": false,
    "evidence_valid": null,
    "failure_counts_by_rank": null,
    "measurement_instrumented": false,
    "paths_by_rank": null,
    "replay_limitation": "Python observes eager dispatch or CUDA graph capture only; CUDA graph replay does not re-enter this hook. Correlate stable kernel names in an Nsight Systems trace to prove replay execution."
  },
  "allreduce": {
    "candidate_capture_context_by_rank": null,
    "candidate_contract_by_rank": null,
    "exact_oracle": "hash[row,col]=(37*(row%127)+17*(col%127)+13*(row%127)*(col%127))%127; base_variant=((hash+shift)%127)-63 for shifts [0,31]; source=base+2*rank-(world_size-1); expected=world_size*base",
    "message_bytes": 196608,
    "reference_contract_by_rank": [
      {
        "exact_values": true,
        "local_poststate": "reduced",
        "output": {
          "device": "cuda:0",
          "dtype": "torch.bfloat16",
          "shape": [
            16,
            6144
          ],
          "stride": [
            6144,
            1
          ]
        },
        "output_aliases_local": true,
        "source_immutable": true
      },
      {
        "exact_values": true,
        "local_poststate": "reduced",
        "output": {
          "device": "cuda:1",
          "dtype": "torch.bfloat16",
          "shape": [
            16,
            6144
          ],
          "stride": [
            6144,
            1
          ]
        },
        "output_aliases_local": true,
        "source_immutable": true
      },
      {
        "exact_values": true,
        "local_poststate": "reduced",
        "output": {
          "device": "cuda:2",
          "dtype": "torch.bfloat16",
          "shape": [
            16,
            6144
          ],
          "stride": [
            6144,
            1
          ]
        },
        "output_aliases_local": true,
        "source_immutable": true
      },
      {
        "exact_values": true,
        "local_poststate": "reduced",
        "output": {
          "device": "cuda:3",
          "dtype": "torch.bfloat16",
          "shape": [
            16,
            6144
          ],
          "stride": [
            6144,
            1
          ]
        },
        "output_aliases_local": true,
        "source_immutable": true
      }
    ],
    "reference_dispatch_by_rank": [
      {
        "communicators": {
          "custom": {
            "algorithm": "ONE_SHOT_PUSH",
            "class": "sglang.srt.distributed.device_communicators.custom_all_reduce_v2.CustomAllReduceV2",
            "fields": {
              "config": "ModeConfig(one_shot_push_threshold=2097152, one_shot_pull_threshold=2097152)",
              "disabled": "False",
              "max_size": "16777216",
              "override_algo": "None",
              "rank": "0",
              "tms_cudagraph": "False",
              "world_size": "4"
            },
            "python_id": 130222104384656,
            "should_custom_ar": {
              "value": true
            }
          },
          "pymscclpp": {
            "should_mscclpp_allreduce": {
              "value": false
            }
          },
          "pynccl": {
            "class": "sglang.srt.distributed.device_communicators.pynccl.PyNcclCommunicator",
            "fields": {
              "disabled": "True",
              "rank": "0",
              "world_size": "4"
            },
            "python_id": 130222104574864,
            "symmetric_pool_enabled": {
              "value": false
            }
          },
          "quick": {
            "should_quick_allreduce": {
              "value": false
            }
          },
          "torch_symmetric_memory": {
            "should_torch_symm_mem_allreduce": {
              "value": false
            }
          }
        },
        "dtype": "torch.bfloat16",
        "execution_mode": "eager",
        "group_name": "tp:0",
        "group_ranks": [
          0,
          1,
          2,
          3
        ],
        "local_size": 0,
        "message_bytes": 196608,
        "phase": "eager",
        "predicted_reference_algorithm": "ONE_SHOT_PUSH",
        "predicted_reference_backend": "custom_all_reduce_outplace",
        "rank": 0,
        "shape": [
          16,
          6144
        ],
        "stream": {
          "cuda_stream": 0,
          "requested": "default"
        },
        "stride": [
          6144,
          1
        ],
        "world_size": 4
      },
      {
        "communicators": {
          "custom": {
            "algorithm": "ONE_SHOT_PUSH",
            "class": "sglang.srt.distributed.device_communicators.custom_all_reduce_v2.CustomAllReduceV2",
            "fields": {
              "config": "ModeConfig(one_shot_push_threshold=2097152, one_shot_pull_threshold=2097152)",
              "disabled": "False",
              "max_size": "16777216",
              "override_algo": "None",
              "rank": "1",
              "tms_cudagraph": "False",
              "world_size": "4"
            },
            "python_id": 133105475479328,
            "should_custom_ar": {
              "value": true
            }
          },
          "pymscclpp": {
            "should_mscclpp_allreduce": {
              "value": false
            }
          },
          "pynccl": {
            "class": "sglang.srt.distributed.device_communicators.pynccl.PyNcclCommunicator",
            "fields": {
              "disabled": "True",
              "rank": "1",
              "world_size": "4"
            },
            "python_id": 133105475110624,
            "symmetric_pool_enabled": {
              "value": false
            }
          },
          "quick": {
            "should_quick_allreduce": {
              "value": false
            }
          },
          "torch_symmetric_memory": {
            "should_torch_symm_mem_allreduce": {
              "value": false
            }
          }
        },
        "dtype": "torch.bfloat16",
        "execution_mode": "eager",
        "group_name": "tp:0",
        "group_ranks": [
          0,
          1,
          2,
          3
        ],
        "local_size": 0,
        "message_bytes": 196608,
        "phase": "eager",
        "predicted_reference_algorithm": "ONE_SHOT_PUSH",
        "predicted_reference_backend": "custom_all_reduce_outplace",
        "rank": 1,
        "shape": [
          16,
          6144
        ],
        "stream": {
          "cuda_stream": 0,
          "requested": "default"
        },
        "stride": [
          6144,
          1
        ],
        "world_size": 4
      },
      {
        "communicators": {
          "custom": {
            "algorithm": "ONE_SHOT_PUSH",
            "class": "sglang.srt.distributed.device_communicators.custom_all_reduce_v2.CustomAllReduceV2",
            "fields": {
              "config": "ModeConfig(one_shot_push_threshold=2097152, one_shot_pull_threshold=2097152)",
              "disabled": "False",
              "max_size": "16777216",
              "override_algo": "None",
              "rank": "2",
              "tms_cudagraph": "False",
              "world_size": "4"
            },
            "python_id": 128789773785168,
            "should_custom_ar": {
              "value": true
            }
          },
          "pymscclpp": {
            "should_mscclpp_allreduce": {
              "value": false
            }
          },
          "pynccl": {
            "class": "sglang.srt.distributed.device_communicators.pynccl.PyNcclCommunicator",
            "fields": {
              "disabled": "True",
              "rank": "2",
              "world_size": "4"
            },
            "python_id": 128789713778880,
            "symmetric_pool_enabled": {
              "value": false
            }
          },
          "quick": {
            "should_quick_allreduce": {
              "value": false
            }
          },
          "torch_symmetric_memory": {
            "should_torch_symm_mem_allreduce": {
              "value": false
            }
          }
        },
        "dtype": "torch.bfloat16",
        "execution_mode": "eager",
        "group_name": "tp:0",
        "group_ranks": [
          0,
          1,
          2,
          3
        ],
        "local_size": 0,
        "message_bytes": 196608,
        "phase": "eager",
        "predicted_reference_algorithm": "ONE_SHOT_PUSH",
        "predicted_reference_backend": "custom_all_reduce_outplace",
        "rank": 2,
        "shape": [
          16,
          6144
        ],
        "stream": {
          "cuda_stream": 0,
          "requested": "default"
        },
        "stride": [
          6144,
          1
        ],
        "world_size": 4
      },
      {
        "communicators": {
          "custom": {
            "algorithm": "ONE_SHOT_PUSH",
            "class": "sglang.srt.distributed.device_communicators.custom_all_reduce_v2.CustomAllReduceV2",
            "fields": {
              "config": "ModeConfig(one_shot_push_threshold=2097152, one_shot_pull_threshold=2097152)",
              "disabled": "False",
              "max_size": "16777216",
              "override_algo": "None",
              "rank": "3",
              "tms_cudagraph": "False",
              "world_size": "4"
            },
            "python_id": 124762453942224,
            "should_custom_ar": {
              "value": true
            }
          },
          "pymscclpp": {
            "should_mscclpp_allreduce": {
              "value": false
            }
          },
          "pynccl": {
            "class": "sglang.srt.distributed.device_communicators.pynccl.PyNcclCommunicator",
            "fields": {
              "disabled": "True",
              "rank": "3",
              "world_size": "4"
            },
            "python_id": 124762427809936,
            "symmetric_pool_enabled": {
              "value": false
            }
          },
          "quick": {
            "should_quick_allreduce": {
              "value": false
            }
          },
          "torch_symmetric_memory": {
            "should_torch_symm_mem_allreduce": {
              "value": false
            }
          }
        },
        "dtype": "torch.bfloat16",
        "execution_mode": "eager",
        "group_name": "tp:0",
        "group_ranks": [
          0,
          1,
          2,
          3
        ],
        "local_size": 0,
        "message_bytes": 196608,
        "phase": "eager",
        "predicted_reference_algorithm": "ONE_SHOT_PUSH",
        "predicted_reference_backend": "custom_all_reduce_outplace",
        "rank": 3,
        "shape": [
          16,
          6144
        ],
        "stream": {
          "cuda_stream": 0,
          "requested": "default"
        },
        "stride": [
          6144,
          1
        ],
        "world_size": 4
      }
    ]
  },
  "candidate": null,
  "correctness": {
    "alternating_input_variants": 2,
    "candidate_state_guarded": false,
    "exact_full_checks": "before and after timing",
    "exact_full_tensor_consumer": "every warmup and measured sample",
    "exact_position_probe": "every warmup and measured sample",
    "passed": true,
    "validation_errors_aggregated_over_tp_cpu_group": true
  },
  "disposition": "tp4_reference_characterization_only",
  "environment": {
    "device": {
      "capability": [
        10,
        0
      ],
      "name": "NVIDIA B200",
      "rank": 0,
      "total_memory": 191490555904
    },
    "device_by_rank": [
      {
        "capability": [
          10,
          0
        ],
        "name": "NVIDIA B200",
        "rank": 0,
        "total_memory": 191490555904
      },
      {
        "capability": [
          10,
          0
        ],
        "name": "NVIDIA B200",
        "rank": 1,
        "total_memory": 191490555904
      },
      {
        "capability": [
          10,
          0
        ],
        "name": "NVIDIA B200",
        "rank": 2,
        "total_memory": 191490555904
      },
      {
        "capability": [
          10,
          0
        ],
        "name": "NVIDIA B200",
        "rank": 3,
        "total_memory": 191490555904
      }
    ],
    "env": {
      "CUDA_VISIBLE_DEVICES": "0,1,2,3",
      "NCCL_ALGO": null,
      "NCCL_PROTO": null,
      "SGLANG_ALL_REDUCE_TRACE": null,
      "SGLANG_GLM52_OPT": "0",
      "SGLANG_OPT_USE_CUSTOM_ALL_REDUCE_V2": null,
      "SGLANG_ROOT": "/home/qinhaiyan/glm52-goal-runs/24-tp_allreduce_reachability/sglang"
    },
    "kernel_harness_git": {
      "branch": "goal/glm52-prod-24-tp_allreduce_reachability",
      "dirty": false,
      "root": "/home/qinhaiyan/glm52-goal-runs/24-tp_allreduce_reachability/kernel-harness",
      "sha": "bea4a8cd294a84f2d305cd023eb3fed281de4b1e",
      "status": []
    },
    "packages": {
      "flashinfer": {
        "path": "/mnt/OS-oKqEXySb/home/qinhaiyan/miniconda3/envs/sglang/lib/python3.12/site-packages/flashinfer/__init__.py",
        "version": "0.6.12"
      },
      "sgl_kernel": {
        "path": "/mnt/OS-oKqEXySb/home/qinhaiyan/miniconda3/envs/sglang/lib/python3.12/site-packages/sgl_kernel/__init__.py",
        "version": "0.4.4"
      },
      "sglang": {
        "path": "/home/qinhaiyan/glm52-goal-runs/24-tp_allreduce_reachability/sglang/python/sglang/__init__.py",
        "version": "0.5.15"
      },
      "torch": {
        "cuda": "13.0",
        "nccl": [
          2,
          28,
          9
        ],
        "path": "/mnt/OS-oKqEXySb/home/qinhaiyan/miniconda3/envs/sglang/lib/python3.12/site-packages/torch/__init__.py",
        "version": "2.11.0+cu130"
      },
      "triton": {
        "path": "/mnt/OS-oKqEXySb/home/qinhaiyan/miniconda3/envs/sglang/lib/python3.12/site-packages/triton/__init__.py",
        "version": "3.6.0"
      }
    },
    "python": "/home/qinhaiyan/glm52-goal-runs/24-tp_allreduce_reachability/kernel-harness/.venv/bin/python",
    "python_version": "3.12.13 | packaged by Anaconda, Inc. | (main, Jul  9 2026, 14:38:16) [GCC 14.3.0]",
    "sglang_git": {
      "branch": "goal/glm52-prod-24-tp_allreduce_reachability",
      "dirty": false,
      "root": "/home/qinhaiyan/glm52-goal-runs/24-tp_allreduce_reachability/sglang",
      "sha": "a91928c6f713d69722176a8d13781367e9b78dc4",
      "status": []
    }
  },
  "execution": {
    "cuda_stream": 0,
    "default_to_execution_waits_outside_timing": 3,
    "mode": "eager",
    "nvtx_measurement_range": "serving_native/tp4_allreduce_decode_m16/eager/default/reference",
    "nvtx_rank_synchronization": "rank 0 push after a TP CPU-group barrier; all ranks wait at a second barrier before measurement and before rank 0 pop",
    "stream": "default"
  },
  "gate": {
    "candidate_present": false,
    "metric": "paired ready-region rank-max p50 speedup",
    "minimum_speedup": 1.03,
    "passed": null,
    "performance_eligible": true,
    "stock_fallback_active": true
  },
  "production_acceptance": "This direct TP4 callable is not proof of the GLM serving caller/ABI and cannot be relabeled as TP8 evidence.",
  "raw_samples": {
    "alignment_policy": {
      "accepted_pair_attempts": 10,
      "admission_fields": [
        "scheduled_start_arrival_ns_by_rank",
        "scheduled_start_target_ns_by_rank",
        "start_record_bracket_ns_by_rank",
        "start_record_envelope_span_ns"
      ],
      "initial_input_variant": 0,
      "latency_fields_excluded": true,
      "max_pair_attempts": 10,
      "next_input_variant": 0,
      "rejected_pair_attempts": 0,
      "requested_logical_pairs": 10,
      "start_record_envelope_limit_ns": 500000,
      "total_pair_attempts": 10
    },
    "candidate": null,
    "measured_order": [
      [
        "reference"
      ],
      [
        "reference"
      ],
      [
        "reference"
      ],
      [
        "reference"
      ],
      [
        "reference"
      ],
      [
        "reference"
      ],
      [
        "reference"
      ],
      [
        "reference"
      ],
      [
        "reference"
      ],
      [
        "reference"
      ]
    ],
    "measurement_attempts": [
      {
        "accepted": true,
        "attempt_id": 0,
        "logical_pair_index": 0,
        "order": [
          "reference"
        ],
        "rejection_reasons": [],
        "retry_ordinal": 0,
        "samples": {
          "reference": {
            "collective_only": {
              "local_ms": 0.2149759978055954,
              "rank_max_ms": 0.25971201062202454,
              "rank_ms": [
                0.2149759978055954,
                0.2401600033044815,
                0.25971201062202454,
                0.2335360050201416
              ]
            },
            "pair_attempt_id": 0,
            "pair_retry_ordinal": 0,
            "position": 0,
            "readiness_probe_exact": true,
            "ready_region": {
              "local_ms": 0.3351359963417053,
              "rank_max_ms": 0.37596800923347473,
              "rank_ms": [
                0.3351359963417053,
                0.3689279854297638,
                0.37596800923347473,
                0.3463360071182251
              ]
            },
            "sample_index": 0,
            "scheduled_start_arrival_ns_by_rank": [
              744458849060539,
              744458849065650,
              744458849455841,
              744458848801009
            ],
            "scheduled_start_target_ns_by_rank": [
              744458854455841,
              744458854455841,
              744458854455841,
              744458854455841
            ],
            "start_record_bracket_ns_by_rank": [
              [
                744458854456367,
                744458854480426
              ],
              [
                744458854456875,
                744458854497606
              ],
              [
                744458854456642,
                744458854508533
              ],
              [
                744458854456405,
                744458854494563
              ]
            ],
            "start_record_envelope_span_ns": 52166,
            "variant": 0
          }
        },
        "variant": 0
      },
      {
        "accepted": true,
        "attempt_id": 1,
        "logical_pair_index": 1,
        "order": [
          "reference"
        ],
        "rejection_reasons": [],
        "retry_ordinal": 0,
        "samples": {
          "reference": {
            "collective_only": {
              "local_ms": 0.17507199943065643,
              "rank_max_ms": 0.21087999641895294,
              "rank_ms": [
                0.17507199943065643,
                0.19407999515533447,
                0.20524799823760986,
                0.21087999641895294
              ]
            },
            "pair_attempt_id": 1,
            "pair_retry_ordinal": 0,
            "position": 0,
            "readiness_probe_exact": true,
            "ready_region": {
              "local_ms": 0.2750079929828644,
              "rank_max_ms": 0.3142080008983612,
              "rank_ms": [
                0.2750079929828644,
                0.2988480031490326,
                0.2993279993534088,
                0.3142080008983612
              ]
            },
            "sample_index": 1,
            "scheduled_start_arrival_ns_by_rank": [
              744458859865305,
              744458860634351,
              744458860383985,
              744458860457352
            ],
            "scheduled_start_target_ns_by_rank": [
              744458865634351,
              744458865634351,
              744458865634351,
              744458865634351
            ],
            "start_record_bracket_ns_by_rank": [
              [
                744458865634855,
                744458865653504
              ],
              [
                744458865635299,
                744458865668080
              ],
              [
                744458865635060,
                744458865671110
              ],
              [
                744458865635272,
                744458865675521
              ]
            ],
            "start_record_envelope_span_ns": 40666,
            "variant": 1
          }
        },
        "variant": 1
      },
      {
        "accepted": true,
        "attempt_id": 2,
        "logical_pair_index": 2,
        "order": [
          "reference"
        ],
        "rejection_reasons": [],
        "retry_ordinal": 0,
        "samples": {
          "reference": {
            "collective_only": {
              "local_ms": 0.19359999895095825,
              "rank_max_ms": 0.29423999786376953,
              "rank_ms": [
                0.19359999895095825,
                0.20905600488185883,
                0.24649600684642792,
                0.29423999786376953
              ]
            },
            "pair_attempt_id": 2,
            "pair_retry_ordinal": 0,
            "position": 0,
            "readiness_probe_exact": true,
            "ready_region": {
              "local_ms": 0.3141759932041168,
              "rank_max_ms": 0.41833600401878357,
              "rank_ms": [
                0.3141759932041168,
                0.32207998633384705,
                0.3412480056285858,
                0.41833600401878357
              ]
            },
            "sample_index": 2,
            "scheduled_start_arrival_ns_by_rank": [
              744458870477630,
              744458870927769,
              744458870630548,
              744458870904295
            ],
            "scheduled_start_target_ns_by_rank": [
              744458875927769,
              744458875927769,
              744458875927769,
              744458875927769
            ],
            "start_record_bracket_ns_by_rank": [
              [
                744458875928304,
                744458875947978
              ],
              [
                744458875928801,
                744458875963211
              ],
              [
                744458875928538,
                744458875974529
              ],
              [
                744458875929950,
                744458875982769
              ]
            ],
            "start_record_envelope_span_ns": 54465,
            "variant": 0
          }
        },
        "variant": 0
      },
      {
        "accepted": true,
        "attempt_id": 3,
        "logical_pair_index": 3,
        "order": [
          "reference"
        ],
        "rejection_reasons": [],
        "retry_ordinal": 0,
        "samples": {
          "reference": {
            "collective_only": {
              "local_ms": 0.4928959906101227,
              "rank_max_ms": 0.4928959906101227,
              "rank_ms": [
                0.4928959906101227,
                0.47152000665664673,
                0.30460798740386963,
                0.36419200897216797
              ]
            },
            "pair_attempt_id": 3,
            "pair_retry_ordinal": 0,
            "position": 0,
            "readiness_probe_exact": true,
            "ready_region": {
              "local_ms": 0.5027199983596802,
              "rank_max_ms": 0.5027199983596802,
              "rank_ms": [
                0.5027199983596802,
                0.48159998655319214,
                0.4448640048503876,
                0.4604479968547821
              ]
            },
            "sample_index": 3,
            "scheduled_start_arrival_ns_by_rank": [
              744458881582191,
              744458881693877,
              744458881662846,
              744458881954289
            ],
            "scheduled_start_target_ns_by_rank": [
              744458886954289,
              744458886954289,
              744458886954289,
              744458886954289
            ],
            "start_record_bracket_ns_by_rank": [
              [
                744458886954743,
                744458886977382
              ],
              [
                744458886955123,
                744458887024999
              ],
              [
                744458887248470,
                744458887308361
              ],
              [
                744458887060679,
                744458887107290
              ]
            ],
            "start_record_envelope_span_ns": 353618,
            "variant": 1
          }
        },
        "variant": 1
      },
      {
        "accepted": true,
        "attempt_id": 4,
        "logical_pair_index": 4,
        "order": [
          "reference"
        ],
        "rejection_reasons": [],
        "retry_ordinal": 0,
        "samples": {
          "reference": {
            "collective_only": {
              "local_ms": 0.20032000541687012,
              "rank_max_ms": 0.22803199291229248,
              "rank_ms": [
                0.20032000541687012,
                0.20768000185489655,
                0.20496000349521637,
                0.22803199291229248
              ]
            },
            "pair_attempt_id": 4,
            "pair_retry_ordinal": 0,
            "position": 0,
            "readiness_probe_exact": true,
            "ready_region": {
              "local_ms": 0.29363200068473816,
              "rank_max_ms": 0.32838401198387146,
              "rank_ms": [
                0.29363200068473816,
                0.305759996175766,
                0.291456013917923,
                0.32838401198387146
              ]
            },
            "sample_index": 4,
            "scheduled_start_arrival_ns_by_rank": [
              744458890687072,
              744458891042659,
              744458890754322,
              744458890707457
            ],
            "scheduled_start_target_ns_by_rank": [
              744458896042659,
              744458896042659,
              744458896042659,
              744458896042659
            ],
            "start_record_bracket_ns_by_rank": [
              [
                744458896043201,
                744458896060843
              ],
              [
                744458896043467,
                744458896076827
              ],
              [
                744458896043137,
                744458896074956
              ],
              [
                744458896043851,
                744458896087156
              ]
            ],
            "start_record_envelope_span_ns": 44019,
            "variant": 0
          }
        },
        "variant": 0
      },
      {
        "accepted": true,
        "attempt_id": 5,
        "logical_pair_index": 5,
        "order": [
          "reference"
        ],
        "rejection_reasons": [],
        "retry_ordinal": 0,
        "samples": {
          "reference": {
            "collective_only": {
              "local_ms": 0.1955520063638687,
              "rank_max_ms": 0.23110400140285492,
              "rank_ms": [
                0.1955520063638687,
                0.2165440022945404,
                0.2258560061454773,
                0.23110400140285492
              ]
            },
            "pair_attempt_id": 5,
            "pair_retry_ordinal": 0,
            "position": 0,
            "readiness_probe_exact": true,
            "ready_region": {
              "local_ms": 0.31091201305389404,
              "rank_max_ms": 0.33110401034355164,
              "rank_ms": [
                0.31091201305389404,
                0.3192960023880005,
                0.32390400767326355,
                0.33110401034355164
              ]
            },
            "sample_index": 5,
            "scheduled_start_arrival_ns_by_rank": [
              744458900943638,
              744458900692537,
              744458900627154,
              744458900823734
            ],
            "scheduled_start_target_ns_by_rank": [
              744458905943638,
              744458905943638,
              744458905943638,
              744458905943638
            ],
            "start_record_bracket_ns_by_rank": [
              [
                744458905944212,
                744458905965366
              ],
              [
                744458905944609,
                744458905977197
              ],
              [
                744458905944561,
                744458905980220
              ],
              [
                744458905944809,
                744458905982908
              ]
            ],
            "start_record_envelope_span_ns": 38696,
            "variant": 1
          }
        },
        "variant": 1
      },
      {
        "accepted": true,
        "attempt_id": 6,
        "logical_pair_index": 6,
        "order": [
          "reference"
        ],
        "rejection_reasons": [],
        "retry_ordinal": 0,
        "samples": {
          "reference": {
            "collective_only": {
              "local_ms": 0.1563519984483719,
              "rank_max_ms": 0.1767680048942566,
              "rank_ms": [
                0.1563519984483719,
                0.16220800578594208,
                0.16543999314308167,
                0.1767680048942566
              ]
            },
            "pair_attempt_id": 6,
            "pair_retry_ordinal": 0,
            "position": 0,
            "readiness_probe_exact": true,
            "ready_region": {
              "local_ms": 0.2409919947385788,
              "rank_max_ms": 0.2606399953365326,
              "rank_ms": [
                0.2409919947385788,
                0.24643200635910034,
                0.24620799720287323,
                0.2606399953365326
              ]
            },
            "sample_index": 6,
            "scheduled_start_arrival_ns_by_rank": [
              744458910792578,
              744458911362973,
              744458911298709,
              744458911620611
            ],
            "scheduled_start_target_ns_by_rank": [
              744458916620611,
              744458916620611,
              744458916620611,
              744458916620611
            ],
            "start_record_bracket_ns_by_rank": [
              [
                744458916621149,
                744458916637967
              ],
              [
                744458916621520,
                744458916647885
              ],
              [
                744458916621201,
                744458916646855
              ],
              [
                744458916621680,
                744458916654330
              ]
            ],
            "start_record_envelope_span_ns": 33181,
            "variant": 0
          }
        },
        "variant": 0
      },
      {
        "accepted": true,
        "attempt_id": 7,
        "logical_pair_index": 7,
        "order": [
          "reference"
        ],
        "rejection_reasons": [],
        "retry_ordinal": 0,
        "samples": {
          "reference": {
            "collective_only": {
              "local_ms": 0.21590399742126465,
              "rank_max_ms": 0.23721599578857422,
              "rank_ms": [
                0.21590399742126465,
                0.20470400154590607,
                0.23721599578857422,
                0.2253119945526123
              ]
            },
            "pair_attempt_id": 7,
            "pair_retry_ordinal": 0,
            "position": 0,
            "readiness_probe_exact": true,
            "ready_region": {
              "local_ms": 0.32739201188087463,
              "rank_max_ms": 0.3360320031642914,
              "rank_ms": [
                0.32739201188087463,
                0.3166080117225647,
                0.3360320031642914,
                0.32892799377441406
              ]
            },
            "sample_index": 7,
            "scheduled_start_arrival_ns_by_rank": [
              744458921604935,
              744458921327079,
              744458921127265,
              744458921977695
            ],
            "scheduled_start_target_ns_by_rank": [
              744458926977695,
              744458926977695,
              744458926977695,
              744458926977695
            ],
            "start_record_bracket_ns_by_rank": [
              [
                744458926978238,
                744458927009970
              ],
              [
                744458926978406,
                744458927019457
              ],
              [
                744458926978636,
                744458927030294
              ],
              [
                744458926978974,
                744458927028085
              ]
            ],
            "start_record_envelope_span_ns": 52056,
            "variant": 1
          }
        },
        "variant": 1
      },
      {
        "accepted": true,
        "attempt_id": 8,
        "logical_pair_index": 8,
        "order": [
          "reference"
        ],
        "rejection_reasons": [],
        "retry_ordinal": 0,
        "samples": {
          "reference": {
            "collective_only": {
              "local_ms": 0.18003199994564056,
              "rank_max_ms": 0.21193599700927734,
              "rank_ms": [
                0.18003199994564056,
                0.21193599700927734,
                0.2078080028295517,
                0.19968000054359436
              ]
            },
            "pair_attempt_id": 8,
            "pair_retry_ordinal": 0,
            "position": 0,
            "readiness_probe_exact": true,
            "ready_region": {
              "local_ms": 0.27167999744415283,
              "rank_max_ms": 0.3099519908428192,
              "rank_ms": [
                0.27167999744415283,
                0.3099519908428192,
                0.29788801074028015,
                0.2932159900665283
              ]
            },
            "sample_index": 8,
            "scheduled_start_arrival_ns_by_rank": [
              744458930704125,
              744458930941587,
              744458930816443,
              744458931080936
            ],
            "scheduled_start_target_ns_by_rank": [
              744458936080936,
              744458936080936,
              744458936080936,
              744458936080936
            ],
            "start_record_bracket_ns_by_rank": [
              [
                744458936081469,
                744458936098352
              ],
              [
                744458936081728,
                744458936115190
              ],
              [
                744458936081767,
                744458936115883
              ],
              [
                744458936081659,
                744458936115905
              ]
            ],
            "start_record_envelope_span_ns": 34436,
            "variant": 0
          }
        },
        "variant": 0
      },
      {
        "accepted": true,
        "attempt_id": 9,
        "logical_pair_index": 9,
        "order": [
          "reference"
        ],
        "rejection_reasons": [],
        "retry_ordinal": 0,
        "samples": {
          "reference": {
            "collective_only": {
              "local_ms": 0.16707199811935425,
              "rank_max_ms": 0.2479040026664734,
              "rank_ms": [
                0.16707199811935425,
                0.19731199741363525,
                0.20934399962425232,
                0.2479040026664734
              ]
            },
            "pair_attempt_id": 9,
            "pair_retry_ordinal": 0,
            "position": 0,
            "readiness_probe_exact": true,
            "ready_region": {
              "local_ms": 0.2740800082683563,
              "rank_max_ms": 0.3813439905643463,
              "rank_ms": [
                0.2740800082683563,
                0.29894399642944336,
                0.30137598514556885,
                0.3813439905643463
              ]
            },
            "sample_index": 9,
            "scheduled_start_arrival_ns_by_rank": [
              744458940467698,
              744458940637240,
              744458940581920,
              744458940784727
            ],
            "scheduled_start_target_ns_by_rank": [
              744458945784727,
              744458945784727,
              744458945784727,
              744458945784727
            ],
            "start_record_bracket_ns_by_rank": [
              [
                744458945785271,
                744458945803663
              ],
              [
                744458945785461,
                744458945815499
              ],
              [
                744458945785513,
                744458945820199
              ],
              [
                744458945785558,
                744458945822889
              ]
            ],
            "start_record_envelope_span_ns": 37618,
            "variant": 1
          }
        },
        "variant": 1
      }
    ],
    "rank_order": [
      0,
      1,
      2,
      3
    ],
    "reference": [
      {
        "collective_only": {
          "local_ms": 0.2149759978055954,
          "rank_max_ms": 0.25971201062202454,
          "rank_ms": [
            0.2149759978055954,
            0.2401600033044815,
            0.25971201062202454,
            0.2335360050201416
          ]
        },
        "pair_attempt_id": 0,
        "pair_retry_ordinal": 0,
        "position": 0,
        "readiness_probe_exact": true,
        "ready_region": {
          "local_ms": 0.3351359963417053,
          "rank_max_ms": 0.37596800923347473,
          "rank_ms": [
            0.3351359963417053,
            0.3689279854297638,
            0.37596800923347473,
            0.3463360071182251
          ]
        },
        "sample_index": 0,
        "scheduled_start_arrival_ns_by_rank": [
          744458849060539,
          744458849065650,
          744458849455841,
          744458848801009
        ],
        "scheduled_start_target_ns_by_rank": [
          744458854455841,
          744458854455841,
          744458854455841,
          744458854455841
        ],
        "start_record_bracket_ns_by_rank": [
          [
            744458854456367,
            744458854480426
          ],
          [
            744458854456875,
            744458854497606
          ],
          [
            744458854456642,
            744458854508533
          ],
          [
            744458854456405,
            744458854494563
          ]
        ],
        "start_record_envelope_span_ns": 52166,
        "variant": 0
      },
      {
        "collective_only": {
          "local_ms": 0.17507199943065643,
          "rank_max_ms": 0.21087999641895294,
          "rank_ms": [
            0.17507199943065643,
            0.19407999515533447,
            0.20524799823760986,
            0.21087999641895294
          ]
        },
        "pair_attempt_id": 1,
        "pair_retry_ordinal": 0,
        "position": 0,
        "readiness_probe_exact": true,
        "ready_region": {
          "local_ms": 0.2750079929828644,
          "rank_max_ms": 0.3142080008983612,
          "rank_ms": [
            0.2750079929828644,
            0.2988480031490326,
            0.2993279993534088,
            0.3142080008983612
          ]
        },
        "sample_index": 1,
        "scheduled_start_arrival_ns_by_rank": [
          744458859865305,
          744458860634351,
          744458860383985,
          744458860457352
        ],
        "scheduled_start_target_ns_by_rank": [
          744458865634351,
          744458865634351,
          744458865634351,
          744458865634351
        ],
        "start_record_bracket_ns_by_rank": [
          [
            744458865634855,
            744458865653504
          ],
          [
            744458865635299,
            744458865668080
          ],
          [
            744458865635060,
            744458865671110
          ],
          [
            744458865635272,
            744458865675521
          ]
        ],
        "start_record_envelope_span_ns": 40666,
        "variant": 1
      },
      {
        "collective_only": {
          "local_ms": 0.19359999895095825,
          "rank_max_ms": 0.29423999786376953,
          "rank_ms": [
            0.19359999895095825,
            0.20905600488185883,
            0.24649600684642792,
            0.29423999786376953
          ]
        },
        "pair_attempt_id": 2,
        "pair_retry_ordinal": 0,
        "position": 0,
        "readiness_probe_exact": true,
        "ready_region": {
          "local_ms": 0.3141759932041168,
          "rank_max_ms": 0.41833600401878357,
          "rank_ms": [
            0.3141759932041168,
            0.32207998633384705,
            0.3412480056285858,
            0.41833600401878357
          ]
        },
        "sample_index": 2,
        "scheduled_start_arrival_ns_by_rank": [
          744458870477630,
          744458870927769,
          744458870630548,
          744458870904295
        ],
        "scheduled_start_target_ns_by_rank": [
          744458875927769,
          744458875927769,
          744458875927769,
          744458875927769
        ],
        "start_record_bracket_ns_by_rank": [
          [
            744458875928304,
            744458875947978
          ],
          [
            744458875928801,
            744458875963211
          ],
          [
            744458875928538,
            744458875974529
          ],
          [
            744458875929950,
            744458875982769
          ]
        ],
        "start_record_envelope_span_ns": 54465,
        "variant": 0
      },
      {
        "collective_only": {
          "local_ms": 0.4928959906101227,
          "rank_max_ms": 0.4928959906101227,
          "rank_ms": [
            0.4928959906101227,
            0.47152000665664673,
            0.30460798740386963,
            0.36419200897216797
          ]
        },
        "pair_attempt_id": 3,
        "pair_retry_ordinal": 0,
        "position": 0,
        "readiness_probe_exact": true,
        "ready_region": {
          "local_ms": 0.5027199983596802,
          "rank_max_ms": 0.5027199983596802,
          "rank_ms": [
            0.5027199983596802,
            0.48159998655319214,
            0.4448640048503876,
            0.4604479968547821
          ]
        },
        "sample_index": 3,
        "scheduled_start_arrival_ns_by_rank": [
          744458881582191,
          744458881693877,
          744458881662846,
          744458881954289
        ],
        "scheduled_start_target_ns_by_rank": [
          744458886954289,
          744458886954289,
          744458886954289,
          744458886954289
        ],
        "start_record_bracket_ns_by_rank": [
          [
            744458886954743,
            744458886977382
          ],
          [
            744458886955123,
            744458887024999
          ],
          [
            744458887248470,
            744458887308361
          ],
          [
            744458887060679,
            744458887107290
          ]
        ],
        "start_record_envelope_span_ns": 353618,
        "variant": 1
      },
      {
        "collective_only": {
          "local_ms": 0.20032000541687012,
          "rank_max_ms": 0.22803199291229248,
          "rank_ms": [
            0.20032000541687012,
            0.20768000185489655,
            0.20496000349521637,
            0.22803199291229248
          ]
        },
        "pair_attempt_id": 4,
        "pair_retry_ordinal": 0,
        "position": 0,
        "readiness_probe_exact": true,
        "ready_region": {
          "local_ms": 0.29363200068473816,
          "rank_max_ms": 0.32838401198387146,
          "rank_ms": [
            0.29363200068473816,
            0.305759996175766,
            0.291456013917923,
            0.32838401198387146
          ]
        },
        "sample_index": 4,
        "scheduled_start_arrival_ns_by_rank": [
          744458890687072,
          744458891042659,
          744458890754322,
          744458890707457
        ],
        "scheduled_start_target_ns_by_rank": [
          744458896042659,
          744458896042659,
          744458896042659,
          744458896042659
        ],
        "start_record_bracket_ns_by_rank": [
          [
            744458896043201,
            744458896060843
          ],
          [
            744458896043467,
            744458896076827
          ],
          [
            744458896043137,
            744458896074956
          ],
          [
            744458896043851,
            744458896087156
          ]
        ],
        "start_record_envelope_span_ns": 44019,
        "variant": 0
      },
      {
        "collective_only": {
          "local_ms": 0.1955520063638687,
          "rank_max_ms": 0.23110400140285492,
          "rank_ms": [
            0.1955520063638687,
            0.2165440022945404,
            0.2258560061454773,
            0.23110400140285492
          ]
        },
        "pair_attempt_id": 5,
        "pair_retry_ordinal": 0,
        "position": 0,
        "readiness_probe_exact": true,
        "ready_region": {
          "local_ms": 0.31091201305389404,
          "rank_max_ms": 0.33110401034355164,
          "rank_ms": [
            0.31091201305389404,
            0.3192960023880005,
            0.32390400767326355,
            0.33110401034355164
          ]
        },
        "sample_index": 5,
        "scheduled_start_arrival_ns_by_rank": [
          744458900943638,
          744458900692537,
          744458900627154,
          744458900823734
        ],
        "scheduled_start_target_ns_by_rank": [
          744458905943638,
          744458905943638,
          744458905943638,
          744458905943638
        ],
        "start_record_bracket_ns_by_rank": [
          [
            744458905944212,
            744458905965366
          ],
          [
            744458905944609,
            744458905977197
          ],
          [
            744458905944561,
            744458905980220
          ],
          [
            744458905944809,
            744458905982908
          ]
        ],
        "start_record_envelope_span_ns": 38696,
        "variant": 1
      },
      {
        "collective_only": {
          "local_ms": 0.1563519984483719,
          "rank_max_ms": 0.1767680048942566,
          "rank_ms": [
            0.1563519984483719,
            0.16220800578594208,
            0.16543999314308167,
            0.1767680048942566
          ]
        },
        "pair_attempt_id": 6,
        "pair_retry_ordinal": 0,
        "position": 0,
        "readiness_probe_exact": true,
        "ready_region": {
          "local_ms": 0.2409919947385788,
          "rank_max_ms": 0.2606399953365326,
          "rank_ms": [
            0.2409919947385788,
            0.24643200635910034,
            0.24620799720287323,
            0.2606399953365326
          ]
        },
        "sample_index": 6,
        "scheduled_start_arrival_ns_by_rank": [
          744458910792578,
          744458911362973,
          744458911298709,
          744458911620611
        ],
        "scheduled_start_target_ns_by_rank": [
          744458916620611,
          744458916620611,
          744458916620611,
          744458916620611
        ],
        "start_record_bracket_ns_by_rank": [
          [
            744458916621149,
            744458916637967
          ],
          [
            744458916621520,
            744458916647885
          ],
          [
            744458916621201,
            744458916646855
          ],
          [
            744458916621680,
            744458916654330
          ]
        ],
        "start_record_envelope_span_ns": 33181,
        "variant": 0
      },
      {
        "collective_only": {
          "local_ms": 0.21590399742126465,
          "rank_max_ms": 0.23721599578857422,
          "rank_ms": [
            0.21590399742126465,
            0.20470400154590607,
            0.23721599578857422,
            0.2253119945526123
          ]
        },
        "pair_attempt_id": 7,
        "pair_retry_ordinal": 0,
        "position": 0,
        "readiness_probe_exact": true,
        "ready_region": {
          "local_ms": 0.32739201188087463,
          "rank_max_ms": 0.3360320031642914,
          "rank_ms": [
            0.32739201188087463,
            0.3166080117225647,
            0.3360320031642914,
            0.32892799377441406
          ]
        },
        "sample_index": 7,
        "scheduled_start_arrival_ns_by_rank": [
          744458921604935,
          744458921327079,
          744458921127265,
          744458921977695
        ],
        "scheduled_start_target_ns_by_rank": [
          744458926977695,
          744458926977695,
          744458926977695,
          744458926977695
        ],
        "start_record_bracket_ns_by_rank": [
          [
            744458926978238,
            744458927009970
          ],
          [
            744458926978406,
            744458927019457
          ],
          [
            744458926978636,
            744458927030294
          ],
          [
            744458926978974,
            744458927028085
          ]
        ],
        "start_record_envelope_span_ns": 52056,
        "variant": 1
      },
      {
        "collective_only": {
          "local_ms": 0.18003199994564056,
          "rank_max_ms": 0.21193599700927734,
          "rank_ms": [
            0.18003199994564056,
            0.21193599700927734,
            0.2078080028295517,
            0.19968000054359436
          ]
        },
        "pair_attempt_id": 8,
        "pair_retry_ordinal": 0,
        "position": 0,
        "readiness_probe_exact": true,
        "ready_region": {
          "local_ms": 0.27167999744415283,
          "rank_max_ms": 0.3099519908428192,
          "rank_ms": [
            0.27167999744415283,
            0.3099519908428192,
            0.29788801074028015,
            0.2932159900665283
          ]
        },
        "sample_index": 8,
        "scheduled_start_arrival_ns_by_rank": [
          744458930704125,
          744458930941587,
          744458930816443,
          744458931080936
        ],
        "scheduled_start_target_ns_by_rank": [
          744458936080936,
          744458936080936,
          744458936080936,
          744458936080936
        ],
        "start_record_bracket_ns_by_rank": [
          [
            744458936081469,
            744458936098352
          ],
          [
            744458936081728,
            744458936115190
          ],
          [
            744458936081767,
            744458936115883
          ],
          [
            744458936081659,
            744458936115905
          ]
        ],
        "start_record_envelope_span_ns": 34436,
        "variant": 0
      },
      {
        "collective_only": {
          "local_ms": 0.16707199811935425,
          "rank_max_ms": 0.2479040026664734,
          "rank_ms": [
            0.16707199811935425,
            0.19731199741363525,
            0.20934399962425232,
            0.2479040026664734
          ]
        },
        "pair_attempt_id": 9,
        "pair_retry_ordinal": 0,
        "position": 0,
        "readiness_probe_exact": true,
        "ready_region": {
          "local_ms": 0.2740800082683563,
          "rank_max_ms": 0.3813439905643463,
          "rank_ms": [
            0.2740800082683563,
            0.29894399642944336,
            0.30137598514556885,
            0.3813439905643463
          ]
        },
        "sample_index": 9,
        "scheduled_start_arrival_ns_by_rank": [
          744458940467698,
          744458940637240,
          744458940581920,
          744458940784727
        ],
        "scheduled_start_target_ns_by_rank": [
          744458945784727,
          744458945784727,
          744458945784727,
          744458945784727
        ],
        "start_record_bracket_ns_by_rank": [
          [
            744458945785271,
            744458945803663
          ],
          [
            744458945785461,
            744458945815499
          ],
          [
            744458945785513,
            744458945820199
          ],
          [
            744458945785558,
            744458945822889
          ]
        ],
        "start_record_envelope_span_ns": 37618,
        "variant": 1
      }
    ],
    "warmup_order": [
      [
        "reference"
      ],
      [
        "reference"
      ],
      [
        "reference"
      ]
    ],
    "warmup_variants": [
      1,
      0,
      1
    ]
  },
  "readiness_probe": {
    "dtype": "torch.bfloat16",
    "full_tensor_consumer": "preallocated BF16 negation output",
    "full_tensor_validation": "exact on every warmup and measured sample",
    "num_elements": 60,
    "positions": [
      [
        0,
        0
      ],
      [
        0,
        1
      ],
      [
        0,
        2
      ],
      [
        0,
        3
      ],
      [
        0,
        2048
      ],
      [
        0,
        3072
      ],
      [
        0,
        6140
      ],
      [
        0,
        6141
      ],
      [
        0,
        6142
      ],
      [
        0,
        6143
      ],
      [
        1,
        0
      ],
      [
        1,
        1
      ],
      [
        1,
        2
      ],
      [
        1,
        3
      ],
      [
        1,
        2048
      ],
      [
        1,
        3072
      ],
      [
        1,
        6140
      ],
      [
        1,
        6141
      ],
      [
        1,
        6142
      ],
      [
        1,
        6143
      ],
      [
        5,
        0
      ],
      [
        5,
        1
      ],
      [
        5,
        2
      ],
      [
        5,
        3
      ],
      [
        5,
        2048
      ],
      [
        5,
        3072
      ],
      [
        5,
        6140
      ],
      [
        5,
        6141
      ],
      [
        5,
        6142
      ],
      [
        5,
        6143
      ],
      [
        8,
        0
      ],
      [
        8,
        1
      ],
      [
        8,
        2
      ],
      [
        8,
        3
      ],
      [
        8,
        2048
      ],
      [
        8,
        3072
      ],
      [
        8,
        6140
      ],
      [
        8,
        6141
      ],
      [
        8,
        6142
      ],
      [
        8,
        6143
      ],
      [
        14,
        0
      ],
      [
        14,
        1
      ],
      [
        14,
        2
      ],
      [
        14,
        3
      ],
      [
        14,
        2048
      ],
      [
        14,
        3072
      ],
      [
        14,
        6140
      ],
      [
        14,
        6141
      ],
      [
        14,
        6142
      ],
      [
        14,
        6143
      ],
      [
        15,
        0
      ],
      [
        15,
        1
      ],
      [
        15,
        2
      ],
      [
        15,
        3
      ],
      [
        15,
        2048
      ],
      [
        15,
        3072
      ],
      [
        15,
        6140
      ],
      [
        15,
        6141
      ],
      [
        15,
        6142
      ],
      [
        15,
        6143
      ]
    ],
    "validation": "exact on every warmup and measured sample"
  },
  "reference": {
    "collective_only": {
      "median_ms": 0.23415999859571457,
      "min_ms": 0.1767680048942566,
      "p95_ms": 0.29423999786376953
    },
    "gate_metric": "ready_region.rank_max_ms",
    "readiness_probe_overhead_median_ms": 0.10017601400613785,
    "ready_region": {
      "median_ms": 0.3335680067539215,
      "min_ms": 0.2606399953365326,
      "p95_ms": 0.41833600401878357
    }
  },
  "reference_policy": "SGLANG_GLM52_OPT=0 production GroupCoordinator path",
  "result_path": "/tmp/tp_allreduce_reachability_20260722T192433Z/semantics/tp4_allreduce_decode_m16.eager.default.json",
  "schema_version": 2,
  "scope": "tp4_allreduce_diagnostic_only",
  "timing_contract": {
    "alignment_retry_admission": "scheduled arrivals, common targets, and start-record brackets only; collective and ready-region latency are excluded",
    "collective_only": "start event through event recorded immediately after run()",
    "gate_metric": "ready_region rank-max paired p50",
    "rank_start_alignment": "selected stream synchronized after restoration; TP CPU-group all-gather selects a common same-host monotonic deadline 5 ms after latest arrival; ranks busy-wait; host timestamps bracket every start-event record call; a host-only 500 us envelope predicate allows at most 10 physical attempts for the whole logical A/B pair; the exact input variant alternates on every physical pair",
    "ready_region": "start event through full-tensor same-stream negation and position-sensitive gather",
    "restoration": "variant source-to-local copy and consumer/probe poison occur before every start event"
  },
  "workload": {
    "distributed": true,
    "family": "allreduce",
    "name": "tp4_allreduce_decode_m16",
    "notes": "TP4/DP4 decode bucket: local M=16; sum reduction. Standalone diagnostic; production caller/ABI not yet proven.",
    "params": {
      "dtype": "bfloat16",
      "hidden": 6144,
      "local_tokens": 16
    },
    "phase": "decode",
    "source_symbol": "sglang.srt.distributed.parallel_state.GroupCoordinator.all_reduce",
    "world_size": 4
  }
}
