started_utc=2026-07-22T19:27:48.754103709Z
command= /home/qinhaiyan/glm52-goal-runs/24-tp_allreduce_reachability/kernel-harness/serving_native/run.sh tp4_allreduce_prefill --execution-mode eager --stream nondefault --warmup 3 --repeat 10 --output /tmp/tp_allreduce_reachability_20260722T192433Z/semantics/tp4_allreduce_prefill.eager.nondefault.json
timeout_seconds=1800

*****************************************
Setting OMP_NUM_THREADS environment variable for each process to be 1 in default, to avoid your system being overloaded, please further tune the variable for optimal performance in your application as needed. 
*****************************************
/home/qinhaiyan/glm52-goal-runs/24-tp_allreduce_reachability/kernel-harness/.venv/lib/python3.12/site-packages/torch/distributed/c10d_logger.py:83: UserWarning: barrier(): using the device under current context. You can specify `device_id` in `init_process_group` to mute this warning.
  return func(*args, **kwargs)
[rank0]:[W722 19:28:03.640989041 ProcessGroupNCCL.cpp:5188] Guessing device ID based on global rank. This can cause a hang if rank to GPU mapping is heterogeneous. You can specify device_id in init_process_group()
{
  "all_reduce_trace": {
    "enabled": false,
    "evidence_valid": null,
    "failure_counts_by_rank": null,
    "measurement_instrumented": false,
    "paths_by_rank": null,
    "replay_limitation": "Python observes eager dispatch or CUDA graph capture only; CUDA graph replay does not re-enter this hook. Correlate stable kernel names in an Nsight Systems trace to prove replay execution."
  },
  "allreduce": {
    "candidate_capture_context_by_rank": null,
    "candidate_contract_by_rank": null,
    "exact_oracle": "hash[row,col]=(37*(row%127)+17*(col%127)+13*(row%127)*(col%127))%127; base_variant=((hash+shift)%127)-63 for shifts [0,31]; source=base+2*rank-(world_size-1); expected=world_size*base",
    "message_bytes": 100663296,
    "reference_contract_by_rank": [
      {
        "exact_values": true,
        "local_poststate": "reduced",
        "output": {
          "device": "cuda:0",
          "dtype": "torch.bfloat16",
          "shape": [
            8192,
            6144
          ],
          "stride": [
            6144,
            1
          ]
        },
        "output_aliases_local": true,
        "source_immutable": true
      },
      {
        "exact_values": true,
        "local_poststate": "reduced",
        "output": {
          "device": "cuda:1",
          "dtype": "torch.bfloat16",
          "shape": [
            8192,
            6144
          ],
          "stride": [
            6144,
            1
          ]
        },
        "output_aliases_local": true,
        "source_immutable": true
      },
      {
        "exact_values": true,
        "local_poststate": "reduced",
        "output": {
          "device": "cuda:2",
          "dtype": "torch.bfloat16",
          "shape": [
            8192,
            6144
          ],
          "stride": [
            6144,
            1
          ]
        },
        "output_aliases_local": true,
        "source_immutable": true
      },
      {
        "exact_values": true,
        "local_poststate": "reduced",
        "output": {
          "device": "cuda:3",
          "dtype": "torch.bfloat16",
          "shape": [
            8192,
            6144
          ],
          "stride": [
            6144,
            1
          ]
        },
        "output_aliases_local": true,
        "source_immutable": true
      }
    ],
    "reference_dispatch_by_rank": [
      {
        "communicators": {
          "custom": {
            "algorithm": "TWO_SHOT_PULL",
            "class": "sglang.srt.distributed.device_communicators.custom_all_reduce_v2.CustomAllReduceV2",
            "fields": {
              "config": "ModeConfig(one_shot_push_threshold=2097152, one_shot_pull_threshold=2097152)",
              "disabled": "False",
              "max_size": "16777216",
              "override_algo": "None",
              "rank": "0",
              "tms_cudagraph": "False",
              "world_size": "4"
            },
            "python_id": 124259604973280,
            "should_custom_ar": {
              "value": false
            }
          },
          "pymscclpp": {
            "should_mscclpp_allreduce": {
              "value": false
            }
          },
          "pynccl": {
            "class": "sglang.srt.distributed.device_communicators.pynccl.PyNcclCommunicator",
            "fields": {
              "disabled": "True",
              "rank": "0",
              "world_size": "4"
            },
            "python_id": 124259522564496,
            "symmetric_pool_enabled": {
              "value": false
            }
          },
          "quick": {
            "should_quick_allreduce": {
              "value": false
            }
          },
          "torch_symmetric_memory": {
            "should_torch_symm_mem_allreduce": {
              "value": false
            }
          }
        },
        "dtype": "torch.bfloat16",
        "execution_mode": "eager",
        "group_name": "tp:0",
        "group_ranks": [
          0,
          1,
          2,
          3
        ],
        "local_size": 0,
        "message_bytes": 100663296,
        "phase": "eager",
        "predicted_reference_algorithm": "SUM",
        "predicted_reference_backend": "torch_distributed_inplace",
        "rank": 0,
        "shape": [
          8192,
          6144
        ],
        "stream": {
          "cuda_stream": 110606907187296,
          "requested": "nondefault"
        },
        "stride": [
          6144,
          1
        ],
        "world_size": 4
      },
      {
        "communicators": {
          "custom": {
            "algorithm": "TWO_SHOT_PULL",
            "class": "sglang.srt.distributed.device_communicators.custom_all_reduce_v2.CustomAllReduceV2",
            "fields": {
              "config": "ModeConfig(one_shot_push_threshold=2097152, one_shot_pull_threshold=2097152)",
              "disabled": "False",
              "max_size": "16777216",
              "override_algo": "None",
              "rank": "1",
              "tms_cudagraph": "False",
              "world_size": "4"
            },
            "python_id": 133551472219184,
            "should_custom_ar": {
              "value": false
            }
          },
          "pymscclpp": {
            "should_mscclpp_allreduce": {
              "value": false
            }
          },
          "pynccl": {
            "class": "sglang.srt.distributed.device_communicators.pynccl.PyNcclCommunicator",
            "fields": {
              "disabled": "True",
              "rank": "1",
              "world_size": "4"
            },
            "python_id": 133551472425440,
            "symmetric_pool_enabled": {
              "value": false
            }
          },
          "quick": {
            "should_quick_allreduce": {
              "value": false
            }
          },
          "torch_symmetric_memory": {
            "should_torch_symm_mem_allreduce": {
              "value": false
            }
          }
        },
        "dtype": "torch.bfloat16",
        "execution_mode": "eager",
        "group_name": "tp:0",
        "group_ranks": [
          0,
          1,
          2,
          3
        ],
        "local_size": 0,
        "message_bytes": 100663296,
        "phase": "eager",
        "predicted_reference_algorithm": "SUM",
        "predicted_reference_backend": "torch_distributed_inplace",
        "rank": 1,
        "shape": [
          8192,
          6144
        ],
        "stream": {
          "cuda_stream": 97852077993392,
          "requested": "nondefault"
        },
        "stride": [
          6144,
          1
        ],
        "world_size": 4
      },
      {
        "communicators": {
          "custom": {
            "algorithm": "TWO_SHOT_PULL",
            "class": "sglang.srt.distributed.device_communicators.custom_all_reduce_v2.CustomAllReduceV2",
            "fields": {
              "config": "ModeConfig(one_shot_push_threshold=2097152, one_shot_pull_threshold=2097152)",
              "disabled": "False",
              "max_size": "16777216",
              "override_algo": "None",
              "rank": "2",
              "tms_cudagraph": "False",
              "world_size": "4"
            },
            "python_id": 132613668313072,
            "should_custom_ar": {
              "value": false
            }
          },
          "pymscclpp": {
            "should_mscclpp_allreduce": {
              "value": false
            }
          },
          "pynccl": {
            "class": "sglang.srt.distributed.device_communicators.pynccl.PyNcclCommunicator",
            "fields": {
              "disabled": "True",
              "rank": "2",
              "world_size": "4"
            },
            "python_id": 132613529250576,
            "symmetric_pool_enabled": {
              "value": false
            }
          },
          "quick": {
            "should_quick_allreduce": {
              "value": false
            }
          },
          "torch_symmetric_memory": {
            "should_torch_symm_mem_allreduce": {
              "value": false
            }
          }
        },
        "dtype": "torch.bfloat16",
        "execution_mode": "eager",
        "group_name": "tp:0",
        "group_ranks": [
          0,
          1,
          2,
          3
        ],
        "local_size": 0,
        "message_bytes": 100663296,
        "phase": "eager",
        "predicted_reference_algorithm": "SUM",
        "predicted_reference_backend": "torch_distributed_inplace",
        "rank": 2,
        "shape": [
          8192,
          6144
        ],
        "stream": {
          "cuda_stream": 97248106909200,
          "requested": "nondefault"
        },
        "stride": [
          6144,
          1
        ],
        "world_size": 4
      },
      {
        "communicators": {
          "custom": {
            "algorithm": "TWO_SHOT_PULL",
            "class": "sglang.srt.distributed.device_communicators.custom_all_reduce_v2.CustomAllReduceV2",
            "fields": {
              "config": "ModeConfig(one_shot_push_threshold=2097152, one_shot_pull_threshold=2097152)",
              "disabled": "False",
              "max_size": "16777216",
              "override_algo": "None",
              "rank": "3",
              "tms_cudagraph": "False",
              "world_size": "4"
            },
            "python_id": 136110122459712,
            "should_custom_ar": {
              "value": false
            }
          },
          "pymscclpp": {
            "should_mscclpp_allreduce": {
              "value": false
            }
          },
          "pynccl": {
            "class": "sglang.srt.distributed.device_communicators.pynccl.PyNcclCommunicator",
            "fields": {
              "disabled": "True",
              "rank": "3",
              "world_size": "4"
            },
            "python_id": 136109993949616,
            "symmetric_pool_enabled": {
              "value": false
            }
          },
          "quick": {
            "should_quick_allreduce": {
              "value": false
            }
          },
          "torch_symmetric_memory": {
            "should_torch_symm_mem_allreduce": {
              "value": false
            }
          }
        },
        "dtype": "torch.bfloat16",
        "execution_mode": "eager",
        "group_name": "tp:0",
        "group_ranks": [
          0,
          1,
          2,
          3
        ],
        "local_size": 0,
        "message_bytes": 100663296,
        "phase": "eager",
        "predicted_reference_algorithm": "SUM",
        "predicted_reference_backend": "torch_distributed_inplace",
        "rank": 3,
        "shape": [
          8192,
          6144
        ],
        "stream": {
          "cuda_stream": 99461365293872,
          "requested": "nondefault"
        },
        "stride": [
          6144,
          1
        ],
        "world_size": 4
      }
    ]
  },
  "candidate": null,
  "correctness": {
    "alternating_input_variants": 2,
    "candidate_state_guarded": false,
    "exact_full_checks": "before and after timing",
    "exact_full_tensor_consumer": "every warmup and measured sample",
    "exact_position_probe": "every warmup and measured sample",
    "passed": true,
    "validation_errors_aggregated_over_tp_cpu_group": true
  },
  "disposition": "tp4_reference_characterization_only",
  "environment": {
    "device": {
      "capability": [
        10,
        0
      ],
      "name": "NVIDIA B200",
      "rank": 0,
      "total_memory": 191490555904
    },
    "device_by_rank": [
      {
        "capability": [
          10,
          0
        ],
        "name": "NVIDIA B200",
        "rank": 0,
        "total_memory": 191490555904
      },
      {
        "capability": [
          10,
          0
        ],
        "name": "NVIDIA B200",
        "rank": 1,
        "total_memory": 191490555904
      },
      {
        "capability": [
          10,
          0
        ],
        "name": "NVIDIA B200",
        "rank": 2,
        "total_memory": 191490555904
      },
      {
        "capability": [
          10,
          0
        ],
        "name": "NVIDIA B200",
        "rank": 3,
        "total_memory": 191490555904
      }
    ],
    "env": {
      "CUDA_VISIBLE_DEVICES": "0,1,2,3",
      "NCCL_ALGO": null,
      "NCCL_PROTO": null,
      "SGLANG_ALL_REDUCE_TRACE": null,
      "SGLANG_GLM52_OPT": "0",
      "SGLANG_OPT_USE_CUSTOM_ALL_REDUCE_V2": null,
      "SGLANG_ROOT": "/home/qinhaiyan/glm52-goal-runs/24-tp_allreduce_reachability/sglang"
    },
    "kernel_harness_git": {
      "branch": "goal/glm52-prod-24-tp_allreduce_reachability",
      "dirty": false,
      "root": "/home/qinhaiyan/glm52-goal-runs/24-tp_allreduce_reachability/kernel-harness",
      "sha": "bea4a8cd294a84f2d305cd023eb3fed281de4b1e",
      "status": []
    },
    "packages": {
      "flashinfer": {
        "path": "/mnt/OS-oKqEXySb/home/qinhaiyan/miniconda3/envs/sglang/lib/python3.12/site-packages/flashinfer/__init__.py",
        "version": "0.6.12"
      },
      "sgl_kernel": {
        "path": "/mnt/OS-oKqEXySb/home/qinhaiyan/miniconda3/envs/sglang/lib/python3.12/site-packages/sgl_kernel/__init__.py",
        "version": "0.4.4"
      },
      "sglang": {
        "path": "/home/qinhaiyan/glm52-goal-runs/24-tp_allreduce_reachability/sglang/python/sglang/__init__.py",
        "version": "0.5.15"
      },
      "torch": {
        "cuda": "13.0",
        "nccl": [
          2,
          28,
          9
        ],
        "path": "/mnt/OS-oKqEXySb/home/qinhaiyan/miniconda3/envs/sglang/lib/python3.12/site-packages/torch/__init__.py",
        "version": "2.11.0+cu130"
      },
      "triton": {
        "path": "/mnt/OS-oKqEXySb/home/qinhaiyan/miniconda3/envs/sglang/lib/python3.12/site-packages/triton/__init__.py",
        "version": "3.6.0"
      }
    },
    "python": "/home/qinhaiyan/glm52-goal-runs/24-tp_allreduce_reachability/kernel-harness/.venv/bin/python",
    "python_version": "3.12.13 | packaged by Anaconda, Inc. | (main, Jul  9 2026, 14:38:16) [GCC 14.3.0]",
    "sglang_git": {
      "branch": "goal/glm52-prod-24-tp_allreduce_reachability",
      "dirty": false,
      "root": "/home/qinhaiyan/glm52-goal-runs/24-tp_allreduce_reachability/sglang",
      "sha": "a91928c6f713d69722176a8d13781367e9b78dc4",
      "status": []
    }
  },
  "execution": {
    "cuda_stream": 110606907187296,
    "default_to_execution_waits_outside_timing": 3,
    "mode": "eager",
    "nvtx_measurement_range": "serving_native/tp4_allreduce_prefill/eager/nondefault/reference",
    "nvtx_rank_synchronization": "rank 0 push after a TP CPU-group barrier; all ranks wait at a second barrier before measurement and before rank 0 pop",
    "stream": "nondefault"
  },
  "gate": {
    "candidate_present": false,
    "metric": "paired ready-region rank-max p50 speedup",
    "minimum_speedup": 1.03,
    "passed": null,
    "performance_eligible": true,
    "stock_fallback_active": true
  },
  "production_acceptance": "This direct TP4 callable is not proof of the GLM serving caller/ABI and cannot be relabeled as TP8 evidence.",
  "raw_samples": {
    "alignment_policy": {
      "accepted_pair_attempts": 10,
      "admission_fields": [
        "scheduled_start_arrival_ns_by_rank",
        "scheduled_start_target_ns_by_rank",
        "start_record_bracket_ns_by_rank",
        "start_record_envelope_span_ns"
      ],
      "initial_input_variant": 0,
      "latency_fields_excluded": true,
      "max_pair_attempts": 10,
      "next_input_variant": 0,
      "rejected_pair_attempts": 0,
      "requested_logical_pairs": 10,
      "start_record_envelope_limit_ns": 500000,
      "total_pair_attempts": 10
    },
    "candidate": null,
    "measured_order": [
      [
        "reference"
      ],
      [
        "reference"
      ],
      [
        "reference"
      ],
      [
        "reference"
      ],
      [
        "reference"
      ],
      [
        "reference"
      ],
      [
        "reference"
      ],
      [
        "reference"
      ],
      [
        "reference"
      ],
      [
        "reference"
      ]
    ],
    "measurement_attempts": [
      {
        "accepted": true,
        "attempt_id": 0,
        "logical_pair_index": 0,
        "order": [
          "reference"
        ],
        "rejection_reasons": [],
        "retry_ordinal": 0,
        "samples": {
          "reference": {
            "collective_only": {
              "local_ms": 0.5483520030975342,
              "rank_max_ms": 0.8249920010566711,
              "rank_ms": [
                0.5483520030975342,
                0.7295680046081543,
                0.8235200047492981,
                0.8249920010566711
              ]
            },
            "pair_attempt_id": 0,
            "pair_retry_ordinal": 0,
            "position": 0,
            "readiness_probe_exact": true,
            "ready_region": {
              "local_ms": 0.5882880091667175,
              "rank_max_ms": 0.8659200072288513,
              "rank_ms": [
                0.5882880091667175,
                0.7705280184745789,
                0.8623359799385071,
                0.8659200072288513
              ]
            },
            "sample_index": 0,
            "scheduled_start_arrival_ns_by_rank": [
              744586606161786,
              744586606020332,
              744586606496128,
              744586606148202
            ],
            "scheduled_start_target_ns_by_rank": [
              744586611496128,
              744586611496128,
              744586611496128,
              744586611496128
            ],
            "start_record_bracket_ns_by_rank": [
              [
                744586611754943,
                744586611813745
              ],
              [
                744586611496830,
                744586611531679
              ],
              [
                744586611496996,
                744586611539750
              ],
              [
                744586611496991,
                744586611537101
              ]
            ],
            "start_record_envelope_span_ns": 316915,
            "variant": 0
          }
        },
        "variant": 0
      },
      {
        "accepted": true,
        "attempt_id": 1,
        "logical_pair_index": 1,
        "order": [
          "reference"
        ],
        "rejection_reasons": [],
        "retry_ordinal": 0,
        "samples": {
          "reference": {
            "collective_only": {
              "local_ms": 0.5946559906005859,
              "rank_max_ms": 0.6104320287704468,
              "rank_ms": [
                0.5946559906005859,
                0.5176960229873657,
                0.6104320287704468,
                0.6080319881439209
              ]
            },
            "pair_attempt_id": 1,
            "pair_retry_ordinal": 0,
            "position": 0,
            "readiness_probe_exact": true,
            "ready_region": {
              "local_ms": 0.6346240043640137,
              "rank_max_ms": 0.6513919830322266,
              "rank_ms": [
                0.6346240043640137,
                0.5567039847373962,
                0.6513919830322266,
                0.6488639712333679
              ]
            },
            "sample_index": 1,
            "scheduled_start_arrival_ns_by_rank": [
              744586618523581,
              744586618159550,
              744586618451468,
              744586618455156
            ],
            "scheduled_start_target_ns_by_rank": [
              744586623523581,
              744586623523581,
              744586623523581,
              744586623523581
            ],
            "start_record_bracket_ns_by_rank": [
              [
                744586623524843,
                744586623585305
              ],
              [
                744586623524321,
                744586623557748
              ],
              [
                744586623525021,
                744586623574391
              ],
              [
                744586623524716,
                744586623567664
              ]
            ],
            "start_record_envelope_span_ns": 60984,
            "variant": 1
          }
        },
        "variant": 1
      },
      {
        "accepted": true,
        "attempt_id": 2,
        "logical_pair_index": 2,
        "order": [
          "reference"
        ],
        "rejection_reasons": [],
        "retry_ordinal": 0,
        "samples": {
          "reference": {
            "collective_only": {
              "local_ms": 0.5890560150146484,
              "rank_max_ms": 0.6022719740867615,
              "rank_ms": [
                0.5890560150146484,
                0.5090240240097046,
                0.5991359949111938,
                0.6022719740867615
              ]
            },
            "pair_attempt_id": 2,
            "pair_retry_ordinal": 0,
            "position": 0,
            "readiness_probe_exact": true,
            "ready_region": {
              "local_ms": 0.6291840076446533,
              "rank_max_ms": 0.6421759724617004,
              "rank_ms": [
                0.6291840076446533,
                0.5501120090484619,
                0.6382079720497131,
                0.6421759724617004
              ]
            },
            "sample_index": 2,
            "scheduled_start_arrival_ns_by_rank": [
              744586631425765,
              744586631152445,
              744586631527001,
              744586631399011
            ],
            "scheduled_start_target_ns_by_rank": [
              744586636527001,
              744586636527001,
              744586636527001,
              744586636527001
            ],
            "start_record_bracket_ns_by_rank": [
              [
                744586636528200,
                744586636582770
              ],
              [
                744586636527576,
                744586636559801
              ],
              [
                744586636528612,
                744586636575071
              ],
              [
                744586636527930,
                744586636566281
              ]
            ],
            "start_record_envelope_span_ns": 55194,
            "variant": 0
          }
        },
        "variant": 0
      },
      {
        "accepted": true,
        "attempt_id": 3,
        "logical_pair_index": 3,
        "order": [
          "reference"
        ],
        "rejection_reasons": [],
        "retry_ordinal": 0,
        "samples": {
          "reference": {
            "collective_only": {
              "local_ms": 0.6032320261001587,
              "rank_max_ms": 0.6190400123596191,
              "rank_ms": [
                0.6032320261001587,
                0.5203199982643127,
                0.6190400123596191,
                0.616927981376648
              ]
            },
            "pair_attempt_id": 3,
            "pair_retry_ordinal": 0,
            "position": 0,
            "readiness_probe_exact": true,
            "ready_region": {
              "local_ms": 0.6431999802589417,
              "rank_max_ms": 0.6580479741096497,
              "rank_ms": [
                0.6431999802589417,
                0.5603200197219849,
                0.6580479741096497,
                0.6568639874458313
              ]
            },
            "sample_index": 3,
            "scheduled_start_arrival_ns_by_rank": [
              744586641894472,
              744586641493779,
              744586641662580,
              744586641842366
            ],
            "scheduled_start_target_ns_by_rank": [
              744586646894472,
              744586646894472,
              744586646894472,
              744586646894472
            ],
            "start_record_bracket_ns_by_rank": [
              [
                744586646895323,
                744586646943146
              ],
              [
                744586646895308,
                744586646923438
              ],
              [
                744586646895306,
                744586646929515
              ],
              [
                744586646895515,
                744586646925270
              ]
            ],
            "start_record_envelope_span_ns": 47840,
            "variant": 1
          }
        },
        "variant": 1
      },
      {
        "accepted": true,
        "attempt_id": 4,
        "logical_pair_index": 4,
        "order": [
          "reference"
        ],
        "rejection_reasons": [],
        "retry_ordinal": 0,
        "samples": {
          "reference": {
            "collective_only": {
              "local_ms": 0.6000000238418579,
              "rank_max_ms": 0.616703987121582,
              "rank_ms": [
                0.6000000238418579,
                0.5118079781532288,
                0.616703987121582,
                0.6126400232315063
              ]
            },
            "pair_attempt_id": 4,
            "pair_retry_ordinal": 0,
            "position": 0,
            "readiness_probe_exact": true,
            "ready_region": {
              "local_ms": 0.6399999856948853,
              "rank_max_ms": 0.6576640009880066,
              "rank_ms": [
                0.6399999856948853,
                0.5508800148963928,
                0.6576640009880066,
                0.6525760293006897
              ]
            },
            "sample_index": 4,
            "scheduled_start_arrival_ns_by_rank": [
              744586654293020,
              744586653884596,
              744586653807545,
              744586654425971
            ],
            "scheduled_start_target_ns_by_rank": [
              744586659425971,
              744586659425971,
              744586659425971,
              744586659425971
            ],
            "start_record_bracket_ns_by_rank": [
              [
                744586659426489,
                744586659475053
              ],
              [
                744586659426664,
                744586659461050
              ],
              [
                744586659426876,
                744586659462603
              ],
              [
                744586659426838,
                744586659459189
              ]
            ],
            "start_record_envelope_span_ns": 48564,
            "variant": 0
          }
        },
        "variant": 0
      },
      {
        "accepted": true,
        "attempt_id": 5,
        "logical_pair_index": 5,
        "order": [
          "reference"
        ],
        "rejection_reasons": [],
        "retry_ordinal": 0,
        "samples": {
          "reference": {
            "collective_only": {
              "local_ms": 0.6032000184059143,
              "rank_max_ms": 0.6212159991264343,
              "rank_ms": [
                0.6032000184059143,
                0.5147839784622192,
                0.6212159991264343,
                0.6192319989204407
              ]
            },
            "pair_attempt_id": 5,
            "pair_retry_ordinal": 0,
            "position": 0,
            "readiness_probe_exact": true,
            "ready_region": {
              "local_ms": 0.642911970615387,
              "rank_max_ms": 0.660319983959198,
              "rank_ms": [
                0.642911970615387,
                0.5536959767341614,
                0.660319983959198,
                0.6602879762649536
              ]
            },
            "sample_index": 5,
            "scheduled_start_arrival_ns_by_rank": [
              744586666812664,
              744586666341824,
              744586666584565,
              744586666735573
            ],
            "scheduled_start_target_ns_by_rank": [
              744586671812664,
              744586671812664,
              744586671812664,
              744586671812664
            ],
            "start_record_bracket_ns_by_rank": [
              [
                744586671814051,
                744586671870903
              ],
              [
                744586671813501,
                744586671850144
              ],
              [
                744586671813581,
                744586671853492
              ],
              [
                744586671813662,
                744586671851331
              ]
            ],
            "start_record_envelope_span_ns": 57402,
            "variant": 1
          }
        },
        "variant": 1
      },
      {
        "accepted": true,
        "attempt_id": 6,
        "logical_pair_index": 6,
        "order": [
          "reference"
        ],
        "rejection_reasons": [],
        "retry_ordinal": 0,
        "samples": {
          "reference": {
            "collective_only": {
              "local_ms": 0.5944640040397644,
              "rank_max_ms": 0.6079040169715881,
              "rank_ms": [
                0.5944640040397644,
                0.505728006362915,
                0.604960024356842,
                0.6079040169715881
              ]
            },
            "pair_attempt_id": 6,
            "pair_retry_ordinal": 0,
            "position": 0,
            "readiness_probe_exact": true,
            "ready_region": {
              "local_ms": 0.6344640254974365,
              "rank_max_ms": 0.6480000019073486,
              "rank_ms": [
                0.6344640254974365,
                0.5469440221786499,
                0.6459519863128662,
                0.6480000019073486
              ]
            },
            "sample_index": 6,
            "scheduled_start_arrival_ns_by_rank": [
              744586680849216,
              744586680745111,
              744586680852869,
              744586681042684
            ],
            "scheduled_start_target_ns_by_rank": [
              744586686042684,
              744586686042684,
              744586686042684,
              744586686042684
            ],
            "start_record_bracket_ns_by_rank": [
              [
                744586686043939,
                744586686104275
              ],
              [
                744586686043593,
                744586686084371
              ],
              [
                744586686043594,
                744586686091591
              ],
              [
                744586686043894,
                744586686084971
              ]
            ],
            "start_record_envelope_span_ns": 60682,
            "variant": 0
          }
        },
        "variant": 0
      },
      {
        "accepted": true,
        "attempt_id": 7,
        "logical_pair_index": 7,
        "order": [
          "reference"
        ],
        "rejection_reasons": [],
        "retry_ordinal": 0,
        "samples": {
          "reference": {
            "collective_only": {
              "local_ms": 0.5940160155296326,
              "rank_max_ms": 0.606112003326416,
              "rank_ms": [
                0.5940160155296326,
                0.515999972820282,
                0.606112003326416,
                0.602400004863739
              ]
            },
            "pair_attempt_id": 7,
            "pair_retry_ordinal": 0,
            "position": 0,
            "readiness_probe_exact": true,
            "ready_region": {
              "local_ms": 0.6339520215988159,
              "rank_max_ms": 0.6451839804649353,
              "rank_ms": [
                0.6339520215988159,
                0.5549119710922241,
                0.6451839804649353,
                0.6423360109329224
              ]
            },
            "sample_index": 7,
            "scheduled_start_arrival_ns_by_rank": [
              744586692972447,
              744586692486195,
              744586692613174,
              744586692897905
            ],
            "scheduled_start_target_ns_by_rank": [
              744586697972447,
              744586697972447,
              744586697972447,
              744586697972447
            ],
            "start_record_bracket_ns_by_rank": [
              [
                744586697973460,
                744586698040983
              ],
              [
                744586697973081,
                744586698019516
              ],
              [
                744586697973192,
                744586698033092
              ],
              [
                744586697973304,
                744586698031952
              ]
            ],
            "start_record_envelope_span_ns": 67902,
            "variant": 1
          }
        },
        "variant": 1
      },
      {
        "accepted": true,
        "attempt_id": 8,
        "logical_pair_index": 8,
        "order": [
          "reference"
        ],
        "rejection_reasons": [],
        "retry_ordinal": 0,
        "samples": {
          "reference": {
            "collective_only": {
              "local_ms": 0.5964159965515137,
              "rank_max_ms": 0.6137279868125916,
              "rank_ms": [
                0.5964159965515137,
                0.5120959877967834,
                0.6137279868125916,
                0.6087679862976074
              ]
            },
            "pair_attempt_id": 8,
            "pair_retry_ordinal": 0,
            "position": 0,
            "readiness_probe_exact": true,
            "ready_region": {
              "local_ms": 0.6364160180091858,
              "rank_max_ms": 0.6546559929847717,
              "rank_ms": [
                0.6364160180091858,
                0.5512319803237915,
                0.6546559929847717,
                0.6496959924697876
              ]
            },
            "sample_index": 8,
            "scheduled_start_arrival_ns_by_rank": [
              744586707771440,
              744586707860725,
              744586707667460,
              744586707622166
            ],
            "scheduled_start_target_ns_by_rank": [
              744586712860725,
              744586712860725,
              744586712860725,
              744586712860725
            ],
            "start_record_bracket_ns_by_rank": [
              [
                744586712861772,
                744586712919688
              ],
              [
                744586712861539,
                744586712900618
              ],
              [
                744586712861501,
                744586712902113
              ],
              [
                744586712861637,
                744586712903063
              ]
            ],
            "start_record_envelope_span_ns": 58187,
            "variant": 0
          }
        },
        "variant": 0
      },
      {
        "accepted": true,
        "attempt_id": 9,
        "logical_pair_index": 9,
        "order": [
          "reference"
        ],
        "rejection_reasons": [],
        "retry_ordinal": 0,
        "samples": {
          "reference": {
            "collective_only": {
              "local_ms": 0.5964480042457581,
              "rank_max_ms": 0.6428160071372986,
              "rank_ms": [
                0.5964480042457581,
                0.5167359709739685,
                0.6091840267181396,
                0.6428160071372986
              ]
            },
            "pair_attempt_id": 9,
            "pair_retry_ordinal": 0,
            "position": 0,
            "readiness_probe_exact": true,
            "ready_region": {
              "local_ms": 0.6363840103149414,
              "rank_max_ms": 0.6827840209007263,
              "rank_ms": [
                0.6363840103149414,
                0.5576959848403931,
                0.6501439809799194,
                0.6827840209007263
              ]
            },
            "sample_index": 9,
            "scheduled_start_arrival_ns_by_rank": [
              744586718673214,
              744586718679692,
              744586718672583,
              744586718480996
            ],
            "scheduled_start_target_ns_by_rank": [
              744586723679692,
              744586723679692,
              744586723679692,
              744586723679692
            ],
            "start_record_bracket_ns_by_rank": [
              [
                744586723775241,
                744586723821343
              ],
              [
                744586723762260,
                744586723793944
              ],
              [
                744586723772925,
                744586723805820
              ],
              [
                744586723738231,
                744586723771205
              ]
            ],
            "start_record_envelope_span_ns": 83112,
            "variant": 1
          }
        },
        "variant": 1
      }
    ],
    "rank_order": [
      0,
      1,
      2,
      3
    ],
    "reference": [
      {
        "collective_only": {
          "local_ms": 0.5483520030975342,
          "rank_max_ms": 0.8249920010566711,
          "rank_ms": [
            0.5483520030975342,
            0.7295680046081543,
            0.8235200047492981,
            0.8249920010566711
          ]
        },
        "pair_attempt_id": 0,
        "pair_retry_ordinal": 0,
        "position": 0,
        "readiness_probe_exact": true,
        "ready_region": {
          "local_ms": 0.5882880091667175,
          "rank_max_ms": 0.8659200072288513,
          "rank_ms": [
            0.5882880091667175,
            0.7705280184745789,
            0.8623359799385071,
            0.8659200072288513
          ]
        },
        "sample_index": 0,
        "scheduled_start_arrival_ns_by_rank": [
          744586606161786,
          744586606020332,
          744586606496128,
          744586606148202
        ],
        "scheduled_start_target_ns_by_rank": [
          744586611496128,
          744586611496128,
          744586611496128,
          744586611496128
        ],
        "start_record_bracket_ns_by_rank": [
          [
            744586611754943,
            744586611813745
          ],
          [
            744586611496830,
            744586611531679
          ],
          [
            744586611496996,
            744586611539750
          ],
          [
            744586611496991,
            744586611537101
          ]
        ],
        "start_record_envelope_span_ns": 316915,
        "variant": 0
      },
      {
        "collective_only": {
          "local_ms": 0.5946559906005859,
          "rank_max_ms": 0.6104320287704468,
          "rank_ms": [
            0.5946559906005859,
            0.5176960229873657,
            0.6104320287704468,
            0.6080319881439209
          ]
        },
        "pair_attempt_id": 1,
        "pair_retry_ordinal": 0,
        "position": 0,
        "readiness_probe_exact": true,
        "ready_region": {
          "local_ms": 0.6346240043640137,
          "rank_max_ms": 0.6513919830322266,
          "rank_ms": [
            0.6346240043640137,
            0.5567039847373962,
            0.6513919830322266,
            0.6488639712333679
          ]
        },
        "sample_index": 1,
        "scheduled_start_arrival_ns_by_rank": [
          744586618523581,
          744586618159550,
          744586618451468,
          744586618455156
        ],
        "scheduled_start_target_ns_by_rank": [
          744586623523581,
          744586623523581,
          744586623523581,
          744586623523581
        ],
        "start_record_bracket_ns_by_rank": [
          [
            744586623524843,
            744586623585305
          ],
          [
            744586623524321,
            744586623557748
          ],
          [
            744586623525021,
            744586623574391
          ],
          [
            744586623524716,
            744586623567664
          ]
        ],
        "start_record_envelope_span_ns": 60984,
        "variant": 1
      },
      {
        "collective_only": {
          "local_ms": 0.5890560150146484,
          "rank_max_ms": 0.6022719740867615,
          "rank_ms": [
            0.5890560150146484,
            0.5090240240097046,
            0.5991359949111938,
            0.6022719740867615
          ]
        },
        "pair_attempt_id": 2,
        "pair_retry_ordinal": 0,
        "position": 0,
        "readiness_probe_exact": true,
        "ready_region": {
          "local_ms": 0.6291840076446533,
          "rank_max_ms": 0.6421759724617004,
          "rank_ms": [
            0.6291840076446533,
            0.5501120090484619,
            0.6382079720497131,
            0.6421759724617004
          ]
        },
        "sample_index": 2,
        "scheduled_start_arrival_ns_by_rank": [
          744586631425765,
          744586631152445,
          744586631527001,
          744586631399011
        ],
        "scheduled_start_target_ns_by_rank": [
          744586636527001,
          744586636527001,
          744586636527001,
          744586636527001
        ],
        "start_record_bracket_ns_by_rank": [
          [
            744586636528200,
            744586636582770
          ],
          [
            744586636527576,
            744586636559801
          ],
          [
            744586636528612,
            744586636575071
          ],
          [
            744586636527930,
            744586636566281
          ]
        ],
        "start_record_envelope_span_ns": 55194,
        "variant": 0
      },
      {
        "collective_only": {
          "local_ms": 0.6032320261001587,
          "rank_max_ms": 0.6190400123596191,
          "rank_ms": [
            0.6032320261001587,
            0.5203199982643127,
            0.6190400123596191,
            0.616927981376648
          ]
        },
        "pair_attempt_id": 3,
        "pair_retry_ordinal": 0,
        "position": 0,
        "readiness_probe_exact": true,
        "ready_region": {
          "local_ms": 0.6431999802589417,
          "rank_max_ms": 0.6580479741096497,
          "rank_ms": [
            0.6431999802589417,
            0.5603200197219849,
            0.6580479741096497,
            0.6568639874458313
          ]
        },
        "sample_index": 3,
        "scheduled_start_arrival_ns_by_rank": [
          744586641894472,
          744586641493779,
          744586641662580,
          744586641842366
        ],
        "scheduled_start_target_ns_by_rank": [
          744586646894472,
          744586646894472,
          744586646894472,
          744586646894472
        ],
        "start_record_bracket_ns_by_rank": [
          [
            744586646895323,
            744586646943146
          ],
          [
            744586646895308,
            744586646923438
          ],
          [
            744586646895306,
            744586646929515
          ],
          [
            744586646895515,
            744586646925270
          ]
        ],
        "start_record_envelope_span_ns": 47840,
        "variant": 1
      },
      {
        "collective_only": {
          "local_ms": 0.6000000238418579,
          "rank_max_ms": 0.616703987121582,
          "rank_ms": [
            0.6000000238418579,
            0.5118079781532288,
            0.616703987121582,
            0.6126400232315063
          ]
        },
        "pair_attempt_id": 4,
        "pair_retry_ordinal": 0,
        "position": 0,
        "readiness_probe_exact": true,
        "ready_region": {
          "local_ms": 0.6399999856948853,
          "rank_max_ms": 0.6576640009880066,
          "rank_ms": [
            0.6399999856948853,
            0.5508800148963928,
            0.6576640009880066,
            0.6525760293006897
          ]
        },
        "sample_index": 4,
        "scheduled_start_arrival_ns_by_rank": [
          744586654293020,
          744586653884596,
          744586653807545,
          744586654425971
        ],
        "scheduled_start_target_ns_by_rank": [
          744586659425971,
          744586659425971,
          744586659425971,
          744586659425971
        ],
        "start_record_bracket_ns_by_rank": [
          [
            744586659426489,
            744586659475053
          ],
          [
            744586659426664,
            744586659461050
          ],
          [
            744586659426876,
            744586659462603
          ],
          [
            744586659426838,
            744586659459189
          ]
        ],
        "start_record_envelope_span_ns": 48564,
        "variant": 0
      },
      {
        "collective_only": {
          "local_ms": 0.6032000184059143,
          "rank_max_ms": 0.6212159991264343,
          "rank_ms": [
            0.6032000184059143,
            0.5147839784622192,
            0.6212159991264343,
            0.6192319989204407
          ]
        },
        "pair_attempt_id": 5,
        "pair_retry_ordinal": 0,
        "position": 0,
        "readiness_probe_exact": true,
        "ready_region": {
          "local_ms": 0.642911970615387,
          "rank_max_ms": 0.660319983959198,
          "rank_ms": [
            0.642911970615387,
            0.5536959767341614,
            0.660319983959198,
            0.6602879762649536
          ]
        },
        "sample_index": 5,
        "scheduled_start_arrival_ns_by_rank": [
          744586666812664,
          744586666341824,
          744586666584565,
          744586666735573
        ],
        "scheduled_start_target_ns_by_rank": [
          744586671812664,
          744586671812664,
          744586671812664,
          744586671812664
        ],
        "start_record_bracket_ns_by_rank": [
          [
            744586671814051,
            744586671870903
          ],
          [
            744586671813501,
            744586671850144
          ],
          [
            744586671813581,
            744586671853492
          ],
          [
            744586671813662,
            744586671851331
          ]
        ],
        "start_record_envelope_span_ns": 57402,
        "variant": 1
      },
      {
        "collective_only": {
          "local_ms": 0.5944640040397644,
          "rank_max_ms": 0.6079040169715881,
          "rank_ms": [
            0.5944640040397644,
            0.505728006362915,
            0.604960024356842,
            0.6079040169715881
          ]
        },
        "pair_attempt_id": 6,
        "pair_retry_ordinal": 0,
        "position": 0,
        "readiness_probe_exact": true,
        "ready_region": {
          "local_ms": 0.6344640254974365,
          "rank_max_ms": 0.6480000019073486,
          "rank_ms": [
            0.6344640254974365,
            0.5469440221786499,
            0.6459519863128662,
            0.6480000019073486
          ]
        },
        "sample_index": 6,
        "scheduled_start_arrival_ns_by_rank": [
          744586680849216,
          744586680745111,
          744586680852869,
          744586681042684
        ],
        "scheduled_start_target_ns_by_rank": [
          744586686042684,
          744586686042684,
          744586686042684,
          744586686042684
        ],
        "start_record_bracket_ns_by_rank": [
          [
            744586686043939,
            744586686104275
          ],
          [
            744586686043593,
            744586686084371
          ],
          [
            744586686043594,
            744586686091591
          ],
          [
            744586686043894,
            744586686084971
          ]
        ],
        "start_record_envelope_span_ns": 60682,
        "variant": 0
      },
      {
        "collective_only": {
          "local_ms": 0.5940160155296326,
          "rank_max_ms": 0.606112003326416,
          "rank_ms": [
            0.5940160155296326,
            0.515999972820282,
            0.606112003326416,
            0.602400004863739
          ]
        },
        "pair_attempt_id": 7,
        "pair_retry_ordinal": 0,
        "position": 0,
        "readiness_probe_exact": true,
        "ready_region": {
          "local_ms": 0.6339520215988159,
          "rank_max_ms": 0.6451839804649353,
          "rank_ms": [
            0.6339520215988159,
            0.5549119710922241,
            0.6451839804649353,
            0.6423360109329224
          ]
        },
        "sample_index": 7,
        "scheduled_start_arrival_ns_by_rank": [
          744586692972447,
          744586692486195,
          744586692613174,
          744586692897905
        ],
        "scheduled_start_target_ns_by_rank": [
          744586697972447,
          744586697972447,
          744586697972447,
          744586697972447
        ],
        "start_record_bracket_ns_by_rank": [
          [
            744586697973460,
            744586698040983
          ],
          [
            744586697973081,
            744586698019516
          ],
          [
            744586697973192,
            744586698033092
          ],
          [
            744586697973304,
            744586698031952
          ]
        ],
        "start_record_envelope_span_ns": 67902,
        "variant": 1
      },
      {
        "collective_only": {
          "local_ms": 0.5964159965515137,
          "rank_max_ms": 0.6137279868125916,
          "rank_ms": [
            0.5964159965515137,
            0.5120959877967834,
            0.6137279868125916,
            0.6087679862976074
          ]
        },
        "pair_attempt_id": 8,
        "pair_retry_ordinal": 0,
        "position": 0,
        "readiness_probe_exact": true,
        "ready_region": {
          "local_ms": 0.6364160180091858,
          "rank_max_ms": 0.6546559929847717,
          "rank_ms": [
            0.6364160180091858,
            0.5512319803237915,
            0.6546559929847717,
            0.6496959924697876
          ]
        },
        "sample_index": 8,
        "scheduled_start_arrival_ns_by_rank": [
          744586707771440,
          744586707860725,
          744586707667460,
          744586707622166
        ],
        "scheduled_start_target_ns_by_rank": [
          744586712860725,
          744586712860725,
          744586712860725,
          744586712860725
        ],
        "start_record_bracket_ns_by_rank": [
          [
            744586712861772,
            744586712919688
          ],
          [
            744586712861539,
            744586712900618
          ],
          [
            744586712861501,
            744586712902113
          ],
          [
            744586712861637,
            744586712903063
          ]
        ],
        "start_record_envelope_span_ns": 58187,
        "variant": 0
      },
      {
        "collective_only": {
          "local_ms": 0.5964480042457581,
          "rank_max_ms": 0.6428160071372986,
          "rank_ms": [
            0.5964480042457581,
            0.5167359709739685,
            0.6091840267181396,
            0.6428160071372986
          ]
        },
        "pair_attempt_id": 9,
        "pair_retry_ordinal": 0,
        "position": 0,
        "readiness_probe_exact": true,
        "ready_region": {
          "local_ms": 0.6363840103149414,
          "rank_max_ms": 0.6827840209007263,
          "rank_ms": [
            0.6363840103149414,
            0.5576959848403931,
            0.6501439809799194,
            0.6827840209007263
          ]
        },
        "sample_index": 9,
        "scheduled_start_arrival_ns_by_rank": [
          744586718673214,
          744586718679692,
          744586718672583,
          744586718480996
        ],
        "scheduled_start_target_ns_by_rank": [
          744586723679692,
          744586723679692,
          744586723679692,
          744586723679692
        ],
        "start_record_bracket_ns_by_rank": [
          [
            744586723775241,
            744586723821343
          ],
          [
            744586723762260,
            744586723793944
          ],
          [
            744586723772925,
            744586723805820
          ],
          [
            744586723738231,
            744586723771205
          ]
        ],
        "start_record_envelope_span_ns": 83112,
        "variant": 1
      }
    ],
    "warmup_order": [
      [
        "reference"
      ],
      [
        "reference"
      ],
      [
        "reference"
      ]
    ],
    "warmup_variants": [
      1,
      0,
      1
    ]
  },
  "readiness_probe": {
    "dtype": "torch.bfloat16",
    "full_tensor_consumer": "preallocated BF16 negation output",
    "full_tensor_validation": "exact on every warmup and measured sample",
    "num_elements": 60,
    "positions": [
      [
        0,
        0
      ],
      [
        0,
        1
      ],
      [
        0,
        2
      ],
      [
        0,
        3
      ],
      [
        0,
        2048
      ],
      [
        0,
        3072
      ],
      [
        0,
        6140
      ],
      [
        0,
        6141
      ],
      [
        0,
        6142
      ],
      [
        0,
        6143
      ],
      [
        1,
        0
      ],
      [
        1,
        1
      ],
      [
        1,
        2
      ],
      [
        1,
        3
      ],
      [
        1,
        2048
      ],
      [
        1,
        3072
      ],
      [
        1,
        6140
      ],
      [
        1,
        6141
      ],
      [
        1,
        6142
      ],
      [
        1,
        6143
      ],
      [
        2730,
        0
      ],
      [
        2730,
        1
      ],
      [
        2730,
        2
      ],
      [
        2730,
        3
      ],
      [
        2730,
        2048
      ],
      [
        2730,
        3072
      ],
      [
        2730,
        6140
      ],
      [
        2730,
        6141
      ],
      [
        2730,
        6142
      ],
      [
        2730,
        6143
      ],
      [
        4096,
        0
      ],
      [
        4096,
        1
      ],
      [
        4096,
        2
      ],
      [
        4096,
        3
      ],
      [
        4096,
        2048
      ],
      [
        4096,
        3072
      ],
      [
        4096,
        6140
      ],
      [
        4096,
        6141
      ],
      [
        4096,
        6142
      ],
      [
        4096,
        6143
      ],
      [
        8190,
        0
      ],
      [
        8190,
        1
      ],
      [
        8190,
        2
      ],
      [
        8190,
        3
      ],
      [
        8190,
        2048
      ],
      [
        8190,
        3072
      ],
      [
        8190,
        6140
      ],
      [
        8190,
        6141
      ],
      [
        8190,
        6142
      ],
      [
        8190,
        6143
      ],
      [
        8191,
        0
      ],
      [
        8191,
        1
      ],
      [
        8191,
        2
      ],
      [
        8191,
        3
      ],
      [
        8191,
        2048
      ],
      [
        8191,
        3072
      ],
      [
        8191,
        6140
      ],
      [
        8191,
        6141
      ],
      [
        8191,
        6142
      ],
      [
        8191,
        6143
      ]
    ],
    "validation": "exact on every warmup and measured sample"
  },
  "reference": {
    "collective_only": {
      "median_ms": 0.6152159869670868,
      "min_ms": 0.6022719740867615,
      "p95_ms": 0.6428160071372986
    },
    "gate_metric": "ready_region.rank_max_ms",
    "readiness_probe_overhead_median_ms": 0.040031999349594116,
    "ready_region": {
      "median_ms": 0.6561599969863892,
      "min_ms": 0.6421759724617004,
      "p95_ms": 0.6827840209007263
    }
  },
  "reference_policy": "SGLANG_GLM52_OPT=0 production GroupCoordinator path",
  "result_path": "/tmp/tp_allreduce_reachability_20260722T192433Z/semantics/tp4_allreduce_prefill.eager.nondefault.json",
  "schema_version": 2,
  "scope": "tp4_allreduce_diagnostic_only",
  "timing_contract": {
    "alignment_retry_admission": "scheduled arrivals, common targets, and start-record brackets only; collective and ready-region latency are excluded",
    "collective_only": "start event through event recorded immediately after run()",
    "gate_metric": "ready_region rank-max paired p50",
    "rank_start_alignment": "selected stream synchronized after restoration; TP CPU-group all-gather selects a common same-host monotonic deadline 5 ms after latest arrival; ranks busy-wait; host timestamps bracket every start-event record call; a host-only 500 us envelope predicate allows at most 10 physical attempts for the whole logical A/B pair; the exact input variant alternates on every physical pair",
    "ready_region": "start event through full-tensor same-stream negation and position-sensitive gather",
    "restoration": "variant source-to-local copy and consumer/probe poison occur before every start event"
  },
  "workload": {
    "distributed": true,
    "family": "allreduce",
    "name": "tp4_allreduce_prefill",
    "notes": "Standalone TP4/DP4 balanced 32768-token diagnostic; production caller/ABI not yet proven.",
    "params": {
      "dtype": "bfloat16",
      "hidden": 6144,
      "local_tokens": 8192
    },
    "phase": "prefill",
    "source_symbol": "sglang.srt.distributed.parallel_state.GroupCoordinator.all_reduce",
    "world_size": 4
  }
}
