started_utc=2026-07-22T18:21:57.671964258Z
command= /home/qinhaiyan/glm52-goal-runs/24-tp_allreduce_reachability/kernel-harness/serving_native/run.sh tp4_allreduce_decode_m32 --execution-mode cuda_graph --stream nondefault --warmup 3 --repeat 10 --output /tmp/tp_allreduce_reachability_20260722T181038Z/semantics/tp4_allreduce_decode_m32.cuda_graph.nondefault.json
timeout_seconds=1800

*****************************************
Setting OMP_NUM_THREADS environment variable for each process to be 1 in default, to avoid your system being overloaded, please further tune the variable for optimal performance in your application as needed. 
*****************************************
/home/qinhaiyan/glm52-goal-runs/24-tp_allreduce_reachability/kernel-harness/.venv/lib/python3.12/site-packages/torch/distributed/c10d_logger.py:83: UserWarning: barrier(): using the device under current context. You can specify `device_id` in `init_process_group` to mute this warning.
  return func(*args, **kwargs)
[rank0]:[W722 18:22:11.613444639 ProcessGroupNCCL.cpp:5188] Guessing device ID based on global rank. This can cause a hang if rank to GPU mapping is heterogeneous. You can specify device_id in init_process_group()
{
  "all_reduce_trace": {
    "enabled": false,
    "evidence_valid": null,
    "failure_counts_by_rank": null,
    "measurement_instrumented": false,
    "paths_by_rank": null,
    "replay_limitation": "Python observes eager dispatch or CUDA graph capture only; CUDA graph replay does not re-enter this hook. Correlate stable kernel names in an Nsight Systems trace to prove replay execution."
  },
  "allreduce": {
    "candidate_capture_context_by_rank": null,
    "candidate_contract_by_rank": null,
    "exact_oracle": "hash[row,col]=(37*(row%127)+17*(col%127)+13*(row%127)*(col%127))%127; base_variant=((hash+shift)%127)-63 for shifts [0,31]; source=base+2*rank-(world_size-1); expected=world_size*base",
    "message_bytes": 393216,
    "reference_contract_by_rank": [
      {
        "exact_values": true,
        "local_poststate": "reduced",
        "output": {
          "device": "cuda:0",
          "dtype": "torch.bfloat16",
          "shape": [
            32,
            6144
          ],
          "stride": [
            6144,
            1
          ]
        },
        "output_aliases_local": true,
        "source_immutable": true
      },
      {
        "exact_values": true,
        "local_poststate": "reduced",
        "output": {
          "device": "cuda:1",
          "dtype": "torch.bfloat16",
          "shape": [
            32,
            6144
          ],
          "stride": [
            6144,
            1
          ]
        },
        "output_aliases_local": true,
        "source_immutable": true
      },
      {
        "exact_values": true,
        "local_poststate": "reduced",
        "output": {
          "device": "cuda:2",
          "dtype": "torch.bfloat16",
          "shape": [
            32,
            6144
          ],
          "stride": [
            6144,
            1
          ]
        },
        "output_aliases_local": true,
        "source_immutable": true
      },
      {
        "exact_values": true,
        "local_poststate": "reduced",
        "output": {
          "device": "cuda:3",
          "dtype": "torch.bfloat16",
          "shape": [
            32,
            6144
          ],
          "stride": [
            6144,
            1
          ]
        },
        "output_aliases_local": true,
        "source_immutable": true
      }
    ],
    "reference_dispatch_by_rank": [
      {
        "communicators": {
          "custom": {
            "algorithm": "ONE_SHOT_PUSH",
            "class": "sglang.srt.distributed.device_communicators.custom_all_reduce_v2.CustomAllReduceV2",
            "fields": {
              "config": "ModeConfig(one_shot_push_threshold=2097152, one_shot_pull_threshold=2097152)",
              "disabled": "False",
              "max_size": "16777216",
              "override_algo": "None",
              "rank": "0",
              "tms_cudagraph": "False",
              "world_size": "4"
            },
            "python_id": 127735821649488,
            "should_custom_ar": {
              "value": true
            }
          },
          "pymscclpp": {
            "should_mscclpp_allreduce": {
              "value": false
            }
          },
          "pynccl": {
            "class": "sglang.srt.distributed.device_communicators.pynccl.PyNcclCommunicator",
            "fields": {
              "disabled": "False",
              "rank": "0",
              "world_size": "4"
            },
            "python_id": 127735872830304,
            "symmetric_pool_enabled": {
              "value": false
            }
          },
          "quick": {
            "should_quick_allreduce": {
              "value": false
            }
          },
          "torch_symmetric_memory": {
            "should_torch_symm_mem_allreduce": {
              "value": false
            }
          }
        },
        "dtype": "torch.bfloat16",
        "execution_mode": "cuda_graph",
        "group_name": "tp:0",
        "group_ranks": [
          0,
          1,
          2,
          3
        ],
        "local_size": 0,
        "message_bytes": 393216,
        "phase": "reference_capture",
        "predicted_reference_algorithm": "ONE_SHOT_PUSH",
        "predicted_reference_backend": "custom_all_reduce_outplace",
        "rank": 0,
        "shape": [
          32,
          6144
        ],
        "stream": {
          "cuda_stream": 106709731269904,
          "requested": "nondefault"
        },
        "stride": [
          6144,
          1
        ],
        "world_size": 4
      },
      {
        "communicators": {
          "custom": {
            "algorithm": "ONE_SHOT_PUSH",
            "class": "sglang.srt.distributed.device_communicators.custom_all_reduce_v2.CustomAllReduceV2",
            "fields": {
              "config": "ModeConfig(one_shot_push_threshold=2097152, one_shot_pull_threshold=2097152)",
              "disabled": "False",
              "max_size": "16777216",
              "override_algo": "None",
              "rank": "1",
              "tms_cudagraph": "False",
              "world_size": "4"
            },
            "python_id": 125620079708208,
            "should_custom_ar": {
              "value": true
            }
          },
          "pymscclpp": {
            "should_mscclpp_allreduce": {
              "value": false
            }
          },
          "pynccl": {
            "class": "sglang.srt.distributed.device_communicators.pynccl.PyNcclCommunicator",
            "fields": {
              "disabled": "False",
              "rank": "1",
              "world_size": "4"
            },
            "python_id": 125620079448080,
            "symmetric_pool_enabled": {
              "value": false
            }
          },
          "quick": {
            "should_quick_allreduce": {
              "value": false
            }
          },
          "torch_symmetric_memory": {
            "should_torch_symm_mem_allreduce": {
              "value": false
            }
          }
        },
        "dtype": "torch.bfloat16",
        "execution_mode": "cuda_graph",
        "group_name": "tp:0",
        "group_ranks": [
          0,
          1,
          2,
          3
        ],
        "local_size": 0,
        "message_bytes": 393216,
        "phase": "reference_capture",
        "predicted_reference_algorithm": "ONE_SHOT_PUSH",
        "predicted_reference_backend": "custom_all_reduce_outplace",
        "rank": 1,
        "shape": [
          32,
          6144
        ],
        "stream": {
          "cuda_stream": 107696528527520,
          "requested": "nondefault"
        },
        "stride": [
          6144,
          1
        ],
        "world_size": 4
      },
      {
        "communicators": {
          "custom": {
            "algorithm": "ONE_SHOT_PUSH",
            "class": "sglang.srt.distributed.device_communicators.custom_all_reduce_v2.CustomAllReduceV2",
            "fields": {
              "config": "ModeConfig(one_shot_push_threshold=2097152, one_shot_pull_threshold=2097152)",
              "disabled": "False",
              "max_size": "16777216",
              "override_algo": "None",
              "rank": "2",
              "tms_cudagraph": "False",
              "world_size": "4"
            },
            "python_id": 129893942248656,
            "should_custom_ar": {
              "value": true
            }
          },
          "pymscclpp": {
            "should_mscclpp_allreduce": {
              "value": false
            }
          },
          "pynccl": {
            "class": "sglang.srt.distributed.device_communicators.pynccl.PyNcclCommunicator",
            "fields": {
              "disabled": "False",
              "rank": "2",
              "world_size": "4"
            },
            "python_id": 129893942004720,
            "symmetric_pool_enabled": {
              "value": false
            }
          },
          "quick": {
            "should_quick_allreduce": {
              "value": false
            }
          },
          "torch_symmetric_memory": {
            "should_torch_symm_mem_allreduce": {
              "value": false
            }
          }
        },
        "dtype": "torch.bfloat16",
        "execution_mode": "cuda_graph",
        "group_name": "tp:0",
        "group_ranks": [
          0,
          1,
          2,
          3
        ],
        "local_size": 0,
        "message_bytes": 393216,
        "phase": "reference_capture",
        "predicted_reference_algorithm": "ONE_SHOT_PUSH",
        "predicted_reference_backend": "custom_all_reduce_outplace",
        "rank": 2,
        "shape": [
          32,
          6144
        ],
        "stream": {
          "cuda_stream": 103324519303600,
          "requested": "nondefault"
        },
        "stride": [
          6144,
          1
        ],
        "world_size": 4
      },
      {
        "communicators": {
          "custom": {
            "algorithm": "ONE_SHOT_PUSH",
            "class": "sglang.srt.distributed.device_communicators.custom_all_reduce_v2.CustomAllReduceV2",
            "fields": {
              "config": "ModeConfig(one_shot_push_threshold=2097152, one_shot_pull_threshold=2097152)",
              "disabled": "False",
              "max_size": "16777216",
              "override_algo": "None",
              "rank": "3",
              "tms_cudagraph": "False",
              "world_size": "4"
            },
            "python_id": 140520996623456,
            "should_custom_ar": {
              "value": true
            }
          },
          "pymscclpp": {
            "should_mscclpp_allreduce": {
              "value": false
            }
          },
          "pynccl": {
            "class": "sglang.srt.distributed.device_communicators.pynccl.PyNcclCommunicator",
            "fields": {
              "disabled": "False",
              "rank": "3",
              "world_size": "4"
            },
            "python_id": 140520996219088,
            "symmetric_pool_enabled": {
              "value": false
            }
          },
          "quick": {
            "should_quick_allreduce": {
              "value": false
            }
          },
          "torch_symmetric_memory": {
            "should_torch_symm_mem_allreduce": {
              "value": false
            }
          }
        },
        "dtype": "torch.bfloat16",
        "execution_mode": "cuda_graph",
        "group_name": "tp:0",
        "group_ranks": [
          0,
          1,
          2,
          3
        ],
        "local_size": 0,
        "message_bytes": 393216,
        "phase": "reference_capture",
        "predicted_reference_algorithm": "ONE_SHOT_PUSH",
        "predicted_reference_backend": "custom_all_reduce_outplace",
        "rank": 3,
        "shape": [
          32,
          6144
        ],
        "stream": {
          "cuda_stream": 110131750355344,
          "requested": "nondefault"
        },
        "stride": [
          6144,
          1
        ],
        "world_size": 4
      }
    ]
  },
  "candidate": null,
  "correctness": {
    "alternating_input_variants": 2,
    "candidate_state_guarded": false,
    "exact_full_checks": "before and after timing",
    "exact_full_tensor_consumer": "every warmup and measured sample",
    "exact_position_probe": "every warmup and measured sample",
    "passed": true,
    "validation_errors_aggregated_over_tp_cpu_group": true
  },
  "disposition": "tp4_reference_characterization_only",
  "environment": {
    "device": {
      "capability": [
        10,
        0
      ],
      "name": "NVIDIA B200",
      "rank": 0,
      "total_memory": 191490555904
    },
    "device_by_rank": [
      {
        "capability": [
          10,
          0
        ],
        "name": "NVIDIA B200",
        "rank": 0,
        "total_memory": 191490555904
      },
      {
        "capability": [
          10,
          0
        ],
        "name": "NVIDIA B200",
        "rank": 1,
        "total_memory": 191490555904
      },
      {
        "capability": [
          10,
          0
        ],
        "name": "NVIDIA B200",
        "rank": 2,
        "total_memory": 191490555904
      },
      {
        "capability": [
          10,
          0
        ],
        "name": "NVIDIA B200",
        "rank": 3,
        "total_memory": 191490555904
      }
    ],
    "env": {
      "CUDA_VISIBLE_DEVICES": "0,1,2,3",
      "NCCL_ALGO": null,
      "NCCL_PROTO": null,
      "SGLANG_ALL_REDUCE_TRACE": null,
      "SGLANG_GLM52_OPT": "0",
      "SGLANG_OPT_USE_CUSTOM_ALL_REDUCE_V2": null,
      "SGLANG_ROOT": "/home/qinhaiyan/glm52-goal-runs/24-tp_allreduce_reachability/sglang"
    },
    "kernel_harness_git": {
      "branch": "goal/glm52-prod-24-tp_allreduce_reachability",
      "dirty": false,
      "root": "/home/qinhaiyan/glm52-goal-runs/24-tp_allreduce_reachability/kernel-harness",
      "sha": "46ba02607b54f62cdef5a43c99e558b12b545aa6",
      "status": []
    },
    "packages": {
      "flashinfer": {
        "path": "/mnt/OS-oKqEXySb/home/qinhaiyan/miniconda3/envs/sglang/lib/python3.12/site-packages/flashinfer/__init__.py",
        "version": "0.6.12"
      },
      "sgl_kernel": {
        "path": "/mnt/OS-oKqEXySb/home/qinhaiyan/miniconda3/envs/sglang/lib/python3.12/site-packages/sgl_kernel/__init__.py",
        "version": "0.4.4"
      },
      "sglang": {
        "path": "/home/qinhaiyan/glm52-goal-runs/24-tp_allreduce_reachability/sglang/python/sglang/__init__.py",
        "version": "0.5.15"
      },
      "torch": {
        "cuda": "13.0",
        "nccl": [
          2,
          28,
          9
        ],
        "path": "/mnt/OS-oKqEXySb/home/qinhaiyan/miniconda3/envs/sglang/lib/python3.12/site-packages/torch/__init__.py",
        "version": "2.11.0+cu130"
      },
      "triton": {
        "path": "/mnt/OS-oKqEXySb/home/qinhaiyan/miniconda3/envs/sglang/lib/python3.12/site-packages/triton/__init__.py",
        "version": "3.6.0"
      }
    },
    "python": "/home/qinhaiyan/glm52-goal-runs/24-tp_allreduce_reachability/kernel-harness/.venv/bin/python",
    "python_version": "3.12.13 | packaged by Anaconda, Inc. | (main, Jul  9 2026, 14:38:16) [GCC 14.3.0]",
    "sglang_git": {
      "branch": "goal/glm52-prod-24-tp_allreduce_reachability",
      "dirty": false,
      "root": "/home/qinhaiyan/glm52-goal-runs/24-tp_allreduce_reachability/sglang",
      "sha": "49c03b20e861782002eec6f5be7126e7e19c2d28",
      "status": []
    }
  },
  "execution": {
    "cuda_stream": 106709731269904,
    "default_to_execution_waits_outside_timing": 5,
    "mode": "cuda_graph",
    "nvtx_measurement_range": "serving_native/tp4_allreduce_decode_m32/cuda_graph/nondefault/reference",
    "nvtx_rank_synchronization": "rank 0 push after a TP CPU-group barrier; all ranks wait at a second barrier before measurement and before rank 0 pop",
    "stream": "nondefault"
  },
  "gate": {
    "candidate_present": false,
    "metric": "paired ready-region rank-max p50 speedup",
    "minimum_speedup": 1.03,
    "passed": null,
    "performance_eligible": true,
    "stock_fallback_active": true
  },
  "production_acceptance": "This direct TP4 callable is not proof of the GLM serving caller/ABI and cannot be relabeled as TP8 evidence.",
  "raw_samples": {
    "candidate": null,
    "measured_order": [
      [
        "reference"
      ],
      [
        "reference"
      ],
      [
        "reference"
      ],
      [
        "reference"
      ],
      [
        "reference"
      ],
      [
        "reference"
      ],
      [
        "reference"
      ],
      [
        "reference"
      ],
      [
        "reference"
      ],
      [
        "reference"
      ]
    ],
    "rank_order": [
      0,
      1,
      2,
      3
    ],
    "reference": [
      {
        "collective_only": {
          "local_ms": 0.04601600021123886,
          "rank_max_ms": 0.05257600173354149,
          "rank_ms": [
            0.04601600021123886,
            0.05257600173354149,
            0.051072001457214355,
            0.037408001720905304
          ]
        },
        "position": 0,
        "readiness_probe_exact": true,
        "ready_region": {
          "local_ms": 0.17603200674057007,
          "rank_max_ms": 0.20665599405765533,
          "rank_ms": [
            0.17603200674057007,
            0.1732800006866455,
            0.1451839953660965,
            0.20665599405765533
          ]
        },
        "sample_index": 0,
        "scheduled_start_arrival_ns_by_rank": [
          740634695844484,
          740634696079963,
          740634696148224,
          740634696412545
        ],
        "scheduled_start_target_ns_by_rank": [
          740634701412545,
          740634701412545,
          740634701412545,
          740634701412545
        ],
        "start_record_bracket_ns_by_rank": [
          [
            740634701413129,
            740634701450541
          ],
          [
            740634701412987,
            740634701444392
          ],
          [
            740634701412991,
            740634701445391
          ],
          [
            740634701413514,
            740634701456927
          ]
        ],
        "start_record_envelope_span_ns": 43940,
        "variant": 0
      },
      {
        "collective_only": {
          "local_ms": 0.049375999718904495,
          "rank_max_ms": 0.06614399701356888,
          "rank_ms": [
            0.049375999718904495,
            0.06614399701356888,
            0.038943998515605927,
            0.04492799937725067
          ]
        },
        "position": 0,
        "readiness_probe_exact": true,
        "ready_region": {
          "local_ms": 0.1788800060749054,
          "rank_max_ms": 0.20006400346755981,
          "rank_ms": [
            0.1788800060749054,
            0.15113599598407745,
            0.1794240027666092,
            0.20006400346755981
          ]
        },
        "sample_index": 1,
        "scheduled_start_arrival_ns_by_rank": [
          740634706227689,
          740634706021231,
          740634706267644,
          740634706398508
        ],
        "scheduled_start_target_ns_by_rank": [
          740634711398508,
          740634711398508,
          740634711398508,
          740634711398508
        ],
        "start_record_bracket_ns_by_rank": [
          [
            740634711399906,
            740634711436781
          ],
          [
            740634711399127,
            740634711421419
          ],
          [
            740634711399287,
            740634711446293
          ],
          [
            740634711399460,
            740634711441508
          ]
        ],
        "start_record_envelope_span_ns": 47166,
        "variant": 1
      },
      {
        "collective_only": {
          "local_ms": 0.046751998364925385,
          "rank_max_ms": 0.061664000153541565,
          "rank_ms": [
            0.046751998364925385,
            0.061664000153541565,
            0.037087999284267426,
            0.04255999997258186
          ]
        },
        "position": 0,
        "readiness_probe_exact": true,
        "ready_region": {
          "local_ms": 0.17081600427627563,
          "rank_max_ms": 0.18902400135993958,
          "rank_ms": [
            0.17081600427627563,
            0.15161600708961487,
            0.17030400037765503,
            0.18902400135993958
          ]
        },
        "sample_index": 2,
        "scheduled_start_arrival_ns_by_rank": [
          740634715632283,
          740634715439399,
          740634715816113,
          740634716045541
        ],
        "scheduled_start_target_ns_by_rank": [
          740634721045541,
          740634721045541,
          740634721045541,
          740634721045541
        ],
        "start_record_bracket_ns_by_rank": [
          [
            740634721046327,
            740634721081099
          ],
          [
            740634721046089,
            740634721068879
          ],
          [
            740634721046448,
            740634721089532
          ],
          [
            740634721046354,
            740634721084279
          ]
        ],
        "start_record_envelope_span_ns": 43443,
        "variant": 0
      },
      {
        "collective_only": {
          "local_ms": 0.05215999856591225,
          "rank_max_ms": 0.06703999638557434,
          "rank_ms": [
            0.05215999856591225,
            0.06703999638557434,
            0.039712000638246536,
            0.044319998472929
          ]
        },
        "position": 0,
        "readiness_probe_exact": true,
        "ready_region": {
          "local_ms": 0.16275200247764587,
          "rank_max_ms": 0.20636799931526184,
          "rank_ms": [
            0.16275200247764587,
            0.1576319932937622,
            0.1879040002822876,
            0.20636799931526184
          ]
        },
        "sample_index": 3,
        "scheduled_start_arrival_ns_by_rank": [
          740634725321282,
          740634725053255,
          740634725569798,
          740634725511909
        ],
        "scheduled_start_target_ns_by_rank": [
          740634730569798,
          740634730569798,
          740634730569798,
          740634730569798
        ],
        "start_record_bracket_ns_by_rank": [
          [
            740634730570392,
            740634730606857
          ],
          [
            740634730570383,
            740634730592905
          ],
          [
            740634730570917,
            740634730618035
          ],
          [
            740634730570757,
            740634730614618
          ]
        ],
        "start_record_envelope_span_ns": 47652,
        "variant": 1
      },
      {
        "collective_only": {
          "local_ms": 0.04848000034689903,
          "rank_max_ms": 0.07580800354480743,
          "rank_ms": [
            0.04848000034689903,
            0.07580800354480743,
            0.03916800022125244,
            0.04816000163555145
          ]
        },
        "position": 0,
        "readiness_probe_exact": true,
        "ready_region": {
          "local_ms": 0.1794240027666092,
          "rank_max_ms": 0.195360004901886,
          "rank_ms": [
            0.1794240027666092,
            0.16092799603939056,
            0.18028800189495087,
            0.195360004901886
          ]
        },
        "sample_index": 4,
        "scheduled_start_arrival_ns_by_rank": [
          740634734147414,
          740634733841575,
          740634734261844,
          740634734231163
        ],
        "scheduled_start_target_ns_by_rank": [
          740634739261844,
          740634739261844,
          740634739261844,
          740634739261844
        ],
        "start_record_bracket_ns_by_rank": [
          [
            740634739262870,
            740634739310086
          ],
          [
            740634739262330,
            740634739285228
          ],
          [
            740634739262693,
            740634739321323
          ],
          [
            740634739262699,
            740634739313760
          ]
        ],
        "start_record_envelope_span_ns": 58993,
        "variant": 0
      },
      {
        "collective_only": {
          "local_ms": 0.04790399968624115,
          "rank_max_ms": 0.06147199869155884,
          "rank_ms": [
            0.04790399968624115,
            0.06147199869155884,
            0.03702399879693985,
            0.04169600084424019
          ]
        },
        "position": 0,
        "readiness_probe_exact": true,
        "ready_region": {
          "local_ms": 0.17343999445438385,
          "rank_max_ms": 0.1969279944896698,
          "rank_ms": [
            0.17343999445438385,
            0.14444799721240997,
            0.16892799735069275,
            0.1969279944896698
          ]
        },
        "sample_index": 5,
        "scheduled_start_arrival_ns_by_rank": [
          740634743099912,
          740634742907907,
          740634743488580,
          740634742891913
        ],
        "scheduled_start_target_ns_by_rank": [
          740634748488580,
          740634748488580,
          740634748488580,
          740634748488580
        ],
        "start_record_bracket_ns_by_rank": [
          [
            740634748489413,
            740634748523688
          ],
          [
            740634748489031,
            740634748510685
          ],
          [
            740634748489486,
            740634748532319
          ],
          [
            740634748489518,
            740634748530655
          ]
        ],
        "start_record_envelope_span_ns": 43288,
        "variant": 1
      },
      {
        "collective_only": {
          "local_ms": 0.037856001406908035,
          "rank_max_ms": 0.05817599967122078,
          "rank_ms": [
            0.037856001406908035,
            0.05817599967122078,
            0.03561599925160408,
            0.03859199956059456
          ]
        },
        "position": 0,
        "readiness_probe_exact": true,
        "ready_region": {
          "local_ms": 0.18694399297237396,
          "rank_max_ms": 0.1955839991569519,
          "rank_ms": [
            0.18694399297237396,
            0.15145599842071533,
            0.18016000092029572,
            0.1955839991569519
          ]
        },
        "sample_index": 6,
        "scheduled_start_arrival_ns_by_rank": [
          740634752604994,
          740634752356031,
          740634752673971,
          740634752882862
        ],
        "scheduled_start_target_ns_by_rank": [
          740634757882862,
          740634757882862,
          740634757882862,
          740634757882862
        ],
        "start_record_bracket_ns_by_rank": [
          [
            740634757883743,
            740634757919232
          ],
          [
            740634757883329,
            740634757903378
          ],
          [
            740634757883917,
            740634757924282
          ],
          [
            740634757883896,
            740634757922984
          ]
        ],
        "start_record_envelope_span_ns": 40953,
        "variant": 0
      },
      {
        "collective_only": {
          "local_ms": 0.0469760000705719,
          "rank_max_ms": 0.0735040009021759,
          "rank_ms": [
            0.0469760000705719,
            0.0735040009021759,
            0.03766399994492531,
            0.04108799993991852
          ]
        },
        "position": 0,
        "readiness_probe_exact": true,
        "ready_region": {
          "local_ms": 0.1592639982700348,
          "rank_max_ms": 0.16991999745368958,
          "rank_ms": [
            0.1592639982700348,
            0.14044800400733948,
            0.15855999290943146,
            0.16991999745368958
          ]
        },
        "sample_index": 7,
        "scheduled_start_arrival_ns_by_rank": [
          740634762753573,
          740634762510224,
          740634762964939,
          740634762809305
        ],
        "scheduled_start_target_ns_by_rank": [
          740634767964939,
          740634767964939,
          740634767964939,
          740634767964939
        ],
        "start_record_bracket_ns_by_rank": [
          [
            740634767965673,
            740634768010576
          ],
          [
            740634767965447,
            740634767984897
          ],
          [
            740634767965710,
            740634768019739
          ],
          [
            740634767965680,
            740634768017070
          ]
        ],
        "start_record_envelope_span_ns": 54292,
        "variant": 1
      },
      {
        "collective_only": {
          "local_ms": 0.04387199878692627,
          "rank_max_ms": 0.057792000472545624,
          "rank_ms": [
            0.04387199878692627,
            0.057792000472545624,
            0.03763199970126152,
            0.04428799822926521
          ]
        },
        "position": 0,
        "readiness_probe_exact": true,
        "ready_region": {
          "local_ms": 0.1934400051832199,
          "rank_max_ms": 0.21775999665260315,
          "rank_ms": [
            0.1934400051832199,
            0.17084799706935883,
            0.19116799533367157,
            0.21775999665260315
          ]
        },
        "sample_index": 8,
        "scheduled_start_arrival_ns_by_rank": [
          740634771125571,
          740634770905840,
          740634771174078,
          740634771208691
        ],
        "scheduled_start_target_ns_by_rank": [
          740634776208691,
          740634776208691,
          740634776208691,
          740634776208691
        ],
        "start_record_bracket_ns_by_rank": [
          [
            740634776209511,
            740634776245630
          ],
          [
            740634776209197,
            740634776237332
          ],
          [
            740634776209648,
            740634776255490
          ],
          [
            740634776209579,
            740634776250802
          ]
        ],
        "start_record_envelope_span_ns": 46293,
        "variant": 0
      },
      {
        "collective_only": {
          "local_ms": 0.03811199963092804,
          "rank_max_ms": 0.0530879981815815,
          "rank_ms": [
            0.03811199963092804,
            0.0530879981815815,
            0.03516799956560135,
            0.03385600075125694
          ]
        },
        "position": 0,
        "readiness_probe_exact": true,
        "ready_region": {
          "local_ms": 0.16172799468040466,
          "rank_max_ms": 0.17097599804401398,
          "rank_ms": [
            0.16172799468040466,
            0.1308480054140091,
            0.14403200149536133,
            0.17097599804401398
          ]
        },
        "sample_index": 9,
        "scheduled_start_arrival_ns_by_rank": [
          740634780099061,
          740634780083750,
          740634780423005,
          740634780531122
        ],
        "scheduled_start_target_ns_by_rank": [
          740634785531122,
          740634785531122,
          740634785531122,
          740634785531122
        ],
        "start_record_bracket_ns_by_rank": [
          [
            740634785531984,
            740634785565311
          ],
          [
            740634785531629,
            740634785550877
          ],
          [
            740634785531843,
            740634785567493
          ],
          [
            740634785531976,
            740634785568185
          ]
        ],
        "start_record_envelope_span_ns": 36556,
        "variant": 1
      }
    ],
    "warmup_order": [
      [
        "reference"
      ],
      [
        "reference"
      ],
      [
        "reference"
      ]
    ]
  },
  "readiness_probe": {
    "dtype": "torch.bfloat16",
    "full_tensor_consumer": "preallocated BF16 negation output",
    "full_tensor_validation": "exact on every warmup and measured sample",
    "num_elements": 60,
    "positions": [
      [
        0,
        0
      ],
      [
        0,
        1
      ],
      [
        0,
        2
      ],
      [
        0,
        3
      ],
      [
        0,
        2048
      ],
      [
        0,
        3072
      ],
      [
        0,
        6140
      ],
      [
        0,
        6141
      ],
      [
        0,
        6142
      ],
      [
        0,
        6143
      ],
      [
        1,
        0
      ],
      [
        1,
        1
      ],
      [
        1,
        2
      ],
      [
        1,
        3
      ],
      [
        1,
        2048
      ],
      [
        1,
        3072
      ],
      [
        1,
        6140
      ],
      [
        1,
        6141
      ],
      [
        1,
        6142
      ],
      [
        1,
        6143
      ],
      [
        10,
        0
      ],
      [
        10,
        1
      ],
      [
        10,
        2
      ],
      [
        10,
        3
      ],
      [
        10,
        2048
      ],
      [
        10,
        3072
      ],
      [
        10,
        6140
      ],
      [
        10,
        6141
      ],
      [
        10,
        6142
      ],
      [
        10,
        6143
      ],
      [
        16,
        0
      ],
      [
        16,
        1
      ],
      [
        16,
        2
      ],
      [
        16,
        3
      ],
      [
        16,
        2048
      ],
      [
        16,
        3072
      ],
      [
        16,
        6140
      ],
      [
        16,
        6141
      ],
      [
        16,
        6142
      ],
      [
        16,
        6143
      ],
      [
        30,
        0
      ],
      [
        30,
        1
      ],
      [
        30,
        2
      ],
      [
        30,
        3
      ],
      [
        30,
        2048
      ],
      [
        30,
        3072
      ],
      [
        30,
        6140
      ],
      [
        30,
        6141
      ],
      [
        30,
        6142
      ],
      [
        30,
        6143
      ],
      [
        31,
        0
      ],
      [
        31,
        1
      ],
      [
        31,
        2
      ],
      [
        31,
        3
      ],
      [
        31,
        2048
      ],
      [
        31,
        3072
      ],
      [
        31,
        6140
      ],
      [
        31,
        6141
      ],
      [
        31,
        6142
      ],
      [
        31,
        6143
      ]
    ],
    "validation": "exact on every warmup and measured sample"
  },
  "reference": {
    "collective_only": {
      "median_ms": 0.0615679994225502,
      "min_ms": 0.05257600173354149,
      "p95_ms": 0.0735040009021759
    },
    "gate_metric": "ready_region.rank_max_ms",
    "readiness_probe_overhead_median_ms": 0.13468800112605095,
    "ready_region": {
      "median_ms": 0.19625599682331085,
      "min_ms": 0.16991999745368958,
      "p95_ms": 0.20665599405765533
    }
  },
  "reference_policy": "SGLANG_GLM52_OPT=0 production GroupCoordinator path",
  "result_path": "/tmp/tp_allreduce_reachability_20260722T181038Z/semantics/tp4_allreduce_decode_m32.cuda_graph.nondefault.json",
  "schema_version": 2,
  "scope": "tp4_allreduce_diagnostic_only",
  "timing_contract": {
    "collective_only": "start event through event recorded immediately after run()",
    "gate_metric": "ready_region rank-max paired p50",
    "rank_start_alignment": "selected stream synchronized after restoration; TP CPU-group all-gather selects a common same-host monotonic deadline 5 ms after latest arrival; ranks busy-wait; host timestamps bracket every start-event record call",
    "ready_region": "start event through full-tensor same-stream negation and position-sensitive gather",
    "restoration": "variant source-to-local copy and consumer/probe poison occur before every start event"
  },
  "workload": {
    "distributed": true,
    "family": "allreduce",
    "name": "tp4_allreduce_decode_m32",
    "notes": "TP4/DP4 decode bucket: local M=32; sum reduction. Standalone diagnostic; production caller/ABI not yet proven.",
    "params": {
      "dtype": "bfloat16",
      "hidden": 6144,
      "local_tokens": 32
    },
    "phase": "decode",
    "source_symbol": "sglang.srt.distributed.parallel_state.GroupCoordinator.all_reduce",
    "world_size": 4
  }
}
/home/qinhaiyan/glm52-goal-runs/24-tp_allreduce_reachability/kernel-harness/.venv/lib/python3.12/site-packages/torch/distributed/c10d_logger.py:83: UserWarning: barrier(): using the device under current context. You can specify `device_id` in `init_process_group` to mute this warning.
  return func(*args, **kwargs)
