started_utc=2026-07-22T18:20:45.523986445Z
command= /home/qinhaiyan/glm52-goal-runs/24-tp_allreduce_reachability/kernel-harness/serving_native/run.sh tp4_allreduce_decode_m16 --execution-mode eager --stream nondefault --warmup 3 --repeat 10 --output /tmp/tp_allreduce_reachability_20260722T181038Z/semantics/tp4_allreduce_decode_m16.eager.nondefault.json
timeout_seconds=1800

*****************************************
Setting OMP_NUM_THREADS environment variable for each process to be 1 in default, to avoid your system being overloaded, please further tune the variable for optimal performance in your application as needed. 
*****************************************
/home/qinhaiyan/glm52-goal-runs/24-tp_allreduce_reachability/kernel-harness/.venv/lib/python3.12/site-packages/torch/distributed/c10d_logger.py:83: UserWarning: barrier(): using the device under current context. You can specify `device_id` in `init_process_group` to mute this warning.
  return func(*args, **kwargs)
[rank0]:[W722 18:20:58.782311865 ProcessGroupNCCL.cpp:5188] Guessing device ID based on global rank. This can cause a hang if rank to GPU mapping is heterogeneous. You can specify device_id in init_process_group()
{
  "all_reduce_trace": {
    "enabled": false,
    "evidence_valid": null,
    "failure_counts_by_rank": null,
    "measurement_instrumented": false,
    "paths_by_rank": null,
    "replay_limitation": "Python observes eager dispatch or CUDA graph capture only; CUDA graph replay does not re-enter this hook. Correlate stable kernel names in an Nsight Systems trace to prove replay execution."
  },
  "allreduce": {
    "candidate_capture_context_by_rank": null,
    "candidate_contract_by_rank": null,
    "exact_oracle": "hash[row,col]=(37*(row%127)+17*(col%127)+13*(row%127)*(col%127))%127; base_variant=((hash+shift)%127)-63 for shifts [0,31]; source=base+2*rank-(world_size-1); expected=world_size*base",
    "message_bytes": 196608,
    "reference_contract_by_rank": [
      {
        "exact_values": true,
        "local_poststate": "reduced",
        "output": {
          "device": "cuda:0",
          "dtype": "torch.bfloat16",
          "shape": [
            16,
            6144
          ],
          "stride": [
            6144,
            1
          ]
        },
        "output_aliases_local": true,
        "source_immutable": true
      },
      {
        "exact_values": true,
        "local_poststate": "reduced",
        "output": {
          "device": "cuda:1",
          "dtype": "torch.bfloat16",
          "shape": [
            16,
            6144
          ],
          "stride": [
            6144,
            1
          ]
        },
        "output_aliases_local": true,
        "source_immutable": true
      },
      {
        "exact_values": true,
        "local_poststate": "reduced",
        "output": {
          "device": "cuda:2",
          "dtype": "torch.bfloat16",
          "shape": [
            16,
            6144
          ],
          "stride": [
            6144,
            1
          ]
        },
        "output_aliases_local": true,
        "source_immutable": true
      },
      {
        "exact_values": true,
        "local_poststate": "reduced",
        "output": {
          "device": "cuda:3",
          "dtype": "torch.bfloat16",
          "shape": [
            16,
            6144
          ],
          "stride": [
            6144,
            1
          ]
        },
        "output_aliases_local": true,
        "source_immutable": true
      }
    ],
    "reference_dispatch_by_rank": [
      {
        "communicators": {
          "custom": {
            "algorithm": "ONE_SHOT_PUSH",
            "class": "sglang.srt.distributed.device_communicators.custom_all_reduce_v2.CustomAllReduceV2",
            "fields": {
              "config": "ModeConfig(one_shot_push_threshold=2097152, one_shot_pull_threshold=2097152)",
              "disabled": "False",
              "max_size": "16777216",
              "override_algo": "None",
              "rank": "0",
              "tms_cudagraph": "False",
              "world_size": "4"
            },
            "python_id": 137997992933520,
            "should_custom_ar": {
              "value": true
            }
          },
          "pymscclpp": {
            "should_mscclpp_allreduce": {
              "value": false
            }
          },
          "pynccl": {
            "class": "sglang.srt.distributed.device_communicators.pynccl.PyNcclCommunicator",
            "fields": {
              "disabled": "True",
              "rank": "0",
              "world_size": "4"
            },
            "python_id": 137997996278368,
            "symmetric_pool_enabled": {
              "value": false
            }
          },
          "quick": {
            "should_quick_allreduce": {
              "value": false
            }
          },
          "torch_symmetric_memory": {
            "should_torch_symm_mem_allreduce": {
              "value": false
            }
          }
        },
        "dtype": "torch.bfloat16",
        "execution_mode": "eager",
        "group_name": "tp:0",
        "group_ranks": [
          0,
          1,
          2,
          3
        ],
        "local_size": 0,
        "message_bytes": 196608,
        "phase": "eager",
        "predicted_reference_algorithm": "ONE_SHOT_PUSH",
        "predicted_reference_backend": "custom_all_reduce_outplace",
        "rank": 0,
        "shape": [
          16,
          6144
        ],
        "stream": {
          "cuda_stream": 107673461646544,
          "requested": "nondefault"
        },
        "stride": [
          6144,
          1
        ],
        "world_size": 4
      },
      {
        "communicators": {
          "custom": {
            "algorithm": "ONE_SHOT_PUSH",
            "class": "sglang.srt.distributed.device_communicators.custom_all_reduce_v2.CustomAllReduceV2",
            "fields": {
              "config": "ModeConfig(one_shot_push_threshold=2097152, one_shot_pull_threshold=2097152)",
              "disabled": "False",
              "max_size": "16777216",
              "override_algo": "None",
              "rank": "1",
              "tms_cudagraph": "False",
              "world_size": "4"
            },
            "python_id": 131222750078752,
            "should_custom_ar": {
              "value": true
            }
          },
          "pymscclpp": {
            "should_mscclpp_allreduce": {
              "value": false
            }
          },
          "pynccl": {
            "class": "sglang.srt.distributed.device_communicators.pynccl.PyNcclCommunicator",
            "fields": {
              "disabled": "True",
              "rank": "1",
              "world_size": "4"
            },
            "python_id": 131222732060336,
            "symmetric_pool_enabled": {
              "value": false
            }
          },
          "quick": {
            "should_quick_allreduce": {
              "value": false
            }
          },
          "torch_symmetric_memory": {
            "should_torch_symm_mem_allreduce": {
              "value": false
            }
          }
        },
        "dtype": "torch.bfloat16",
        "execution_mode": "eager",
        "group_name": "tp:0",
        "group_ranks": [
          0,
          1,
          2,
          3
        ],
        "local_size": 0,
        "message_bytes": 196608,
        "phase": "eager",
        "predicted_reference_algorithm": "ONE_SHOT_PUSH",
        "predicted_reference_backend": "custom_all_reduce_outplace",
        "rank": 1,
        "shape": [
          16,
          6144
        ],
        "stream": {
          "cuda_stream": 106057813044224,
          "requested": "nondefault"
        },
        "stride": [
          6144,
          1
        ],
        "world_size": 4
      },
      {
        "communicators": {
          "custom": {
            "algorithm": "ONE_SHOT_PUSH",
            "class": "sglang.srt.distributed.device_communicators.custom_all_reduce_v2.CustomAllReduceV2",
            "fields": {
              "config": "ModeConfig(one_shot_push_threshold=2097152, one_shot_pull_threshold=2097152)",
              "disabled": "False",
              "max_size": "16777216",
              "override_algo": "None",
              "rank": "2",
              "tms_cudagraph": "False",
              "world_size": "4"
            },
            "python_id": 123352856075376,
            "should_custom_ar": {
              "value": true
            }
          },
          "pymscclpp": {
            "should_mscclpp_allreduce": {
              "value": false
            }
          },
          "pynccl": {
            "class": "sglang.srt.distributed.device_communicators.pynccl.PyNcclCommunicator",
            "fields": {
              "disabled": "True",
              "rank": "2",
              "world_size": "4"
            },
            "python_id": 123352852960784,
            "symmetric_pool_enabled": {
              "value": false
            }
          },
          "quick": {
            "should_quick_allreduce": {
              "value": false
            }
          },
          "torch_symmetric_memory": {
            "should_torch_symm_mem_allreduce": {
              "value": false
            }
          }
        },
        "dtype": "torch.bfloat16",
        "execution_mode": "eager",
        "group_name": "tp:0",
        "group_ranks": [
          0,
          1,
          2,
          3
        ],
        "local_size": 0,
        "message_bytes": 196608,
        "phase": "eager",
        "predicted_reference_algorithm": "ONE_SHOT_PUSH",
        "predicted_reference_backend": "custom_all_reduce_outplace",
        "rank": 2,
        "shape": [
          16,
          6144
        ],
        "stream": {
          "cuda_stream": 96473300947152,
          "requested": "nondefault"
        },
        "stride": [
          6144,
          1
        ],
        "world_size": 4
      },
      {
        "communicators": {
          "custom": {
            "algorithm": "ONE_SHOT_PUSH",
            "class": "sglang.srt.distributed.device_communicators.custom_all_reduce_v2.CustomAllReduceV2",
            "fields": {
              "config": "ModeConfig(one_shot_push_threshold=2097152, one_shot_pull_threshold=2097152)",
              "disabled": "False",
              "max_size": "16777216",
              "override_algo": "None",
              "rank": "3",
              "tms_cudagraph": "False",
              "world_size": "4"
            },
            "python_id": 124229401379424,
            "should_custom_ar": {
              "value": true
            }
          },
          "pymscclpp": {
            "should_mscclpp_allreduce": {
              "value": false
            }
          },
          "pynccl": {
            "class": "sglang.srt.distributed.device_communicators.pynccl.PyNcclCommunicator",
            "fields": {
              "disabled": "True",
              "rank": "3",
              "world_size": "4"
            },
            "python_id": 124229400789312,
            "symmetric_pool_enabled": {
              "value": false
            }
          },
          "quick": {
            "should_quick_allreduce": {
              "value": false
            }
          },
          "torch_symmetric_memory": {
            "should_torch_symm_mem_allreduce": {
              "value": false
            }
          }
        },
        "dtype": "torch.bfloat16",
        "execution_mode": "eager",
        "group_name": "tp:0",
        "group_ranks": [
          0,
          1,
          2,
          3
        ],
        "local_size": 0,
        "message_bytes": 196608,
        "phase": "eager",
        "predicted_reference_algorithm": "ONE_SHOT_PUSH",
        "predicted_reference_backend": "custom_all_reduce_outplace",
        "rank": 3,
        "shape": [
          16,
          6144
        ],
        "stream": {
          "cuda_stream": 104706486711984,
          "requested": "nondefault"
        },
        "stride": [
          6144,
          1
        ],
        "world_size": 4
      }
    ]
  },
  "candidate": null,
  "correctness": {
    "alternating_input_variants": 2,
    "candidate_state_guarded": false,
    "exact_full_checks": "before and after timing",
    "exact_full_tensor_consumer": "every warmup and measured sample",
    "exact_position_probe": "every warmup and measured sample",
    "passed": true,
    "validation_errors_aggregated_over_tp_cpu_group": true
  },
  "disposition": "tp4_reference_characterization_only",
  "environment": {
    "device": {
      "capability": [
        10,
        0
      ],
      "name": "NVIDIA B200",
      "rank": 0,
      "total_memory": 191490555904
    },
    "device_by_rank": [
      {
        "capability": [
          10,
          0
        ],
        "name": "NVIDIA B200",
        "rank": 0,
        "total_memory": 191490555904
      },
      {
        "capability": [
          10,
          0
        ],
        "name": "NVIDIA B200",
        "rank": 1,
        "total_memory": 191490555904
      },
      {
        "capability": [
          10,
          0
        ],
        "name": "NVIDIA B200",
        "rank": 2,
        "total_memory": 191490555904
      },
      {
        "capability": [
          10,
          0
        ],
        "name": "NVIDIA B200",
        "rank": 3,
        "total_memory": 191490555904
      }
    ],
    "env": {
      "CUDA_VISIBLE_DEVICES": "0,1,2,3",
      "NCCL_ALGO": null,
      "NCCL_PROTO": null,
      "SGLANG_ALL_REDUCE_TRACE": null,
      "SGLANG_GLM52_OPT": "0",
      "SGLANG_OPT_USE_CUSTOM_ALL_REDUCE_V2": null,
      "SGLANG_ROOT": "/home/qinhaiyan/glm52-goal-runs/24-tp_allreduce_reachability/sglang"
    },
    "kernel_harness_git": {
      "branch": "goal/glm52-prod-24-tp_allreduce_reachability",
      "dirty": false,
      "root": "/home/qinhaiyan/glm52-goal-runs/24-tp_allreduce_reachability/kernel-harness",
      "sha": "46ba02607b54f62cdef5a43c99e558b12b545aa6",
      "status": []
    },
    "packages": {
      "flashinfer": {
        "path": "/mnt/OS-oKqEXySb/home/qinhaiyan/miniconda3/envs/sglang/lib/python3.12/site-packages/flashinfer/__init__.py",
        "version": "0.6.12"
      },
      "sgl_kernel": {
        "path": "/mnt/OS-oKqEXySb/home/qinhaiyan/miniconda3/envs/sglang/lib/python3.12/site-packages/sgl_kernel/__init__.py",
        "version": "0.4.4"
      },
      "sglang": {
        "path": "/home/qinhaiyan/glm52-goal-runs/24-tp_allreduce_reachability/sglang/python/sglang/__init__.py",
        "version": "0.5.15"
      },
      "torch": {
        "cuda": "13.0",
        "nccl": [
          2,
          28,
          9
        ],
        "path": "/mnt/OS-oKqEXySb/home/qinhaiyan/miniconda3/envs/sglang/lib/python3.12/site-packages/torch/__init__.py",
        "version": "2.11.0+cu130"
      },
      "triton": {
        "path": "/mnt/OS-oKqEXySb/home/qinhaiyan/miniconda3/envs/sglang/lib/python3.12/site-packages/triton/__init__.py",
        "version": "3.6.0"
      }
    },
    "python": "/home/qinhaiyan/glm52-goal-runs/24-tp_allreduce_reachability/kernel-harness/.venv/bin/python",
    "python_version": "3.12.13 | packaged by Anaconda, Inc. | (main, Jul  9 2026, 14:38:16) [GCC 14.3.0]",
    "sglang_git": {
      "branch": "goal/glm52-prod-24-tp_allreduce_reachability",
      "dirty": false,
      "root": "/home/qinhaiyan/glm52-goal-runs/24-tp_allreduce_reachability/sglang",
      "sha": "49c03b20e861782002eec6f5be7126e7e19c2d28",
      "status": []
    }
  },
  "execution": {
    "cuda_stream": 107673461646544,
    "default_to_execution_waits_outside_timing": 3,
    "mode": "eager",
    "nvtx_measurement_range": "serving_native/tp4_allreduce_decode_m16/eager/nondefault/reference",
    "nvtx_rank_synchronization": "rank 0 push after a TP CPU-group barrier; all ranks wait at a second barrier before measurement and before rank 0 pop",
    "stream": "nondefault"
  },
  "gate": {
    "candidate_present": false,
    "metric": "paired ready-region rank-max p50 speedup",
    "minimum_speedup": 1.03,
    "passed": null,
    "performance_eligible": true,
    "stock_fallback_active": true
  },
  "production_acceptance": "This direct TP4 callable is not proof of the GLM serving caller/ABI and cannot be relabeled as TP8 evidence.",
  "raw_samples": {
    "candidate": null,
    "measured_order": [
      [
        "reference"
      ],
      [
        "reference"
      ],
      [
        "reference"
      ],
      [
        "reference"
      ],
      [
        "reference"
      ],
      [
        "reference"
      ],
      [
        "reference"
      ],
      [
        "reference"
      ],
      [
        "reference"
      ],
      [
        "reference"
      ]
    ],
    "rank_order": [
      0,
      1,
      2,
      3
    ],
    "reference": [
      {
        "collective_only": {
          "local_ms": 0.25964799523353577,
          "rank_max_ms": 0.3092159926891327,
          "rank_ms": [
            0.25964799523353577,
            0.3092159926891327,
            0.24128000438213348,
            0.2531839907169342
          ]
        },
        "position": 0,
        "readiness_probe_exact": true,
        "ready_region": {
          "local_ms": 0.4211199879646301,
          "rank_max_ms": 0.4399360120296478,
          "rank_ms": [
            0.4211199879646301,
            0.4399360120296478,
            0.38815999031066895,
            0.40348801016807556
          ]
        },
        "sample_index": 0,
        "scheduled_start_arrival_ns_by_rank": [
          740562109700411,
          740562109154786,
          740562109441689,
          740562109056082
        ],
        "scheduled_start_target_ns_by_rank": [
          740562114700411,
          740562114700411,
          740562114700411,
          740562114700411
        ],
        "start_record_bracket_ns_by_rank": [
          [
            740562114701099,
            740562114738423
          ],
          [
            740562114701490,
            740562114751773
          ],
          [
            740562114700896,
            740562114726889
          ],
          [
            740562114701178,
            740562114741070
          ]
        ],
        "start_record_envelope_span_ns": 50877,
        "variant": 0
      },
      {
        "collective_only": {
          "local_ms": 0.28249600529670715,
          "rank_max_ms": 0.2990399897098541,
          "rank_ms": [
            0.28249600529670715,
            0.2990399897098541,
            0.24889600276947021,
            0.2555840015411377
          ]
        },
        "position": 0,
        "readiness_probe_exact": true,
        "ready_region": {
          "local_ms": 0.44377601146698,
          "rank_max_ms": 0.4530239999294281,
          "rank_ms": [
            0.44377601146698,
            0.4530239999294281,
            0.37990400195121765,
            0.4063040018081665
          ]
        },
        "sample_index": 1,
        "scheduled_start_arrival_ns_by_rank": [
          740562120522319,
          740562120606852,
          740562120125123,
          740562120578940
        ],
        "scheduled_start_target_ns_by_rank": [
          740562125606852,
          740562125606852,
          740562125606852,
          740562125606852
        ],
        "start_record_bracket_ns_by_rank": [
          [
            740562125607834,
            740562125648668
          ],
          [
            740562125608059,
            740562125662783
          ],
          [
            740562125607290,
            740562125631613
          ],
          [
            740562125607667,
            740562125648022
          ]
        ],
        "start_record_envelope_span_ns": 55493,
        "variant": 1
      },
      {
        "collective_only": {
          "local_ms": 0.6943680047988892,
          "rank_max_ms": 0.6943680047988892,
          "rank_ms": [
            0.6943680047988892,
            0.3417600095272064,
            0.3199999928474426,
            0.31244799494743347
          ]
        },
        "position": 0,
        "readiness_probe_exact": true,
        "ready_region": {
          "local_ms": 0.7043200135231018,
          "rank_max_ms": 0.7043200135231018,
          "rank_ms": [
            0.7043200135231018,
            0.4702399969100952,
            0.3869439959526062,
            0.44630399346351624
          ]
        },
        "sample_index": 2,
        "scheduled_start_arrival_ns_by_rank": [
          740562132251791,
          740562132307820,
          740562131901324,
          740562132253861
        ],
        "scheduled_start_target_ns_by_rank": [
          740562137307820,
          740562137307820,
          740562137307820,
          740562137307820
        ],
        "start_record_bracket_ns_by_rank": [
          [
            740562137731489,
            740562137771562
          ],
          [
            740562138182458,
            740562138236626
          ],
          [
            740562138120339,
            740562138147912
          ],
          [
            740562138255006,
            740562138298486
          ]
        ],
        "start_record_envelope_span_ns": 566997,
        "variant": 0
      },
      {
        "collective_only": {
          "local_ms": 0.3109759986400604,
          "rank_max_ms": 0.3659839928150177,
          "rank_ms": [
            0.3109759986400604,
            0.3659839928150177,
            0.2590399980545044,
            0.3378239870071411
          ]
        },
        "position": 0,
        "readiness_probe_exact": true,
        "ready_region": {
          "local_ms": 0.4536319971084595,
          "rank_max_ms": 0.4952319860458374,
          "rank_ms": [
            0.4536319971084595,
            0.4952319860458374,
            0.378495991230011,
            0.4788160026073456
          ]
        },
        "sample_index": 3,
        "scheduled_start_arrival_ns_by_rank": [
          740562145456110,
          740562145976024,
          740562144886195,
          740562144628825
        ],
        "scheduled_start_target_ns_by_rank": [
          740562150976024,
          740562150976024,
          740562150976024,
          740562150976024
        ],
        "start_record_bracket_ns_by_rank": [
          [
            740562151166836,
            740562151207010
          ],
          [
            740562151216539,
            740562151270721
          ],
          [
            740562151287067,
            740562151311845
          ],
          [
            740562151251906,
            740562151295497
          ]
        ],
        "start_record_envelope_span_ns": 145009,
        "variant": 1
      },
      {
        "collective_only": {
          "local_ms": 0.36419200897216797,
          "rank_max_ms": 0.36419200897216797,
          "rank_ms": [
            0.36419200897216797,
            0.3152959942817688,
            0.2605760097503662,
            0.3124159872531891
          ]
        },
        "position": 0,
        "readiness_probe_exact": true,
        "ready_region": {
          "local_ms": 0.5175679922103882,
          "rank_max_ms": 0.5175679922103882,
          "rank_ms": [
            0.5175679922103882,
            0.43929600715637207,
            0.38367998600006104,
            0.43779200315475464
          ]
        },
        "sample_index": 4,
        "scheduled_start_arrival_ns_by_rank": [
          740562158107771,
          740562158226983,
          740562157789775,
          740562158127030
        ],
        "scheduled_start_target_ns_by_rank": [
          740562163226983,
          740562163226983,
          740562163226983,
          740562163226983
        ],
        "start_record_bracket_ns_by_rank": [
          [
            740562163227828,
            740562163273831
          ],
          [
            740562163227889,
            740562163278972
          ],
          [
            740562163227465,
            740562163252762
          ],
          [
            740562163227868,
            740562163270791
          ]
        ],
        "start_record_envelope_span_ns": 51507,
        "variant": 0
      },
      {
        "collective_only": {
          "local_ms": 0.2759999930858612,
          "rank_max_ms": 0.29577600955963135,
          "rank_ms": [
            0.2759999930858612,
            0.29577600955963135,
            0.244159996509552,
            0.2683520019054413
          ]
        },
        "position": 0,
        "readiness_probe_exact": true,
        "ready_region": {
          "local_ms": 0.4031679928302765,
          "rank_max_ms": 0.44143998622894287,
          "rank_ms": [
            0.4031679928302765,
            0.44143998622894287,
            0.36368000507354736,
            0.3893440067768097
          ]
        },
        "sample_index": 5,
        "scheduled_start_arrival_ns_by_rank": [
          740562169712666,
          740562169894398,
          740562169525464,
          740562169705427
        ],
        "scheduled_start_target_ns_by_rank": [
          740562174894398,
          740562174894398,
          740562174894398,
          740562174894398
        ],
        "start_record_bracket_ns_by_rank": [
          [
            740562174895395,
            740562174932514
          ],
          [
            740562174895475,
            740562174945357
          ],
          [
            740562174894900,
            740562174919649
          ],
          [
            740562174895298,
            740562174935408
          ]
        ],
        "start_record_envelope_span_ns": 50457,
        "variant": 1
      },
      {
        "collective_only": {
          "local_ms": 0.2863039970397949,
          "rank_max_ms": 0.9924160242080688,
          "rank_ms": [
            0.2863039970397949,
            0.33107200264930725,
            0.9924160242080688,
            0.49327999353408813
          ]
        },
        "position": 0,
        "readiness_probe_exact": true,
        "ready_region": {
          "local_ms": 0.427264004945755,
          "rank_max_ms": 1.0026880502700806,
          "rank_ms": [
            0.427264004945755,
            0.45817598700523376,
            1.0026880502700806,
            0.5032320022583008
          ]
        },
        "sample_index": 6,
        "scheduled_start_arrival_ns_by_rank": [
          740562181565729,
          740562181175122,
          740562181555329,
          740562181884396
        ],
        "scheduled_start_target_ns_by_rank": [
          740562186884396,
          740562186884396,
          740562186884396,
          740562186884396
        ],
        "start_record_bracket_ns_by_rank": [
          [
            740562188317088,
            740562188380531
          ],
          [
            740562188296793,
            740562188379547
          ],
          [
            740562187508703,
            740562187533299
          ],
          [
            740562187962140,
            740562188029829
          ]
        ],
        "start_record_envelope_span_ns": 871828,
        "variant": 0
      },
      {
        "collective_only": {
          "local_ms": 0.7183039784431458,
          "rank_max_ms": 0.7183039784431458,
          "rank_ms": [
            0.7183039784431458,
            0.5140479803085327,
            0.5247039794921875,
            0.2765119969844818
          ]
        },
        "position": 0,
        "readiness_probe_exact": true,
        "ready_region": {
          "local_ms": 0.8908479809761047,
          "rank_max_ms": 0.8908479809761047,
          "rank_ms": [
            0.8908479809761047,
            0.5243840217590332,
            0.5347520112991333,
            0.44492799043655396
          ]
        },
        "sample_index": 7,
        "scheduled_start_arrival_ns_by_rank": [
          740562194976359,
          740562195420322,
          740562194946652,
          740562194996753
        ],
        "scheduled_start_target_ns_by_rank": [
          740562200420322,
          740562200420322,
          740562200420322,
          740562200420322
        ],
        "start_record_bracket_ns_by_rank": [
          [
            740562201518595,
            740562201559480
          ],
          [
            740562201255920,
            740562201308908
          ],
          [
            740562201270211,
            740562201295994
          ],
          [
            740562201648520,
            740562201691562
          ]
        ],
        "start_record_envelope_span_ns": 435642,
        "variant": 1
      },
      {
        "collective_only": {
          "local_ms": 0.26630398631095886,
          "rank_max_ms": 0.2847039997577667,
          "rank_ms": [
            0.26630398631095886,
            0.25231999158859253,
            0.2847039997577667,
            0.24236799776554108
          ]
        },
        "position": 0,
        "readiness_probe_exact": true,
        "ready_region": {
          "local_ms": 0.39609599113464355,
          "rank_max_ms": 0.40463998913764954,
          "rank_ms": [
            0.39609599113464355,
            0.40463998913764954,
            0.3354879915714264,
            0.3863680064678192
          ]
        },
        "sample_index": 8,
        "scheduled_start_arrival_ns_by_rank": [
          740562209176079,
          740562209494671,
          740562208718262,
          740562209333181
        ],
        "scheduled_start_target_ns_by_rank": [
          740562214494671,
          740562214494671,
          740562214494671,
          740562214494671
        ],
        "start_record_bracket_ns_by_rank": [
          [
            740562215090850,
            740562215124035
          ],
          [
            740562215054542,
            740562215100496
          ],
          [
            740562214932185,
            740562214953482
          ],
          [
            740562215031539,
            740562215068199
          ]
        ],
        "start_record_envelope_span_ns": 191850,
        "variant": 0
      },
      {
        "collective_only": {
          "local_ms": 0.25251200795173645,
          "rank_max_ms": 0.2690559923648834,
          "rank_ms": [
            0.25251200795173645,
            0.2690559923648834,
            0.24131199717521667,
            0.24639999866485596
          ]
        },
        "position": 0,
        "readiness_probe_exact": true,
        "ready_region": {
          "local_ms": 0.3702079951763153,
          "rank_max_ms": 0.37193599343299866,
          "rank_ms": [
            0.3702079951763153,
            0.37193599343299866,
            0.35305601358413696,
            0.35571199655532837
          ]
        },
        "sample_index": 9,
        "scheduled_start_arrival_ns_by_rank": [
          740562220597797,
          740562220819909,
          740562220430941,
          740562220730100
        ],
        "scheduled_start_target_ns_by_rank": [
          740562225819909,
          740562225819909,
          740562225819909,
          740562225819909
        ],
        "start_record_bracket_ns_by_rank": [
          [
            740562225820766,
            740562225853522
          ],
          [
            740562225821414,
            740562225873497
          ],
          [
            740562225820358,
            740562225846734
          ],
          [
            740562225821169,
            740562225856408
          ]
        ],
        "start_record_envelope_span_ns": 53139,
        "variant": 1
      }
    ],
    "warmup_order": [
      [
        "reference"
      ],
      [
        "reference"
      ],
      [
        "reference"
      ]
    ]
  },
  "readiness_probe": {
    "dtype": "torch.bfloat16",
    "full_tensor_consumer": "preallocated BF16 negation output",
    "full_tensor_validation": "exact on every warmup and measured sample",
    "num_elements": 60,
    "positions": [
      [
        0,
        0
      ],
      [
        0,
        1
      ],
      [
        0,
        2
      ],
      [
        0,
        3
      ],
      [
        0,
        2048
      ],
      [
        0,
        3072
      ],
      [
        0,
        6140
      ],
      [
        0,
        6141
      ],
      [
        0,
        6142
      ],
      [
        0,
        6143
      ],
      [
        1,
        0
      ],
      [
        1,
        1
      ],
      [
        1,
        2
      ],
      [
        1,
        3
      ],
      [
        1,
        2048
      ],
      [
        1,
        3072
      ],
      [
        1,
        6140
      ],
      [
        1,
        6141
      ],
      [
        1,
        6142
      ],
      [
        1,
        6143
      ],
      [
        5,
        0
      ],
      [
        5,
        1
      ],
      [
        5,
        2
      ],
      [
        5,
        3
      ],
      [
        5,
        2048
      ],
      [
        5,
        3072
      ],
      [
        5,
        6140
      ],
      [
        5,
        6141
      ],
      [
        5,
        6142
      ],
      [
        5,
        6143
      ],
      [
        8,
        0
      ],
      [
        8,
        1
      ],
      [
        8,
        2
      ],
      [
        8,
        3
      ],
      [
        8,
        2048
      ],
      [
        8,
        3072
      ],
      [
        8,
        6140
      ],
      [
        8,
        6141
      ],
      [
        8,
        6142
      ],
      [
        8,
        6143
      ],
      [
        14,
        0
      ],
      [
        14,
        1
      ],
      [
        14,
        2
      ],
      [
        14,
        3
      ],
      [
        14,
        2048
      ],
      [
        14,
        3072
      ],
      [
        14,
        6140
      ],
      [
        14,
        6141
      ],
      [
        14,
        6142
      ],
      [
        14,
        6143
      ],
      [
        15,
        0
      ],
      [
        15,
        1
      ],
      [
        15,
        2
      ],
      [
        15,
        3
      ],
      [
        15,
        2048
      ],
      [
        15,
        3072
      ],
      [
        15,
        6140
      ],
      [
        15,
        6141
      ],
      [
        15,
        6142
      ],
      [
        15,
        6143
      ]
    ],
    "validation": "exact on every warmup and measured sample"
  },
  "reference": {
    "collective_only": {
      "median_ms": 0.33670400083065033,
      "min_ms": 0.2690559923648834,
      "p95_ms": 0.7183039784431458
    },
    "gate_metric": "ready_region.rank_max_ms",
    "readiness_probe_overhead_median_ms": 0.12998400628566742,
    "ready_region": {
      "median_ms": 0.47412799298763275,
      "min_ms": 0.37193599343299866,
      "p95_ms": 0.8908479809761047
    }
  },
  "reference_policy": "SGLANG_GLM52_OPT=0 production GroupCoordinator path",
  "result_path": "/tmp/tp_allreduce_reachability_20260722T181038Z/semantics/tp4_allreduce_decode_m16.eager.nondefault.json",
  "schema_version": 2,
  "scope": "tp4_allreduce_diagnostic_only",
  "timing_contract": {
    "collective_only": "start event through event recorded immediately after run()",
    "gate_metric": "ready_region rank-max paired p50",
    "rank_start_alignment": "selected stream synchronized after restoration; TP CPU-group all-gather selects a common same-host monotonic deadline 5 ms after latest arrival; ranks busy-wait; host timestamps bracket every start-event record call",
    "ready_region": "start event through full-tensor same-stream negation and position-sensitive gather",
    "restoration": "variant source-to-local copy and consumer/probe poison occur before every start event"
  },
  "workload": {
    "distributed": true,
    "family": "allreduce",
    "name": "tp4_allreduce_decode_m16",
    "notes": "TP4/DP4 decode bucket: local M=16; sum reduction. Standalone diagnostic; production caller/ABI not yet proven.",
    "params": {
      "dtype": "bfloat16",
      "hidden": 6144,
      "local_tokens": 16
    },
    "phase": "decode",
    "source_symbol": "sglang.srt.distributed.parallel_state.GroupCoordinator.all_reduce",
    "world_size": 4
  }
}
/home/qinhaiyan/glm52-goal-runs/24-tp_allreduce_reachability/kernel-harness/.venv/lib/python3.12/site-packages/torch/distributed/c10d_logger.py:83: UserWarning: barrier(): using the device under current context. You can specify `device_id` in `init_process_group` to mute this warning.
  return func(*args, **kwargs)
