started_utc=2026-07-22T19:24:47.875449275Z
command= nvidia-smi nvlink --getthroughput d
timeout_seconds=1800
GPU 0: NVIDIA B200 (UUID: GPU-30b619de-87f2-1862-0d07-a595da8fe417)
	 Link 0: Data Tx: 23428286 KiB
	 Link 0: Data Rx: 22579931 KiB
	 Link 1: Data Tx: 22881363 KiB
	 Link 1: Data Rx: 22882059 KiB
	 Link 2: Data Tx: 22622873 KiB
	 Link 2: Data Rx: 22882072 KiB
	 Link 3: Data Tx: 22645294 KiB
	 Link 3: Data Rx: 22940947 KiB
	 Link 4: Data Tx: 22866056 KiB
	 Link 4: Data Rx: 22861479 KiB
	 Link 5: Data Tx: 22859357 KiB
	 Link 5: Data Rx: 22837357 KiB
	 Link 6: Data Tx: 22779095 KiB
	 Link 6: Data Rx: 22889941 KiB
	 Link 7: Data Tx: 22980008 KiB
	 Link 7: Data Rx: 22579960 KiB
	 Link 8: Data Tx: 22707727 KiB
	 Link 8: Data Rx: 22494771 KiB
	 Link 9: Data Tx: 22982845 KiB
	 Link 9: Data Rx: 22475681 KiB
	 Link 10: Data Tx: 22621106 KiB
	 Link 10: Data Rx: 22653183 KiB
	 Link 11: Data Tx: 22605756 KiB
	 Link 11: Data Rx: 23670652 KiB
	 Link 12: Data Tx: 22529989 KiB
	 Link 12: Data Rx: 22584857 KiB
	 Link 13: Data Tx: 22536414 KiB
	 Link 13: Data Rx: 22896159 KiB
	 Link 14: Data Tx: 22846191 KiB
	 Link 14: Data Rx: 22801570 KiB
	 Link 15: Data Tx: 22843130 KiB
	 Link 15: Data Rx: 22824913 KiB
	 Link 16: Data Tx: 22824565 KiB
	 Link 16: Data Rx: 22805572 KiB
	 Link 17: Data Tx: 22800327 KiB
	 Link 17: Data Rx: 22824902 KiB
GPU 1: NVIDIA B200 (UUID: GPU-5b9be10b-5bfc-b658-9b31-f7ae8516dc54)
	 Link 0: Data Tx: 23037762 KiB
	 Link 0: Data Rx: 22702153 KiB
	 Link 1: Data Tx: 23072819 KiB
	 Link 1: Data Rx: 22735260 KiB
	 Link 2: Data Tx: 22464626 KiB
	 Link 2: Data Rx: 22927208 KiB
	 Link 3: Data Tx: 22625632 KiB
	 Link 3: Data Rx: 22572831 KiB
	 Link 4: Data Tx: 22990136 KiB
	 Link 4: Data Rx: 22822303 KiB
	 Link 5: Data Tx: 22727827 KiB
	 Link 5: Data Rx: 22786524 KiB
	 Link 6: Data Tx: 22657186 KiB
	 Link 6: Data Rx: 22825682 KiB
	 Link 7: Data Tx: 22629189 KiB
	 Link 7: Data Rx: 22478714 KiB
	 Link 8: Data Tx: 22845023 KiB
	 Link 8: Data Rx: 22839243 KiB
	 Link 9: Data Tx: 22779363 KiB
	 Link 9: Data Rx: 22754232 KiB
	 Link 10: Data Tx: 22634047 KiB
	 Link 10: Data Rx: 22716282 KiB
	 Link 11: Data Tx: 22751608 KiB
	 Link 11: Data Rx: 23462503 KiB
	 Link 12: Data Tx: 22462938 KiB
	 Link 12: Data Rx: 22494990 KiB
	 Link 13: Data Tx: 22499589 KiB
	 Link 13: Data Rx: 22435640 KiB
	 Link 14: Data Tx: 22827649 KiB
	 Link 14: Data Rx: 22903437 KiB
	 Link 15: Data Tx: 22758445 KiB
	 Link 15: Data Rx: 22830459 KiB
	 Link 16: Data Tx: 22908471 KiB
	 Link 16: Data Rx: 22735032 KiB
	 Link 17: Data Tx: 22838211 KiB
	 Link 17: Data Rx: 22760473 KiB
GPU 2: NVIDIA B200 (UUID: GPU-df8b1d78-b06c-39a2-54f0-66b9fabf3a99)
	 Link 0: Data Tx: 22837948 KiB
	 Link 0: Data Rx: 22745837 KiB
	 Link 1: Data Tx: 22823666 KiB
	 Link 1: Data Rx: 22746720 KiB
	 Link 2: Data Tx: 22505216 KiB
	 Link 2: Data Rx: 22698351 KiB
	 Link 3: Data Tx: 23142473 KiB
	 Link 3: Data Rx: 22686666 KiB
	 Link 4: Data Tx: 22857707 KiB
	 Link 4: Data Rx: 22951545 KiB
	 Link 5: Data Tx: 22867536 KiB
	 Link 5: Data Rx: 22808810 KiB
	 Link 6: Data Tx: 22812976 KiB
	 Link 6: Data Rx: 22783916 KiB
	 Link 7: Data Tx: 22840532 KiB
	 Link 7: Data Rx: 22601338 KiB
	 Link 8: Data Tx: 22818561 KiB
	 Link 8: Data Rx: 22737909 KiB
	 Link 9: Data Tx: 22810651 KiB
	 Link 9: Data Rx: 22835798 KiB
	 Link 10: Data Tx: 22556904 KiB
	 Link 10: Data Rx: 22767339 KiB
	 Link 11: Data Tx: 22386782 KiB
	 Link 11: Data Rx: 23265525 KiB
	 Link 12: Data Tx: 22419560 KiB
	 Link 12: Data Rx: 22508121 KiB
	 Link 13: Data Tx: 22482464 KiB
	 Link 13: Data Rx: 22487624 KiB
	 Link 14: Data Tx: 22706005 KiB
	 Link 14: Data Rx: 22774530 KiB
	 Link 15: Data Tx: 22703069 KiB
	 Link 15: Data Rx: 22833679 KiB
	 Link 16: Data Tx: 23156726 KiB
	 Link 16: Data Rx: 22744322 KiB
	 Link 17: Data Tx: 22833889 KiB
	 Link 17: Data Rx: 22751355 KiB
GPU 3: NVIDIA B200 (UUID: GPU-705cc39e-af1d-c4c0-d97d-4155237646af)
	 Link 0: Data Tx: 22774952 KiB
	 Link 0: Data Rx: 22843968 KiB
	 Link 1: Data Tx: 22697418 KiB
	 Link 1: Data Rx: 22898985 KiB
	 Link 2: Data Tx: 22668785 KiB
	 Link 2: Data Rx: 22571257 KiB
	 Link 3: Data Tx: 22835865 KiB
	 Link 3: Data Rx: 22517086 KiB
	 Link 4: Data Tx: 23299550 KiB
	 Link 4: Data Rx: 22814891 KiB
	 Link 5: Data Tx: 23075261 KiB
	 Link 5: Data Rx: 22780022 KiB
	 Link 6: Data Tx: 22837261 KiB
	 Link 6: Data Rx: 22805496 KiB
	 Link 7: Data Tx: 23157886 KiB
	 Link 7: Data Rx: 22675300 KiB
	 Link 8: Data Tx: 22752417 KiB
	 Link 8: Data Rx: 22796371 KiB
	 Link 9: Data Tx: 22710074 KiB
	 Link 9: Data Rx: 22831145 KiB
	 Link 10: Data Tx: 22660538 KiB
	 Link 10: Data Rx: 22767916 KiB
	 Link 11: Data Tx: 22859041 KiB
	 Link 11: Data Rx: 23452309 KiB
	 Link 12: Data Tx: 22453929 KiB
	 Link 12: Data Rx: 22546272 KiB
	 Link 13: Data Tx: 22504684 KiB
	 Link 13: Data Rx: 22531396 KiB
	 Link 14: Data Tx: 23009801 KiB
	 Link 14: Data Rx: 22839479 KiB
	 Link 15: Data Tx: 22968152 KiB
	 Link 15: Data Rx: 22783746 KiB
	 Link 16: Data Tx: 22707493 KiB
	 Link 16: Data Rx: 22816984 KiB
	 Link 17: Data Tx: 22702714 KiB
	 Link 17: Data Rx: 22838411 KiB
