started_utc=2026-07-22T18:20:11.227922198Z
command= env SGLANG_ALL_REDUCE_TRACE=/tmp/tp_allreduce_reachability_20260722T181038Z/reachability/prefill.\{rank\}.\{pid\}.jsonl /home/qinhaiyan/glm52-goal-runs/24-tp_allreduce_reachability/kernel-harness/serving_native/run.sh tp4_allreduce_prefill --execution-mode eager --stream nondefault --warmup 0 --repeat 1 --output /tmp/tp_allreduce_reachability_20260722T181038Z/reachability/prefill.result.json
timeout_seconds=1800

*****************************************
Setting OMP_NUM_THREADS environment variable for each process to be 1 in default, to avoid your system being overloaded, please further tune the variable for optimal performance in your application as needed. 
*****************************************
/home/qinhaiyan/glm52-goal-runs/24-tp_allreduce_reachability/kernel-harness/.venv/lib/python3.12/site-packages/torch/distributed/c10d_logger.py:83: UserWarning: barrier(): using the device under current context. You can specify `device_id` in `init_process_group` to mute this warning.
  return func(*args, **kwargs)
[rank0]:[W722 18:20:24.161711250 ProcessGroupNCCL.cpp:5188] Guessing device ID based on global rank. This can cause a hang if rank to GPU mapping is heterogeneous. You can specify device_id in init_process_group()
{
  "all_reduce_trace": {
    "enabled": true,
    "errors_by_rank": [],
    "evidence_valid": true,
    "failure_counts_by_rank": [
      {
        "counts": {},
        "rank": 0
      },
      {
        "counts": {},
        "rank": 1
      },
      {
        "counts": {},
        "rank": 2
      },
      {
        "counts": {},
        "rank": 3
      }
    ],
    "invalid_reasons": [],
    "measurement_instrumented": true,
    "paths_by_rank": [
      {
        "path": "/tmp/tp_allreduce_reachability_20260722T181038Z/reachability/prefill.0.1235967.jsonl",
        "rank": 0
      },
      {
        "path": "/tmp/tp_allreduce_reachability_20260722T181038Z/reachability/prefill.1.1235968.jsonl",
        "rank": 1
      },
      {
        "path": "/tmp/tp_allreduce_reachability_20260722T181038Z/reachability/prefill.2.1235969.jsonl",
        "rank": 2
      },
      {
        "path": "/tmp/tp_allreduce_reachability_20260722T181038Z/reachability/prefill.3.1235970.jsonl",
        "rank": 3
      }
    ],
    "replay_limitation": "Python observes eager dispatch or CUDA graph capture only; CUDA graph replay does not re-enter this hook. Correlate stable kernel names in an Nsight Systems trace to prove replay execution."
  },
  "allreduce": {
    "candidate_capture_context_by_rank": null,
    "candidate_contract_by_rank": null,
    "exact_oracle": "hash[row,col]=(37*(row%127)+17*(col%127)+13*(row%127)*(col%127))%127; base_variant=((hash+shift)%127)-63 for shifts [0,31]; source=base+2*rank-(world_size-1); expected=world_size*base",
    "message_bytes": 100663296,
    "reference_contract_by_rank": [
      {
        "exact_values": true,
        "local_poststate": "reduced",
        "output": {
          "device": "cuda:0",
          "dtype": "torch.bfloat16",
          "shape": [
            8192,
            6144
          ],
          "stride": [
            6144,
            1
          ]
        },
        "output_aliases_local": true,
        "source_immutable": true
      },
      {
        "exact_values": true,
        "local_poststate": "reduced",
        "output": {
          "device": "cuda:1",
          "dtype": "torch.bfloat16",
          "shape": [
            8192,
            6144
          ],
          "stride": [
            6144,
            1
          ]
        },
        "output_aliases_local": true,
        "source_immutable": true
      },
      {
        "exact_values": true,
        "local_poststate": "reduced",
        "output": {
          "device": "cuda:2",
          "dtype": "torch.bfloat16",
          "shape": [
            8192,
            6144
          ],
          "stride": [
            6144,
            1
          ]
        },
        "output_aliases_local": true,
        "source_immutable": true
      },
      {
        "exact_values": true,
        "local_poststate": "reduced",
        "output": {
          "device": "cuda:3",
          "dtype": "torch.bfloat16",
          "shape": [
            8192,
            6144
          ],
          "stride": [
            6144,
            1
          ]
        },
        "output_aliases_local": true,
        "source_immutable": true
      }
    ],
    "reference_dispatch_by_rank": [
      {
        "communicators": {
          "custom": {
            "algorithm": "TWO_SHOT_PULL",
            "class": "sglang.srt.distributed.device_communicators.custom_all_reduce_v2.CustomAllReduceV2",
            "fields": {
              "config": "ModeConfig(one_shot_push_threshold=2097152, one_shot_pull_threshold=2097152)",
              "disabled": "False",
              "max_size": "16777216",
              "override_algo": "None",
              "rank": "0",
              "tms_cudagraph": "False",
              "world_size": "4"
            },
            "python_id": 128281081795248,
            "should_custom_ar": {
              "value": false
            }
          },
          "pymscclpp": {
            "should_mscclpp_allreduce": {
              "value": false
            }
          },
          "pynccl": {
            "class": "sglang.srt.distributed.device_communicators.pynccl.PyNcclCommunicator",
            "fields": {
              "disabled": "True",
              "rank": "0",
              "world_size": "4"
            },
            "python_id": 128281019917968,
            "symmetric_pool_enabled": {
              "value": false
            }
          },
          "quick": {
            "should_quick_allreduce": {
              "value": false
            }
          },
          "torch_symmetric_memory": {
            "should_torch_symm_mem_allreduce": {
              "value": false
            }
          }
        },
        "dtype": "torch.bfloat16",
        "execution_mode": "eager",
        "group_name": "tp:0",
        "group_ranks": [
          0,
          1,
          2,
          3
        ],
        "local_size": 0,
        "message_bytes": 100663296,
        "phase": "eager",
        "predicted_reference_algorithm": "SUM",
        "predicted_reference_backend": "torch_distributed_inplace",
        "rank": 0,
        "shape": [
          8192,
          6144
        ],
        "stream": {
          "cuda_stream": 103612565193424,
          "requested": "nondefault"
        },
        "stride": [
          6144,
          1
        ],
        "world_size": 4
      },
      {
        "communicators": {
          "custom": {
            "algorithm": "TWO_SHOT_PULL",
            "class": "sglang.srt.distributed.device_communicators.custom_all_reduce_v2.CustomAllReduceV2",
            "fields": {
              "config": "ModeConfig(one_shot_push_threshold=2097152, one_shot_pull_threshold=2097152)",
              "disabled": "False",
              "max_size": "16777216",
              "override_algo": "None",
              "rank": "1",
              "tms_cudagraph": "False",
              "world_size": "4"
            },
            "python_id": 136906838518832,
            "should_custom_ar": {
              "value": false
            }
          },
          "pymscclpp": {
            "should_mscclpp_allreduce": {
              "value": false
            }
          },
          "pynccl": {
            "class": "sglang.srt.distributed.device_communicators.pynccl.PyNcclCommunicator",
            "fields": {
              "disabled": "True",
              "rank": "1",
              "world_size": "4"
            },
            "python_id": 136906966653776,
            "symmetric_pool_enabled": {
              "value": false
            }
          },
          "quick": {
            "should_quick_allreduce": {
              "value": false
            }
          },
          "torch_symmetric_memory": {
            "should_torch_symm_mem_allreduce": {
              "value": false
            }
          }
        },
        "dtype": "torch.bfloat16",
        "execution_mode": "eager",
        "group_name": "tp:0",
        "group_ranks": [
          0,
          1,
          2,
          3
        ],
        "local_size": 0,
        "message_bytes": 100663296,
        "phase": "eager",
        "predicted_reference_algorithm": "SUM",
        "predicted_reference_backend": "torch_distributed_inplace",
        "rank": 1,
        "shape": [
          8192,
          6144
        ],
        "stream": {
          "cuda_stream": 95098003462880,
          "requested": "nondefault"
        },
        "stride": [
          6144,
          1
        ],
        "world_size": 4
      },
      {
        "communicators": {
          "custom": {
            "algorithm": "TWO_SHOT_PULL",
            "class": "sglang.srt.distributed.device_communicators.custom_all_reduce_v2.CustomAllReduceV2",
            "fields": {
              "config": "ModeConfig(one_shot_push_threshold=2097152, one_shot_pull_threshold=2097152)",
              "disabled": "False",
              "max_size": "16777216",
              "override_algo": "None",
              "rank": "2",
              "tms_cudagraph": "False",
              "world_size": "4"
            },
            "python_id": 128369877783264,
            "should_custom_ar": {
              "value": false
            }
          },
          "pymscclpp": {
            "should_mscclpp_allreduce": {
              "value": false
            }
          },
          "pynccl": {
            "class": "sglang.srt.distributed.device_communicators.pynccl.PyNcclCommunicator",
            "fields": {
              "disabled": "True",
              "rank": "2",
              "world_size": "4"
            },
            "python_id": 128369877330320,
            "symmetric_pool_enabled": {
              "value": false
            }
          },
          "quick": {
            "should_quick_allreduce": {
              "value": false
            }
          },
          "torch_symmetric_memory": {
            "should_torch_symm_mem_allreduce": {
              "value": false
            }
          }
        },
        "dtype": "torch.bfloat16",
        "execution_mode": "eager",
        "group_name": "tp:0",
        "group_ranks": [
          0,
          1,
          2,
          3
        ],
        "local_size": 0,
        "message_bytes": 100663296,
        "phase": "eager",
        "predicted_reference_algorithm": "SUM",
        "predicted_reference_backend": "torch_distributed_inplace",
        "rank": 2,
        "shape": [
          8192,
          6144
        ],
        "stream": {
          "cuda_stream": 110440640620384,
          "requested": "nondefault"
        },
        "stride": [
          6144,
          1
        ],
        "world_size": 4
      },
      {
        "communicators": {
          "custom": {
            "algorithm": "TWO_SHOT_PULL",
            "class": "sglang.srt.distributed.device_communicators.custom_all_reduce_v2.CustomAllReduceV2",
            "fields": {
              "config": "ModeConfig(one_shot_push_threshold=2097152, one_shot_pull_threshold=2097152)",
              "disabled": "False",
              "max_size": "16777216",
              "override_algo": "None",
              "rank": "3",
              "tms_cudagraph": "False",
              "world_size": "4"
            },
            "python_id": 133200878584512,
            "should_custom_ar": {
              "value": false
            }
          },
          "pymscclpp": {
            "should_mscclpp_allreduce": {
              "value": false
            }
          },
          "pynccl": {
            "class": "sglang.srt.distributed.device_communicators.pynccl.PyNcclCommunicator",
            "fields": {
              "disabled": "True",
              "rank": "3",
              "world_size": "4"
            },
            "python_id": 133200751513424,
            "symmetric_pool_enabled": {
              "value": false
            }
          },
          "quick": {
            "should_quick_allreduce": {
              "value": false
            }
          },
          "torch_symmetric_memory": {
            "should_torch_symm_mem_allreduce": {
              "value": false
            }
          }
        },
        "dtype": "torch.bfloat16",
        "execution_mode": "eager",
        "group_name": "tp:0",
        "group_ranks": [
          0,
          1,
          2,
          3
        ],
        "local_size": 0,
        "message_bytes": 100663296,
        "phase": "eager",
        "predicted_reference_algorithm": "SUM",
        "predicted_reference_backend": "torch_distributed_inplace",
        "rank": 3,
        "shape": [
          8192,
          6144
        ],
        "stream": {
          "cuda_stream": 107399625626512,
          "requested": "nondefault"
        },
        "stride": [
          6144,
          1
        ],
        "world_size": 4
      }
    ]
  },
  "candidate": null,
  "correctness": {
    "alternating_input_variants": 2,
    "candidate_state_guarded": false,
    "exact_full_checks": "before and after timing",
    "exact_full_tensor_consumer": "every warmup and measured sample",
    "exact_position_probe": "every warmup and measured sample",
    "passed": true,
    "validation_errors_aggregated_over_tp_cpu_group": true
  },
  "disposition": "instrumented_tp4_reachability_only",
  "environment": {
    "device": {
      "capability": [
        10,
        0
      ],
      "name": "NVIDIA B200",
      "rank": 0,
      "total_memory": 191490555904
    },
    "device_by_rank": [
      {
        "capability": [
          10,
          0
        ],
        "name": "NVIDIA B200",
        "rank": 0,
        "total_memory": 191490555904
      },
      {
        "capability": [
          10,
          0
        ],
        "name": "NVIDIA B200",
        "rank": 1,
        "total_memory": 191490555904
      },
      {
        "capability": [
          10,
          0
        ],
        "name": "NVIDIA B200",
        "rank": 2,
        "total_memory": 191490555904
      },
      {
        "capability": [
          10,
          0
        ],
        "name": "NVIDIA B200",
        "rank": 3,
        "total_memory": 191490555904
      }
    ],
    "env": {
      "CUDA_VISIBLE_DEVICES": "0,1,2,3",
      "NCCL_ALGO": null,
      "NCCL_PROTO": null,
      "SGLANG_ALL_REDUCE_TRACE": "/tmp/tp_allreduce_reachability_20260722T181038Z/reachability/prefill.{rank}.{pid}.jsonl",
      "SGLANG_GLM52_OPT": "0",
      "SGLANG_OPT_USE_CUSTOM_ALL_REDUCE_V2": null,
      "SGLANG_ROOT": "/home/qinhaiyan/glm52-goal-runs/24-tp_allreduce_reachability/sglang"
    },
    "kernel_harness_git": {
      "branch": "goal/glm52-prod-24-tp_allreduce_reachability",
      "dirty": false,
      "root": "/home/qinhaiyan/glm52-goal-runs/24-tp_allreduce_reachability/kernel-harness",
      "sha": "46ba02607b54f62cdef5a43c99e558b12b545aa6",
      "status": []
    },
    "packages": {
      "flashinfer": {
        "path": "/mnt/OS-oKqEXySb/home/qinhaiyan/miniconda3/envs/sglang/lib/python3.12/site-packages/flashinfer/__init__.py",
        "version": "0.6.12"
      },
      "sgl_kernel": {
        "path": "/mnt/OS-oKqEXySb/home/qinhaiyan/miniconda3/envs/sglang/lib/python3.12/site-packages/sgl_kernel/__init__.py",
        "version": "0.4.4"
      },
      "sglang": {
        "path": "/home/qinhaiyan/glm52-goal-runs/24-tp_allreduce_reachability/sglang/python/sglang/__init__.py",
        "version": "0.5.15"
      },
      "torch": {
        "cuda": "13.0",
        "nccl": [
          2,
          28,
          9
        ],
        "path": "/mnt/OS-oKqEXySb/home/qinhaiyan/miniconda3/envs/sglang/lib/python3.12/site-packages/torch/__init__.py",
        "version": "2.11.0+cu130"
      },
      "triton": {
        "path": "/mnt/OS-oKqEXySb/home/qinhaiyan/miniconda3/envs/sglang/lib/python3.12/site-packages/triton/__init__.py",
        "version": "3.6.0"
      }
    },
    "python": "/home/qinhaiyan/glm52-goal-runs/24-tp_allreduce_reachability/kernel-harness/.venv/bin/python",
    "python_version": "3.12.13 | packaged by Anaconda, Inc. | (main, Jul  9 2026, 14:38:16) [GCC 14.3.0]",
    "sglang_git": {
      "branch": "goal/glm52-prod-24-tp_allreduce_reachability",
      "dirty": false,
      "root": "/home/qinhaiyan/glm52-goal-runs/24-tp_allreduce_reachability/sglang",
      "sha": "49c03b20e861782002eec6f5be7126e7e19c2d28",
      "status": []
    }
  },
  "execution": {
    "cuda_stream": 103612565193424,
    "default_to_execution_waits_outside_timing": 3,
    "mode": "eager",
    "nvtx_measurement_range": "serving_native/tp4_allreduce_prefill/eager/nondefault/reference",
    "nvtx_rank_synchronization": "rank 0 push after a TP CPU-group barrier; all ranks wait at a second barrier before measurement and before rank 0 pop",
    "stream": "nondefault"
  },
  "gate": {
    "blocker": "trace instrumentation makes performance evidence ineligible",
    "candidate_present": false,
    "metric": "paired ready-region rank-max p50 speedup",
    "minimum_speedup": 1.03,
    "passed": null,
    "performance_eligible": false,
    "stock_fallback_active": true
  },
  "production_acceptance": "This direct TP4 callable is not proof of the GLM serving caller/ABI and cannot be relabeled as TP8 evidence.",
  "raw_samples": {
    "candidate": null,
    "measured_order": [
      [
        "reference"
      ]
    ],
    "rank_order": [
      0,
      1,
      2,
      3
    ],
    "reference": [
      {
        "collective_only": {
          "local_ms": 0.9146239757537842,
          "rank_max_ms": 0.9153919816017151,
          "rank_ms": [
            0.9146239757537842,
            0.9018239974975586,
            0.908735990524292,
            0.9153919816017151
          ]
        },
        "position": 0,
        "readiness_probe_exact": true,
        "ready_region": {
          "local_ms": 0.9546880125999451,
          "rank_max_ms": 0.9554880261421204,
          "rank_ms": [
            0.9546880125999451,
            0.9428160190582275,
            0.9496960043907166,
            0.9554880261421204
          ]
        },
        "sample_index": 0,
        "scheduled_start_arrival_ns_by_rank": [
          740527238460685,
          740527238618960,
          740527238552225,
          740527238628741
        ],
        "scheduled_start_target_ns_by_rank": [
          740527243628741,
          740527243628741,
          740527243628741,
          740527243628741
        ],
        "start_record_bracket_ns_by_rank": [
          [
            740527243629960,
            740527243677888
          ],
          [
            740527243631338,
            740527243686881
          ],
          [
            740527243629966,
            740527243675420
          ],
          [
            740527243630337,
            740527243673622
          ]
        ],
        "start_record_envelope_span_ns": 56921,
        "variant": 0
      }
    ],
    "warmup_order": []
  },
  "readiness_probe": {
    "dtype": "torch.bfloat16",
    "full_tensor_consumer": "preallocated BF16 negation output",
    "full_tensor_validation": "exact on every warmup and measured sample",
    "num_elements": 60,
    "positions": [
      [
        0,
        0
      ],
      [
        0,
        1
      ],
      [
        0,
        2
      ],
      [
        0,
        3
      ],
      [
        0,
        2048
      ],
      [
        0,
        3072
      ],
      [
        0,
        6140
      ],
      [
        0,
        6141
      ],
      [
        0,
        6142
      ],
      [
        0,
        6143
      ],
      [
        1,
        0
      ],
      [
        1,
        1
      ],
      [
        1,
        2
      ],
      [
        1,
        3
      ],
      [
        1,
        2048
      ],
      [
        1,
        3072
      ],
      [
        1,
        6140
      ],
      [
        1,
        6141
      ],
      [
        1,
        6142
      ],
      [
        1,
        6143
      ],
      [
        2730,
        0
      ],
      [
        2730,
        1
      ],
      [
        2730,
        2
      ],
      [
        2730,
        3
      ],
      [
        2730,
        2048
      ],
      [
        2730,
        3072
      ],
      [
        2730,
        6140
      ],
      [
        2730,
        6141
      ],
      [
        2730,
        6142
      ],
      [
        2730,
        6143
      ],
      [
        4096,
        0
      ],
      [
        4096,
        1
      ],
      [
        4096,
        2
      ],
      [
        4096,
        3
      ],
      [
        4096,
        2048
      ],
      [
        4096,
        3072
      ],
      [
        4096,
        6140
      ],
      [
        4096,
        6141
      ],
      [
        4096,
        6142
      ],
      [
        4096,
        6143
      ],
      [
        8190,
        0
      ],
      [
        8190,
        1
      ],
      [
        8190,
        2
      ],
      [
        8190,
        3
      ],
      [
        8190,
        2048
      ],
      [
        8190,
        3072
      ],
      [
        8190,
        6140
      ],
      [
        8190,
        6141
      ],
      [
        8190,
        6142
      ],
      [
        8190,
        6143
      ],
      [
        8191,
        0
      ],
      [
        8191,
        1
      ],
      [
        8191,
        2
      ],
      [
        8191,
        3
      ],
      [
        8191,
        2048
      ],
      [
        8191,
        3072
      ],
      [
        8191,
        6140
      ],
      [
        8191,
        6141
      ],
      [
        8191,
        6142
      ],
      [
        8191,
        6143
      ]
    ],
    "validation": "exact on every warmup and measured sample"
  },
  "reference": {
    "collective_only": {
      "median_ms": 0.9153919816017151,
      "min_ms": 0.9153919816017151,
      "p95_ms": 0.9153919816017151
    },
    "gate_metric": "ready_region.rank_max_ms",
    "readiness_probe_overhead_median_ms": 0.04009604454040527,
    "ready_region": {
      "median_ms": 0.9554880261421204,
      "min_ms": 0.9554880261421204,
      "p95_ms": 0.9554880261421204
    }
  },
  "reference_policy": "SGLANG_GLM52_OPT=0 production GroupCoordinator path",
  "result_path": "/tmp/tp_allreduce_reachability_20260722T181038Z/reachability/prefill.result.json",
  "schema_version": 2,
  "scope": "tp4_allreduce_diagnostic_only",
  "timing_contract": {
    "collective_only": "start event through event recorded immediately after run()",
    "gate_metric": "ready_region rank-max paired p50",
    "rank_start_alignment": "selected stream synchronized after restoration; TP CPU-group all-gather selects a common same-host monotonic deadline 5 ms after latest arrival; ranks busy-wait; host timestamps bracket every start-event record call",
    "ready_region": "start event through full-tensor same-stream negation and position-sensitive gather",
    "restoration": "variant source-to-local copy and consumer/probe poison occur before every start event"
  },
  "workload": {
    "distributed": true,
    "family": "allreduce",
    "name": "tp4_allreduce_prefill",
    "notes": "Standalone TP4/DP4 balanced 32768-token diagnostic; production caller/ABI not yet proven.",
    "params": {
      "dtype": "bfloat16",
      "hidden": 6144,
      "local_tokens": 8192
    },
    "phase": "prefill",
    "source_symbol": "sglang.srt.distributed.parallel_state.GroupCoordinator.all_reduce",
    "world_size": 4
  }
}
/home/qinhaiyan/glm52-goal-runs/24-tp_allreduce_reachability/kernel-harness/.venv/lib/python3.12/site-packages/torch/distributed/c10d_logger.py:83: UserWarning: barrier(): using the device under current context. You can specify `device_id` in `init_process_group` to mute this warning.
  return func(*args, **kwargs)
