started_utc=2026-07-22T17:43:50.129706269Z
command= nvidia-smi nvlink --getthroughput d
timeout_seconds=1800
GPU 0: NVIDIA B200 (UUID: GPU-30b619de-87f2-1862-0d07-a595da8fe417)
	 Link 0: Data Tx: 10340487 KiB
	 Link 0: Data Rx: 9994698 KiB
	 Link 1: Data Tx: 10138687 KiB
	 Link 1: Data Rx: 10118951 KiB
	 Link 2: Data Tx: 10032807 KiB
	 Link 2: Data Rx: 10195829 KiB
	 Link 3: Data Tx: 10037220 KiB
	 Link 3: Data Rx: 10196813 KiB
	 Link 4: Data Tx: 10117638 KiB
	 Link 4: Data Rx: 10168059 KiB
	 Link 5: Data Tx: 10125206 KiB
	 Link 5: Data Rx: 10153136 KiB
	 Link 6: Data Tx: 10085852 KiB
	 Link 6: Data Rx: 10134397 KiB
	 Link 7: Data Tx: 10181738 KiB
	 Link 7: Data Rx: 10018205 KiB
	 Link 8: Data Tx: 10059742 KiB
	 Link 8: Data Rx: 9967189 KiB
	 Link 9: Data Tx: 10163724 KiB
	 Link 9: Data Rx: 9954450 KiB
	 Link 10: Data Tx: 10005960 KiB
	 Link 10: Data Rx: 10030908 KiB
	 Link 11: Data Tx: 9986038 KiB
	 Link 11: Data Rx: 10420869 KiB
	 Link 12: Data Tx: 9982226 KiB
	 Link 12: Data Rx: 10016145 KiB
	 Link 13: Data Tx: 9986162 KiB
	 Link 13: Data Rx: 10119452 KiB
	 Link 14: Data Tx: 10104362 KiB
	 Link 14: Data Rx: 10093496 KiB
	 Link 15: Data Tx: 10097961 KiB
	 Link 15: Data Rx: 10094381 KiB
	 Link 16: Data Tx: 10131364 KiB
	 Link 16: Data Rx: 10101121 KiB
	 Link 17: Data Tx: 10110444 KiB
	 Link 17: Data Rx: 10103477 KiB
GPU 1: NVIDIA B200 (UUID: GPU-5b9be10b-5bfc-b658-9b31-f7ae8516dc54)
	 Link 0: Data Tx: 10201557 KiB
	 Link 0: Data Rx: 10071785 KiB
	 Link 1: Data Tx: 10214691 KiB
	 Link 1: Data Rx: 10062075 KiB
	 Link 2: Data Tx: 9928068 KiB
	 Link 2: Data Rx: 10263967 KiB
	 Link 3: Data Tx: 9963697 KiB
	 Link 3: Data Rx: 10015767 KiB
	 Link 4: Data Tx: 10196132 KiB
	 Link 4: Data Rx: 10126192 KiB
	 Link 5: Data Tx: 10093237 KiB
	 Link 5: Data Rx: 10099543 KiB
	 Link 6: Data Tx: 10035958 KiB
	 Link 6: Data Rx: 10102526 KiB
	 Link 7: Data Tx: 10020590 KiB
	 Link 7: Data Rx: 9945458 KiB
	 Link 8: Data Tx: 10133802 KiB
	 Link 8: Data Rx: 10155087 KiB
	 Link 9: Data Tx: 10077823 KiB
	 Link 9: Data Rx: 10083915 KiB
	 Link 10: Data Tx: 10001702 KiB
	 Link 10: Data Rx: 10040812 KiB
	 Link 11: Data Tx: 10008795 KiB
	 Link 11: Data Rx: 10333823 KiB
	 Link 12: Data Tx: 9936915 KiB
	 Link 12: Data Rx: 9947855 KiB
	 Link 13: Data Tx: 9941985 KiB
	 Link 13: Data Rx: 9908627 KiB
	 Link 14: Data Tx: 10153672 KiB
	 Link 14: Data Rx: 10158152 KiB
	 Link 15: Data Tx: 10085278 KiB
	 Link 15: Data Rx: 10110576 KiB
	 Link 16: Data Tx: 10178225 KiB
	 Link 16: Data Rx: 10062221 KiB
	 Link 17: Data Tx: 10104501 KiB
	 Link 17: Data Rx: 10087089 KiB
GPU 2: NVIDIA B200 (UUID: GPU-df8b1d78-b06c-39a2-54f0-66b9fabf3a99)
	 Link 0: Data Tx: 10104608 KiB
	 Link 0: Data Rx: 10065586 KiB
	 Link 1: Data Tx: 10099119 KiB
	 Link 1: Data Rx: 10080571 KiB
	 Link 2: Data Tx: 9978786 KiB
	 Link 2: Data Rx: 10127561 KiB
	 Link 3: Data Tx: 10257368 KiB
	 Link 3: Data Rx: 10070395 KiB
	 Link 4: Data Tx: 10112170 KiB
	 Link 4: Data Rx: 10227953 KiB
	 Link 5: Data Tx: 10124583 KiB
	 Link 5: Data Rx: 10124400 KiB
	 Link 6: Data Tx: 10104639 KiB
	 Link 6: Data Rx: 10100570 KiB
	 Link 7: Data Tx: 10116756 KiB
	 Link 7: Data Rx: 9999705 KiB
	 Link 8: Data Tx: 10094430 KiB
	 Link 8: Data Rx: 10079363 KiB
	 Link 9: Data Tx: 10092101 KiB
	 Link 9: Data Rx: 10123549 KiB
	 Link 10: Data Tx: 10008249 KiB
	 Link 10: Data Rx: 10079384 KiB
	 Link 11: Data Tx: 9900025 KiB
	 Link 11: Data Rx: 10217046 KiB
	 Link 12: Data Tx: 9922363 KiB
	 Link 12: Data Rx: 9961073 KiB
	 Link 13: Data Tx: 9958544 KiB
	 Link 13: Data Rx: 9949535 KiB
	 Link 14: Data Tx: 10039192 KiB
	 Link 14: Data Rx: 10084130 KiB
	 Link 15: Data Tx: 10035170 KiB
	 Link 15: Data Rx: 10112318 KiB
	 Link 16: Data Tx: 10255479 KiB
	 Link 16: Data Rx: 10065948 KiB
	 Link 17: Data Tx: 10114171 KiB
	 Link 17: Data Rx: 10078208 KiB
GPU 3: NVIDIA B200 (UUID: GPU-705cc39e-af1d-c4c0-d97d-4155237646af)
	 Link 0: Data Tx: 10136637 KiB
	 Link 0: Data Rx: 10110886 KiB
	 Link 1: Data Tx: 10061936 KiB
	 Link 1: Data Rx: 10134559 KiB
	 Link 2: Data Tx: 10109680 KiB
	 Link 2: Data Rx: 10002119 KiB
	 Link 3: Data Tx: 10124966 KiB
	 Link 3: Data Rx: 9965149 KiB
	 Link 4: Data Tx: 10317163 KiB
	 Link 4: Data Rx: 10141802 KiB
	 Link 5: Data Tx: 10245271 KiB
	 Link 5: Data Rx: 10090879 KiB
	 Link 6: Data Tx: 10110953 KiB
	 Link 6: Data Rx: 10094273 KiB
	 Link 7: Data Tx: 10418780 KiB
	 Link 7: Data Rx: 10036910 KiB
	 Link 8: Data Tx: 10115174 KiB
	 Link 8: Data Rx: 10096006 KiB
	 Link 9: Data Tx: 10066390 KiB
	 Link 9: Data Rx: 10109088 KiB
	 Link 10: Data Tx: 10029657 KiB
	 Link 10: Data Rx: 10082945 KiB
	 Link 11: Data Tx: 10121747 KiB
	 Link 11: Data Rx: 10329482 KiB
	 Link 12: Data Tx: 9940545 KiB
	 Link 12: Data Rx: 9983448 KiB
	 Link 13: Data Tx: 9957628 KiB
	 Link 13: Data Rx: 9975048 KiB
	 Link 14: Data Tx: 10209562 KiB
	 Link 14: Data Rx: 10109035 KiB
	 Link 15: Data Tx: 10172691 KiB
	 Link 15: Data Rx: 10073826 KiB
	 Link 16: Data Tx: 10066900 KiB
	 Link 16: Data Rx: 10087545 KiB
	 Link 17: Data Tx: 10051859 KiB
	 Link 17: Data Rx: 10112202 KiB
