started_utc=2026-07-22T17:43:49.709119361Z
command= bash -c $'\n    set -euo pipefail\n    for capability in r w n; do\n      printf "capability=%s\\n" "$capability"\n      nvidia-smi topo -p2p "$capability"\n    done\n  '
timeout_seconds=1800
capability=r
 	[4mGPU0	GPU1	GPU2	GPU3	[0m
 GPU0	X	OK	OK	OK	
 GPU1	OK	X	OK	OK	
 GPU2	OK	OK	X	OK	
 GPU3	OK	OK	OK	X	

Legend:

  X    = Self
  OK   = Status Ok
  CNS  = Chipset not supported
  GNS  = GPU not supported
  TNS  = Topology not supported
  NS   = Not supported
  DR   = Disabled by regkey
  U    = Unknown
capability=w
 	[4mGPU0	GPU1	GPU2	GPU3	[0m
 GPU0	X	OK	OK	OK	
 GPU1	OK	X	OK	OK	
 GPU2	OK	OK	X	OK	
 GPU3	OK	OK	OK	X	

Legend:

  X    = Self
  OK   = Status Ok
  CNS  = Chipset not supported
  GNS  = GPU not supported
  TNS  = Topology not supported
  NS   = Not supported
  DR   = Disabled by regkey
  U    = Unknown
capability=n
 	[4mGPU0	GPU1	GPU2	GPU3	[0m
 GPU0	X	OK	OK	OK	
 GPU1	OK	X	OK	OK	
 GPU2	OK	OK	X	OK	
 GPU3	OK	OK	OK	X	

Legend:

  X    = Self
  OK   = Status Ok
  CNS  = Chipset not supported
  GNS  = GPU not supported
  TNS  = Topology not supported
  NS   = Not supported
  DR   = Disabled by regkey
  U    = Unknown
