started_utc=2026-07-22T18:19:35.388410033Z
command= nvidia-smi nvlink --getthroughput d
timeout_seconds=1800
GPU 0: NVIDIA B200 (UUID: GPU-30b619de-87f2-1862-0d07-a595da8fe417)
	 Link 0: Data Tx: 22799970 KiB
	 Link 0: Data Rx: 21961722 KiB
	 Link 1: Data Tx: 22253001 KiB
	 Link 1: Data Rx: 22252531 KiB
	 Link 2: Data Tx: 22006672 KiB
	 Link 2: Data Rx: 22251845 KiB
	 Link 3: Data Tx: 22029103 KiB
	 Link 3: Data Rx: 22313157 KiB
	 Link 4: Data Tx: 22235675 KiB
	 Link 4: Data Rx: 22238864 KiB
	 Link 5: Data Tx: 22224419 KiB
	 Link 5: Data Rx: 22212633 KiB
	 Link 6: Data Tx: 22150249 KiB
	 Link 6: Data Rx: 22264551 KiB
	 Link 7: Data Tx: 22351279 KiB
	 Link 7: Data Rx: 21963736 KiB
	 Link 8: Data Tx: 22079880 KiB
	 Link 8: Data Rx: 21880455 KiB
	 Link 9: Data Tx: 22354873 KiB
	 Link 9: Data Rx: 21862616 KiB
	 Link 10: Data Tx: 22005688 KiB
	 Link 10: Data Rx: 22038416 KiB
	 Link 11: Data Tx: 21989603 KiB
	 Link 11: Data Rx: 23041742 KiB
	 Link 12: Data Tx: 21915130 KiB
	 Link 12: Data Rx: 21966849 KiB
	 Link 13: Data Tx: 21919327 KiB
	 Link 13: Data Rx: 22269055 KiB
	 Link 14: Data Tx: 22217952 KiB
	 Link 14: Data Rx: 22176045 KiB
	 Link 15: Data Tx: 22214450 KiB
	 Link 15: Data Rx: 22195790 KiB
	 Link 16: Data Tx: 22199821 KiB
	 Link 16: Data Rx: 22182144 KiB
	 Link 17: Data Tx: 22176023 KiB
	 Link 17: Data Rx: 22200790 KiB
GPU 1: NVIDIA B200 (UUID: GPU-5b9be10b-5bfc-b658-9b31-f7ae8516dc54)
	 Link 0: Data Tx: 22414498 KiB
	 Link 0: Data Rx: 22085669 KiB
	 Link 1: Data Tx: 22449334 KiB
	 Link 1: Data Rx: 22113354 KiB
	 Link 2: Data Tx: 21853041 KiB
	 Link 2: Data Rx: 22302182 KiB
	 Link 3: Data Tx: 22015681 KiB
	 Link 3: Data Rx: 21948701 KiB
	 Link 4: Data Tx: 22361103 KiB
	 Link 4: Data Rx: 22203111 KiB
	 Link 5: Data Tx: 22098857 KiB
	 Link 5: Data Rx: 22164256 KiB
	 Link 6: Data Tx: 22031597 KiB
	 Link 6: Data Rx: 22199697 KiB
	 Link 7: Data Tx: 21999474 KiB
	 Link 7: Data Rx: 21862257 KiB
	 Link 8: Data Tx: 22224429 KiB
	 Link 8: Data Rx: 22218400 KiB
	 Link 9: Data Tx: 22158474 KiB
	 Link 9: Data Rx: 22135180 KiB
	 Link 10: Data Tx: 22019997 KiB
	 Link 10: Data Rx: 22094625 KiB
	 Link 11: Data Tx: 22137254 KiB
	 Link 11: Data Rx: 22838243 KiB
	 Link 12: Data Tx: 21852563 KiB
	 Link 12: Data Rx: 21873519 KiB
	 Link 13: Data Tx: 21889400 KiB
	 Link 13: Data Rx: 21819261 KiB
	 Link 14: Data Tx: 22197920 KiB
	 Link 14: Data Rx: 22275660 KiB
	 Link 15: Data Tx: 22127189 KiB
	 Link 15: Data Rx: 22204223 KiB
	 Link 16: Data Tx: 22288698 KiB
	 Link 16: Data Rx: 22111729 KiB
	 Link 17: Data Tx: 22218304 KiB
	 Link 17: Data Rx: 22140557 KiB
GPU 2: NVIDIA B200 (UUID: GPU-df8b1d78-b06c-39a2-54f0-66b9fabf3a99)
	 Link 0: Data Tx: 22214485 KiB
	 Link 0: Data Rx: 22120594 KiB
	 Link 1: Data Tx: 22200281 KiB
	 Link 1: Data Rx: 22126165 KiB
	 Link 2: Data Tx: 21884874 KiB
	 Link 2: Data Rx: 22070146 KiB
	 Link 3: Data Tx: 22524633 KiB
	 Link 3: Data Rx: 22065595 KiB
	 Link 4: Data Tx: 22230215 KiB
	 Link 4: Data Rx: 22321972 KiB
	 Link 5: Data Tx: 22239704 KiB
	 Link 5: Data Rx: 22187864 KiB
	 Link 6: Data Tx: 22183579 KiB
	 Link 6: Data Rx: 22162733 KiB
	 Link 7: Data Tx: 22206652 KiB
	 Link 7: Data Rx: 21986355 KiB
	 Link 8: Data Tx: 22194764 KiB
	 Link 8: Data Rx: 22106800 KiB
	 Link 9: Data Tx: 22187740 KiB
	 Link 9: Data Rx: 22211819 KiB
	 Link 10: Data Tx: 21939374 KiB
	 Link 10: Data Rx: 22146637 KiB
	 Link 11: Data Tx: 21768537 KiB
	 Link 11: Data Rx: 22646541 KiB
	 Link 12: Data Tx: 21802486 KiB
	 Link 12: Data Rx: 21888192 KiB
	 Link 13: Data Tx: 21865134 KiB
	 Link 13: Data Rx: 21873021 KiB
	 Link 14: Data Tx: 22078529 KiB
	 Link 14: Data Rx: 22151860 KiB
	 Link 15: Data Tx: 22075865 KiB
	 Link 15: Data Rx: 22204938 KiB
	 Link 16: Data Tx: 22532896 KiB
	 Link 16: Data Rx: 22119031 KiB
	 Link 17: Data Tx: 22210866 KiB
	 Link 17: Data Rx: 22132705 KiB
GPU 3: NVIDIA B200 (UUID: GPU-705cc39e-af1d-c4c0-d97d-4155237646af)
	 Link 0: Data Tx: 22157389 KiB
	 Link 0: Data Rx: 22223010 KiB
	 Link 1: Data Tx: 22079942 KiB
	 Link 1: Data Rx: 22277541 KiB
	 Link 2: Data Tx: 22049749 KiB
	 Link 2: Data Rx: 21949974 KiB
	 Link 3: Data Tx: 22218175 KiB
	 Link 3: Data Rx: 21899409 KiB
	 Link 4: Data Tx: 22674509 KiB
	 Link 4: Data Rx: 22194226 KiB
	 Link 5: Data Tx: 22450609 KiB
	 Link 5: Data Rx: 22158750 KiB
	 Link 6: Data Tx: 22212719 KiB
	 Link 6: Data Rx: 22180415 KiB
	 Link 7: Data Tx: 22529015 KiB
	 Link 7: Data Rx: 22054997 KiB
	 Link 8: Data Tx: 22136408 KiB
	 Link 8: Data Rx: 22170759 KiB
	 Link 9: Data Tx: 22093538 KiB
	 Link 9: Data Rx: 22208624 KiB
	 Link 10: Data Tx: 22043072 KiB
	 Link 10: Data Rx: 22148724 KiB
	 Link 11: Data Tx: 22241626 KiB
	 Link 11: Data Rx: 22837923 KiB
	 Link 12: Data Tx: 21838258 KiB
	 Link 12: Data Rx: 21931020 KiB
	 Link 13: Data Tx: 21889028 KiB
	 Link 13: Data Rx: 21918551 KiB
	 Link 14: Data Tx: 22383315 KiB
	 Link 14: Data Rx: 22214287 KiB
	 Link 15: Data Tx: 22343246 KiB
	 Link 15: Data Rx: 22155798 KiB
	 Link 16: Data Tx: 22091909 KiB
	 Link 16: Data Rx: 22192358 KiB
	 Link 17: Data Tx: 22087350 KiB
	 Link 17: Data Rx: 22218490 KiB
